2021-12-24 00:34:50,012 => ERROR NA.PMS.Common.Logger.LogService.LogError():97 - Global Exception
System.InvalidOperationException: Multiple types were found that match the controller named 'Account'. This can happen if the route that services this request ('{controller}/{action}/{id}') does not specify namespaces to search for a controller that matches the request. If this is the case, register this route by calling an overload of the 'MapRoute' method that takes a 'namespaces' parameter.

The request for 'Account' has found the following matching controllers:
NA.PMS.Web.Areas.Admin.Controllers.AccountController
NA.PMS.Web.Controllers.AccountController
   at System.Web.Mvc.DefaultControllerFactory.GetControllerTypeWithinNamespaces(RouteBase route, String controllerName, HashSet`1 namespaces)
   at System.Web.Mvc.DefaultControllerFactory.GetControllerType(RequestContext requestContext, String controllerName)
   at System.Web.Mvc.DefaultControllerFactory.System.Web.Mvc.IControllerFactory.GetControllerSessionBehavior(RequestContext requestContext, String controllerName)
   at System.Web.Mvc.MvcRouteHandler.GetSessionStateBehavior(RequestContext requestContext)
   at System.Web.Mvc.MvcRouteHandler.GetHttpHandler(RequestContext requestContext)
   at System.Web.Mvc.MvcRouteHandler.System.Web.Routing.IRouteHandler.GetHttpHandler(RequestContext requestContext)
   at System.Web.Routing.UrlRoutingModule.PostResolveRequestCache(HttpContextBase context)
   at System.Web.Routing.UrlRoutingModule.OnApplicationPostResolveRequestCache(Object sender, EventArgs e)
   at System.Web.HttpApplication.SyncEventExecutionStep.System.Web.HttpApplication.IExecutionStep.Execute()
   at System.Web.HttpApplication.ExecuteStepImpl(IExecutionStep step)
   at System.Web.HttpApplication.ExecuteStep(IExecutionStep step, Boolean& completedSynchronously)
2021-12-24 00:48:20,077 => INFO  NA.PMS.Common.Logger.LogService.LogInformation():24 - Executing Action: Login on Controller: Account For User : skumar.
2021-12-24 00:48:20,317 => INFO  NA.PMS.Common.Logger.LogService.LogInformation():24 - Executed Action: Login on Controller: Account For User : skumar.
2021-12-24 00:48:38,791 => INFO  NA.PMS.Common.Logger.LogService.LogInformation():24 - Executing Action: Login on Controller: Account For User : skumar.
2021-12-24 00:48:48,135 => INFO  NA.PMS.Common.Logger.LogService.LogInformation():24 - Executed Action: Login on Controller: Account For User : skumar.
2021-12-24 00:48:48,203 => INFO  NA.PMS.Common.Logger.LogService.LogInformation():24 - Executing Action: Login on Controller: Account For User : skumar.
2021-12-24 00:48:48,216 => INFO  NA.PMS.Common.Logger.LogService.LogInformation():24 - Executed Action: Login on Controller: Account For User : skumar.
2021-12-24 00:48:49,161 => INFO  NA.PMS.Common.Logger.LogService.LogInformation():24 - Executing Action: LoginAfterVerifyOTP on Controller: Account For User : skumar.
2021-12-24 00:48:50,125 => INFO  NA.PMS.Common.Logger.LogService.LogInformation():24 - Executed Action: LoginAfterVerifyOTP on Controller: Account For User : skumar.
2021-12-24 00:48:52,265 => INFO  NA.PMS.Common.Logger.LogService.LogInformation():24 - Executing Action: GetDepartmentForAdvanceSearch on Controller: PropertyAllotment For User : skumar.
2021-12-24 00:48:52,346 => INFO  NA.PMS.Common.Logger.LogService.LogInformation():24 - Executed Action: GetDepartmentForAdvanceSearch on Controller: PropertyAllotment For User : skumar.
2021-12-24 00:50:12,986 => INFO  NA.PMS.Common.Logger.LogService.LogInformation():24 - Executing Action: Dashboard on Controller: Authority For User : skumar.
2021-12-24 00:50:13,001 => INFO  NA.PMS.Common.Logger.LogService.LogInformation():24 - Executed Action: Dashboard on Controller: Authority For User : skumar.
2021-12-24 00:50:26,146 => INFO  NA.PMS.Common.Logger.LogService.LogInformation():24 - Executing Action: GetKYADetailStatusList on Controller: Authority For User : skumar.
2021-12-24 00:50:27,059 => INFO  NA.PMS.Common.Logger.LogService.LogInformation():24 - Executed Action: GetKYADetailStatusList on Controller: Authority For User : skumar.
2021-12-24 00:50:27,394 => INFO  NA.PMS.Common.Logger.LogService.LogInformation():24 - Executing Action: GetServiceReportsAsDataSource on Controller: Report For User : skumar.
2021-12-24 00:50:27,653 => INFO  NA.PMS.Common.Logger.LogService.LogInformation():24 - Executed Action: GetServiceReportsAsDataSource on Controller: Report For User : skumar.
2021-12-24 00:50:27,877 => INFO  NA.PMS.Common.Logger.LogService.LogInformation():24 - Executing Action: GetServiceTimelineReportsAsDataSource on Controller: Report For User : skumar.
2021-12-24 00:50:28,671 => INFO  NA.PMS.Common.Logger.LogService.LogInformation():24 - Executed Action: GetServiceTimelineReportsAsDataSource on Controller: Report For User : skumar.
2021-12-24 00:50:28,890 => INFO  NA.PMS.Common.Logger.LogService.LogInformation():24 - Executing Action: GetServiceTimelineReportsAsDataSource on Controller: Report For User : skumar.
2021-12-24 00:50:28,958 => INFO  NA.PMS.Common.Logger.LogService.LogInformation():24 - Executed Action: GetServiceTimelineReportsAsDataSource on Controller: Report For User : skumar.
2021-12-24 00:50:29,163 => INFO  NA.PMS.Common.Logger.LogService.LogInformation():24 - Executing Action: GetServiceTimelineReportsAsDataSource on Controller: Report For User : skumar.
2021-12-24 00:50:29,374 => INFO  NA.PMS.Common.Logger.LogService.LogInformation():24 - Executed Action: GetServiceTimelineReportsAsDataSource on Controller: Report For User : skumar.
2021-12-24 00:50:29,601 => INFO  NA.PMS.Common.Logger.LogService.LogInformation():24 - Executing Action: GetCitizenCharterTimelineList on Controller: Report For User : skumar.
2021-12-24 00:50:29,766 => INFO  NA.PMS.Common.Logger.LogService.LogInformation():24 - Executed Action: GetCitizenCharterTimelineList on Controller: Report For User : skumar.
2021-12-24 00:50:29,936 => INFO  NA.PMS.Common.Logger.LogService.LogInformation():24 - Executing Action: GetDepartmentList on Controller: Finance For User : skumar.
2021-12-24 00:50:30,057 => INFO  NA.PMS.Common.Logger.LogService.LogInformation():24 - Executed Action: GetDepartmentList on Controller: Finance For User : skumar.
2021-12-24 00:50:30,256 => INFO  NA.PMS.Common.Logger.LogService.LogInformation():24 - Executing Action: GetChallanReportsForGraph on Controller: Authority For User : skumar.
2021-12-24 00:50:31,172 => INFO  NA.PMS.Common.Logger.LogService.LogInformation():24 - Executed Action: GetChallanReportsForGraph on Controller: Authority For User : skumar.
2021-12-24 00:50:31,340 => INFO  NA.PMS.Common.Logger.LogService.LogInformation():24 - Executing Action: GetAlloteeListByDueDate on Controller: Payment For User : skumar.
2021-12-24 00:50:32,332 => INFO  NA.PMS.Common.Logger.LogService.LogInformation():24 - Executed Action: GetAlloteeListByDueDate on Controller: Payment For User : skumar.
2021-12-24 00:50:32,459 => INFO  NA.PMS.Common.Logger.LogService.LogInformation():24 - Executing Action: GetAlloteeListByDueDate on Controller: Payment For User : skumar.
2021-12-24 00:50:33,085 => INFO  NA.PMS.Common.Logger.LogService.LogInformation():24 - Executed Action: GetAlloteeListByDueDate on Controller: Payment For User : skumar.
2021-12-24 00:50:33,237 => INFO  NA.PMS.Common.Logger.LogService.LogInformation():24 - Executing Action: GetUsersDepartmentListAsDataSource on Controller: ServiceRequest For User : skumar.
2021-12-24 00:50:33,331 => INFO  NA.PMS.Common.Logger.LogService.LogInformation():24 - Executed Action: GetUsersDepartmentListAsDataSource on Controller: ServiceRequest For User : skumar.
2021-12-24 00:50:33,541 => INFO  NA.PMS.Common.Logger.LogService.LogInformation():24 - Executing Action: GetDemandAndNDCListByDepartmentAsDataSource on Controller: Authority For User : skumar.
2021-12-24 00:50:33,799 => INFO  NA.PMS.Common.Logger.LogService.LogInformation():24 - Executed Action: GetDemandAndNDCListByDepartmentAsDataSource on Controller: Authority For User : skumar.
2021-12-24 00:50:34,007 => INFO  NA.PMS.Common.Logger.LogService.LogInformation():24 - Executing Action: GetKYAFormListCount on Controller: Authority For User : skumar.
2021-12-24 00:50:34,339 => INFO  NA.PMS.Common.Logger.LogService.LogInformation():24 - Executed Action: GetKYAFormListCount on Controller: Authority For User : skumar.
2021-12-24 00:50:34,546 => INFO  NA.PMS.Common.Logger.LogService.LogInformation():24 - Executing Action: GetKYAFormListCount on Controller: Authority For User : skumar.
2021-12-24 00:50:34,654 => INFO  NA.PMS.Common.Logger.LogService.LogInformation():24 - Executed Action: GetKYAFormListCount on Controller: Authority For User : skumar.
2021-12-24 00:50:34,852 => INFO  NA.PMS.Common.Logger.LogService.LogInformation():24 - Executing Action: GetAverageApprovedForm on Controller: Authority For User : skumar.
2021-12-24 00:50:35,021 => INFO  NA.PMS.Common.Logger.LogService.LogInformation():24 - Executed Action: GetAverageApprovedForm on Controller: Authority For User : skumar.
2021-12-24 00:50:35,199 => INFO  NA.PMS.Common.Logger.LogService.LogInformation():24 - Executing Action: GetChallanReportsForGraph on Controller: Authority For User : skumar.
2021-12-24 00:50:35,339 => INFO  NA.PMS.Common.Logger.LogService.LogInformation():24 - Executed Action: GetChallanReportsForGraph on Controller: Authority For User : skumar.
2021-12-24 00:50:35,567 => INFO  NA.PMS.Common.Logger.LogService.LogInformation():24 - Executing Action: GetServiceReportsForGraphII on Controller: Report For User : skumar.
2021-12-24 00:50:36,668 => INFO  NA.PMS.Common.Logger.LogService.LogInformation():24 - Executed Action: GetServiceReportsForGraphII on Controller: Report For User : skumar.
2021-12-24 00:50:36,898 => INFO  NA.PMS.Common.Logger.LogService.LogInformation():24 - Executing Action: GetServiceReportsForGraphII on Controller: Report For User : skumar.
2021-12-24 00:50:37,130 => INFO  NA.PMS.Common.Logger.LogService.LogInformation():24 - Executed Action: GetServiceReportsForGraphII on Controller: Report For User : skumar.
2021-12-24 00:50:37,348 => INFO  NA.PMS.Common.Logger.LogService.LogInformation():24 - Executing Action: GetServiceReportsForGraphII on Controller: Report For User : skumar.
2021-12-24 00:50:37,452 => INFO  NA.PMS.Common.Logger.LogService.LogInformation():24 - Executed Action: GetServiceReportsForGraphII on Controller: Report For User : skumar.
2021-12-24 00:50:37,693 => INFO  NA.PMS.Common.Logger.LogService.LogInformation():24 - Executing Action: GetServiceReportsForGraphII on Controller: Report For User : skumar.
2021-12-24 00:50:37,850 => INFO  NA.PMS.Common.Logger.LogService.LogInformation():24 - Executed Action: GetServiceReportsForGraphII on Controller: Report For User : skumar.
2021-12-24 00:50:38,071 => INFO  NA.PMS.Common.Logger.LogService.LogInformation():24 - Executing Action: GetServiceReportsForGraphII on Controller: Report For User : skumar.
2021-12-24 00:50:38,350 => INFO  NA.PMS.Common.Logger.LogService.LogInformation():24 - Executed Action: GetServiceReportsForGraphII on Controller: Report For User : skumar.
2021-12-24 00:50:38,577 => INFO  NA.PMS.Common.Logger.LogService.LogInformation():24 - Executing Action: GetServiceReportsForGraphII on Controller: Report For User : skumar.
2021-12-24 00:50:38,715 => INFO  NA.PMS.Common.Logger.LogService.LogInformation():24 - Executed Action: GetServiceReportsForGraphII on Controller: Report For User : skumar.
2021-12-24 00:50:38,919 => INFO  NA.PMS.Common.Logger.LogService.LogInformation():24 - Executing Action: GetServiceReportsForGraphII on Controller: Report For User : skumar.
2021-12-24 00:50:39,537 => INFO  NA.PMS.Common.Logger.LogService.LogInformation():24 - Executed Action: GetServiceReportsForGraphII on Controller: Report For User : skumar.
2021-12-24 00:50:39,778 => INFO  NA.PMS.Common.Logger.LogService.LogInformation():24 - Executing Action: GetServiceReportsForGraphII on Controller: Report For User : skumar.
2021-12-24 00:50:40,046 => INFO  NA.PMS.Common.Logger.LogService.LogInformation():24 - Executed Action: GetServiceReportsForGraphII on Controller: Report For User : skumar.
2021-12-24 00:50:40,253 => INFO  NA.PMS.Common.Logger.LogService.LogInformation():24 - Executing Action: GetNDCAndDemandReportsForGraph on Controller: Authority For User : skumar.
2021-12-24 00:50:40,380 => INFO  NA.PMS.Common.Logger.LogService.LogInformation():24 - Executed Action: GetNDCAndDemandReportsForGraph on Controller: Authority For User : skumar.
2021-12-24 00:50:40,618 => INFO  NA.PMS.Common.Logger.LogService.LogInformation():24 - Executing Action: GetHTMLServiceReport on Controller: Report For User : skumar.
2021-12-24 00:50:47,932 => INFO  NA.PMS.Common.Logger.LogService.LogInformation():24 - Executed Action: GetHTMLServiceReport on Controller: Report For User : skumar.
2021-12-24 00:50:48,077 => INFO  NA.PMS.Common.Logger.LogService.LogInformation():24 - Executing Action: GetAlloteeListByDueDate on Controller: Payment For User : skumar.
2021-12-24 00:50:48,603 => INFO  NA.PMS.Common.Logger.LogService.LogInformation():24 - Executed Action: GetAlloteeListByDueDate on Controller: Payment For User : skumar.
2021-12-24 00:50:48,725 => INFO  NA.PMS.Common.Logger.LogService.LogInformation():24 - Executing Action: GetDefaulterList on Controller: Payment For User : skumar.
2021-12-24 00:50:49,396 => INFO  NA.PMS.Common.Logger.LogService.LogInformation():24 - Executed Action: GetDefaulterList on Controller: Payment For User : skumar.
2021-12-24 00:50:49,603 => INFO  NA.PMS.Common.Logger.LogService.LogInformation():24 - Executing Action: GetServiceTimelineReportsAsDataSource on Controller: Report For User : skumar.
2021-12-24 00:50:49,679 => INFO  NA.PMS.Common.Logger.LogService.LogInformation():24 - Executed Action: GetServiceTimelineReportsAsDataSource on Controller: Report For User : skumar.
2021-12-24 00:50:49,907 => INFO  NA.PMS.Common.Logger.LogService.LogInformation():24 - Executing Action: GetServiceTimelineReportsAsDataSource on Controller: Report For User : skumar.
2021-12-24 00:50:50,020 => INFO  NA.PMS.Common.Logger.LogService.LogInformation():24 - Executed Action: GetServiceTimelineReportsAsDataSource on Controller: Report For User : skumar.
2021-12-24 00:50:50,244 => INFO  NA.PMS.Common.Logger.LogService.LogInformation():24 - Executing Action: GetHTMLServiceReportLetter on Controller: Report For User : skumar.
2021-12-24 00:51:02,117 => INFO  NA.PMS.Common.Logger.LogService.LogInformation():24 - Executed Action: GetHTMLServiceReportLetter on Controller: Report For User : skumar.
2021-12-24 00:51:02,435 => INFO  NA.PMS.Common.Logger.LogService.LogInformation():24 - Executing Action: GetServiceReportsAsDataSource on Controller: Report For User : skumar.
2021-12-24 00:51:02,619 => INFO  NA.PMS.Common.Logger.LogService.LogInformation():24 - Executed Action: GetServiceReportsAsDataSource on Controller: Report For User : skumar.
2021-12-24 00:51:03,478 => INFO  NA.PMS.Common.Logger.LogService.LogInformation():24 - Executing Action: GetKYAFormListCount on Controller: Authority For User : skumar.
2021-12-24 00:51:03,597 => INFO  NA.PMS.Common.Logger.LogService.LogInformation():24 - Executed Action: GetKYAFormListCount on Controller: Authority For User : skumar.
2021-12-24 00:51:03,971 => INFO  NA.PMS.Common.Logger.LogService.LogInformation():24 - Executing Action: GetServiceReportsAsDataSource on Controller: Report For User : skumar.
2021-12-24 00:51:04,123 => INFO  NA.PMS.Common.Logger.LogService.LogInformation():24 - Executed Action: GetServiceReportsAsDataSource on Controller: Report For User : skumar.
2021-12-24 00:51:04,579 => INFO  NA.PMS.Common.Logger.LogService.LogInformation():24 - Executing Action: GetServiceTimelineReportsAsDataSource on Controller: Report For User : skumar.
2021-12-24 00:51:05,033 => INFO  NA.PMS.Common.Logger.LogService.LogInformation():24 - Executed Action: GetServiceTimelineReportsAsDataSource on Controller: Report For User : skumar.
2021-12-24 00:51:05,268 => INFO  NA.PMS.Common.Logger.LogService.LogInformation():24 - Executing Action: GetNDCAndDemandReportsForGraph on Controller: Authority For User : skumar.
2021-12-24 00:51:05,406 => INFO  NA.PMS.Common.Logger.LogService.LogInformation():24 - Executed Action: GetNDCAndDemandReportsForGraph on Controller: Authority For User : skumar.
