2021-04-22 15:06:45,553 => INFO  NA.PMS.Common.Logger.LogService.LogInformation():24 - Executing Action: Login on Controller: Account For User : .
2021-04-22 15:06:46,290 => INFO  NA.PMS.Common.Logger.LogService.LogInformation():24 - Executed Action: Login on Controller: Account For User : .
2021-04-22 15:07:35,053 => INFO  NA.PMS.Common.Logger.LogService.LogInformation():24 - Executing Action: Login on Controller: Account For User : .
2021-04-22 15:07:47,474 => INFO  NA.PMS.Common.Logger.LogService.LogInformation():24 - Executed Action: Login on Controller: Account For User : .
2021-04-22 15:07:47,627 => INFO  NA.PMS.Common.Logger.LogService.LogInformation():24 - Executing Action: Login on Controller: Account For User : svamadmin.
2021-04-22 15:07:47,688 => INFO  NA.PMS.Common.Logger.LogService.LogInformation():24 - Executed Action: Login on Controller: Account For User : svamadmin.
2021-04-22 15:07:55,156 => INFO  NA.PMS.Common.Logger.LogService.LogInformation():24 - Executing Action: LoginAfterVerifyOTP on Controller: Account For User : svamadmin.
2021-04-22 15:08:02,077 => INFO  NA.PMS.Common.Logger.LogService.LogInformation():24 - Executed Action: LoginAfterVerifyOTP on Controller: Account For User : svamadmin.
2021-04-22 15:08:05,374 => INFO  NA.PMS.Common.Logger.LogService.LogInformation():24 - Executing Action: Login on Controller: Account For User : svamadmin.
2021-04-22 15:08:05,473 => INFO  NA.PMS.Common.Logger.LogService.LogInformation():24 - Executed Action: Login on Controller: Account For User : svamadmin.
2021-04-22 15:08:53,949 => INFO  NA.PMS.Common.Logger.LogService.LogInformation():24 - Executing Action: Logout on Controller: Account For User : svamadmin.
2021-04-22 15:08:54,006 => INFO  NA.PMS.Common.Logger.LogService.LogInformation():24 - Executed Action: Logout on Controller: Account For User : svamadmin.
2021-04-22 15:08:59,349 => INFO  NA.PMS.Common.Logger.LogService.LogInformation():24 - Executing Action: login on Controller: Account For User : svamadmin.
2021-04-22 15:08:59,399 => INFO  NA.PMS.Common.Logger.LogService.LogInformation():24 - Executed Action: login on Controller: Account For User : svamadmin.
2021-04-22 15:09:18,712 => INFO  NA.PMS.Common.Logger.LogService.LogInformation():24 - Executing Action: Login on Controller: Account For User : svamadmin.
2021-04-22 15:09:18,893 => INFO  NA.PMS.Common.Logger.LogService.LogInformation():24 - Executed Action: Login on Controller: Account For User : svamadmin.
2021-04-22 15:09:29,944 => INFO  NA.PMS.Common.Logger.LogService.LogInformation():24 - Executing Action: Login on Controller: Account For User : svamadmin.
2021-04-22 15:09:30,084 => INFO  NA.PMS.Common.Logger.LogService.LogInformation():24 - Executed Action: Login on Controller: Account For User : svamadmin.
2021-04-22 15:09:49,194 => INFO  NA.PMS.Common.Logger.LogService.LogInformation():24 - Executing Action: Login on Controller: Account For User : svamadmin.
2021-04-22 15:09:49,495 => INFO  NA.PMS.Common.Logger.LogService.LogInformation():24 - Executed Action: Login on Controller: Account For User : svamadmin.
2021-04-22 15:12:11,512 => INFO  NA.PMS.Common.Logger.LogService.LogInformation():24 - Executing Action: Login on Controller: Account For User : svamadmin.
2021-04-22 15:12:11,558 => INFO  NA.PMS.Common.Logger.LogService.LogInformation():24 - Executed Action: Login on Controller: Account For User : svamadmin.
2021-04-22 15:12:26,345 => INFO  NA.PMS.Common.Logger.LogService.LogInformation():24 - Executing Action: Login on Controller: Account For User : svamadmin.
2021-04-22 15:12:27,875 => INFO  NA.PMS.Common.Logger.LogService.LogInformation():24 - Executed Action: Login on Controller: Account For User : svamadmin.
2021-04-22 15:14:05,432 => INFO  NA.PMS.Common.Logger.LogService.LogInformation():24 - Executing Action: Login on Controller: Account For User : skumar.
2021-04-22 15:14:05,454 => INFO  NA.PMS.Common.Logger.LogService.LogInformation():24 - Executed Action: Login on Controller: Account For User : skumar.
2021-04-22 15:14:12,329 => INFO  NA.PMS.Common.Logger.LogService.LogInformation():24 - Executing Action: Login on Controller: Account For User : skumar.
2021-04-22 15:14:12,357 => INFO  NA.PMS.Common.Logger.LogService.LogInformation():24 - Executed Action: Login on Controller: Account For User : skumar.
2021-04-22 15:14:48,841 => INFO  NA.PMS.Common.Logger.LogService.LogInformation():24 - Executing Action: Login on Controller: Account For User : skumar.
2021-04-22 15:14:51,594 => INFO  NA.PMS.Common.Logger.LogService.LogInformation():24 - Executed Action: Login on Controller: Account For User : skumar.
2021-04-22 15:14:51,636 => INFO  NA.PMS.Common.Logger.LogService.LogInformation():24 - Executing Action: Login on Controller: Account For User : skumar.
2021-04-22 15:14:51,651 => INFO  NA.PMS.Common.Logger.LogService.LogInformation():24 - Executed Action: Login on Controller: Account For User : skumar.
2021-04-22 15:14:57,270 => INFO  NA.PMS.Common.Logger.LogService.LogInformation():24 - Executing Action: LoginAfterVerifyOTP on Controller: Account For User : skumar.
2021-04-22 15:14:59,984 => INFO  NA.PMS.Common.Logger.LogService.LogInformation():24 - Executed Action: LoginAfterVerifyOTP on Controller: Account For User : skumar.
2021-04-22 15:15:02,695 => INFO  NA.PMS.Common.Logger.LogService.LogInformation():24 - Executing Action: GetDepartmentForAdvanceSearch on Controller: PropertyAllotment For User : skumar.
2021-04-22 15:15:02,850 => INFO  NA.PMS.Common.Logger.LogService.LogInformation():24 - Executed Action: GetDepartmentForAdvanceSearch on Controller: PropertyAllotment For User : skumar.
2021-04-22 15:15:06,558 => INFO  NA.PMS.Common.Logger.LogService.LogInformation():24 - Executing Action: GenerateLetter on Controller: Report For User : skumar.
2021-04-22 15:15:06,583 => INFO  NA.PMS.Common.Logger.LogService.LogInformation():24 - Executed Action: GenerateLetter on Controller: Report For User : skumar.
2021-04-22 15:15:27,483 => INFO  NA.PMS.Common.Logger.LogService.LogInformation():24 - Executing Action: GetDepartmentList on Controller: Report For User : skumar.
2021-04-22 15:15:27,867 => INFO  NA.PMS.Common.Logger.LogService.LogInformation():24 - Executed Action: GetDepartmentList on Controller: Report For User : skumar.
2021-04-22 15:16:04,328 => INFO  NA.PMS.Common.Logger.LogService.LogInformation():24 - Executing Action: GetLettersTemplateByDepartment on Controller: Report For User : skumar.
2021-04-22 15:16:04,462 => INFO  NA.PMS.Common.Logger.LogService.LogInformation():24 - Executed Action: GetLettersTemplateByDepartment on Controller: Report For User : skumar.
2021-04-22 15:16:04,856 => INFO  NA.PMS.Common.Logger.LogService.LogInformation():24 - Executing Action: GetLettersTemplateByDepartment on Controller: Report For User : skumar.
2021-04-22 15:16:04,945 => INFO  NA.PMS.Common.Logger.LogService.LogInformation():24 - Executed Action: GetLettersTemplateByDepartment on Controller: Report For User : skumar.
2021-04-22 15:16:05,784 => INFO  NA.PMS.Common.Logger.LogService.LogInformation():24 - Executing Action: GetRegistrationNoByDepartment on Controller: Report For User : skumar.
2021-04-22 15:16:08,842 => INFO  NA.PMS.Common.Logger.LogService.LogInformation():24 - Executed Action: GetRegistrationNoByDepartment on Controller: Report For User : skumar.
2021-04-22 15:16:09,678 => INFO  NA.PMS.Common.Logger.LogService.LogInformation():24 - Executing Action: GetRegistrationNoByDepartment on Controller: Report For User : skumar.
2021-04-22 15:16:12,900 => INFO  NA.PMS.Common.Logger.LogService.LogInformation():24 - Executed Action: GetRegistrationNoByDepartment on Controller: Report For User : skumar.
2021-04-22 15:16:13,923 => INFO  NA.PMS.Common.Logger.LogService.LogInformation():24 - Executing Action: GetServicesByDepartment on Controller: Report For User : skumar.
2021-04-22 15:16:14,024 => INFO  NA.PMS.Common.Logger.LogService.LogInformation():24 - Executed Action: GetServicesByDepartment on Controller: Report For User : skumar.
2021-04-22 15:16:14,455 => INFO  NA.PMS.Common.Logger.LogService.LogInformation():24 - Executing Action: GetServicesByDepartment on Controller: Report For User : skumar.
2021-04-22 15:16:14,574 => INFO  NA.PMS.Common.Logger.LogService.LogInformation():24 - Executed Action: GetServicesByDepartment on Controller: Report For User : skumar.
2021-04-22 15:16:15,052 => INFO  NA.PMS.Common.Logger.LogService.LogInformation():24 - Executing Action: GetRegistrationNoByDepartment on Controller: Report For User : skumar.
2021-04-22 15:16:18,101 => INFO  NA.PMS.Common.Logger.LogService.LogInformation():24 - Executed Action: GetRegistrationNoByDepartment on Controller: Report For User : skumar.
2021-04-22 15:16:19,412 => INFO  NA.PMS.Common.Logger.LogService.LogInformation():24 - Executing Action: GetRegistrationNoByDepartment on Controller: Report For User : skumar.
2021-04-22 15:16:19,855 => INFO  NA.PMS.Common.Logger.LogService.LogInformation():24 - Executed Action: GetRegistrationNoByDepartment on Controller: Report For User : skumar.
2021-04-22 15:16:21,432 => INFO  NA.PMS.Common.Logger.LogService.LogInformation():24 - Executing Action: GetPropertyDetailsByRid on Controller: Report For User : skumar.
2021-04-22 15:16:22,402 => INFO  NA.PMS.Common.Logger.LogService.LogInformation():24 - Executed Action: GetPropertyDetailsByRid on Controller: Report For User : skumar.
2021-04-22 15:16:22,965 => INFO  NA.PMS.Common.Logger.LogService.LogInformation():24 - Executing Action: GetAllotteDetailsToGenerateLetter on Controller: Report For User : skumar.
2021-04-22 15:16:23,429 => INFO  NA.PMS.Common.Logger.LogService.LogInformation():24 - Executed Action: GetAllotteDetailsToGenerateLetter on Controller: Report For User : skumar.
2021-04-22 15:16:31,282 => INFO  NA.PMS.Common.Logger.LogService.LogInformation():24 - Executing Action: GetServiceRequestStatusForLetter on Controller: Report For User : skumar.
2021-04-22 15:16:31,591 => INFO  NA.PMS.Common.Logger.LogService.LogInformation():24 - Executed Action: GetServiceRequestStatusForLetter on Controller: Report For User : skumar.
2021-04-22 15:16:34,182 => INFO  NA.PMS.Common.Logger.LogService.LogInformation():24 - Executing Action: GenerateLetterByService on Controller: Report For User : skumar.
2021-04-22 15:24:48,042 => INFO  NA.PMS.Common.Logger.LogService.LogInformation():24 - Executed Action: GenerateLetterByService on Controller: Report For User : skumar.
2021-04-22 15:24:48,154 => ERROR NA.PMS.Common.Logger.LogService.LogError():97 - Controller Exception
System.Data.Entity.Core.EntityCommandExecutionException: An error occurred while executing the command definition. See the inner exception for details. ---> System.Data.SqlClient.SqlException: Subquery returned more than 1 value. This is not permitted when the subquery follows =, !=, <, <= , >, >= or when the subquery is used as an expression.
The statement has been terminated.
100065680-20210422-3-2
<div id="divBarcode"><div id="barcodeTarget" class="barcodeTarget"><input type="hidden" id="barcodeValue" value="100065680-20210422-3-2"></div></div>
   at System.Data.SqlClient.SqlConnection.OnError(SqlException exception, Boolean breakConnection, Action`1 wrapCloseInAction)
   at System.Data.SqlClient.SqlInternalConnection.OnError(SqlException exception, Boolean breakConnection, Action`1 wrapCloseInAction)
   at System.Data.SqlClient.TdsParser.ThrowExceptionAndWarning(TdsParserStateObject stateObj, Boolean callerHasConnectionLock, Boolean asyncClose)
   at System.Data.SqlClient.TdsParser.TryRun(RunBehavior runBehavior, SqlCommand cmdHandler, SqlDataReader dataStream, BulkCopySimpleResultSet bulkCopyHandler, TdsParserStateObject stateObj, Boolean& dataReady)
   at System.Data.SqlClient.SqlDataReader.TryConsumeMetaData()
   at System.Data.SqlClient.SqlDataReader.get_MetaData()
   at System.Data.SqlClient.SqlCommand.FinishExecuteReader(SqlDataReader ds, RunBehavior runBehavior, String resetOptionsString, Boolean isInternal, Boolean forDescribeParameterEncryption, Boolean shouldCacheForAlwaysEncrypted)
   at System.Data.SqlClient.SqlCommand.RunExecuteReaderTds(CommandBehavior cmdBehavior, RunBehavior runBehavior, Boolean returnStream, Boolean async, Int32 timeout, Task& task, Boolean asyncWrite, Boolean inRetry, SqlDataReader ds, Boolean describeParameterEncryptionRequest)
   at System.Data.SqlClient.SqlCommand.RunExecuteReader(CommandBehavior cmdBehavior, RunBehavior runBehavior, Boolean returnStream, String method, TaskCompletionSource`1 completion, Int32 timeout, Task& task, Boolean& usedCache, Boolean asyncWrite, Boolean inRetry)
   at System.Data.SqlClient.SqlCommand.RunExecuteReader(CommandBehavior cmdBehavior, RunBehavior runBehavior, Boolean returnStream, String method)
   at System.Data.SqlClient.SqlCommand.ExecuteReader(CommandBehavior behavior, String method)
   at System.Data.SqlClient.SqlCommand.ExecuteDbDataReader(CommandBehavior behavior)
   at System.Data.Common.DbCommand.ExecuteReader(CommandBehavior behavior)
   at System.Data.Entity.Infrastructure.Interception.DbCommandDispatcher.<Reader>b__c(DbCommand t, DbCommandInterceptionContext`1 c)
   at System.Data.Entity.Infrastructure.Interception.InternalDispatcher`1.Dispatch[TTarget,TInterceptionContext,TResult](TTarget target, Func`3 operation, TInterceptionContext interceptionContext, Action`3 executing, Action`3 executed)
   at System.Data.Entity.Infrastructure.Interception.DbCommandDispatcher.Reader(DbCommand command, DbCommandInterceptionContext interceptionContext)
   at System.Data.Entity.Internal.InterceptableDbCommand.ExecuteDbDataReader(CommandBehavior behavior)
   at System.Data.Common.DbCommand.ExecuteReader(CommandBehavior behavior)
   at System.Data.Entity.Core.EntityClient.Internal.EntityCommandDefinition.ExecuteStoreCommands(EntityCommand entityCommand, CommandBehavior behavior)
   --- End of inner exception stack trace ---
   at System.Data.Entity.Core.EntityClient.Internal.EntityCommandDefinition.ExecuteStoreCommands(EntityCommand entityCommand, CommandBehavior behavior)
   at System.Data.Entity.Core.EntityClient.Internal.EntityCommandDefinition.Execute(EntityCommand entityCommand, CommandBehavior behavior)
   at System.Data.Entity.Core.EntityClient.EntityCommand.ExecuteReader(CommandBehavior behavior)
   at System.Data.Entity.Core.EntityClient.EntityCommand.ExecuteNonQuery()
   at System.Data.Entity.Core.Objects.ObjectContext.ExecuteFunctionCommand(EntityCommand entityCommand)
   at System.Data.Entity.Core.Objects.ObjectContext.<>c__DisplayClass4b.<ExecuteFunction>b__4a()
   at System.Data.Entity.Core.Objects.ObjectContext.ExecuteInTransaction[T](Func`1 func, IDbExecutionStrategy executionStrategy, Boolean startLocalTransaction, Boolean releaseConnectionOnSuccess)
   at System.Data.Entity.Core.Objects.ObjectContext.<>c__DisplayClass4b.<ExecuteFunction>b__49()
   at System.Data.Entity.SqlServer.DefaultSqlExecutionStrategy.Execute[TResult](Func`1 operation)
   at System.Data.Entity.Core.Objects.ObjectContext.ExecuteFunction(String functionName, ObjectParameter[] parameters)
   at NA.PMS.Model.NoidaPMSEntities.Sp_LatterPrintTemp(String registrationId, Nullable`1 templateId, Nullable`1 departmentId, String userId, Nullable`1 letterDate, ObjectParameter commaString) in d:\TFSProject\NoidaAuthority\Source\NA.PMS\NA.PMS.Dal\Context\NAPMS.Context.cs:line 417
   at NA.PMS.Repository.GeneralRepository.GenerateLetterByService(Nullable`1 rid, Nullable`1 departmentId, Nullable`1 serviceId, Nullable`1 letterId, Nullable`1 letterDate) in d:\TFSProject\NoidaAuthority\Source\NA.PMS\NA.PMS.Repository\General\GeneralRepository.cs:line 1336
   at NA.PMS.Service.GeneralService.GenerateLetterByService(Nullable`1 rid, Nullable`1 departmentId, Nullable`1 serviceId, Nullable`1 letterId, Nullable`1 letterDate) in d:\TFSProject\NoidaAuthority\Source\NA.PMS\NA.PMS.Service\General\GeneralService.cs:line 374
   at NA.PMS.Web.Areas.Reports.Controllers.ReportController.GenerateLetterByService(Nullable`1 rid, Nullable`1 departmentId, Nullable`1 serviceId, Nullable`1 letterId, Nullable`1 letterDate) in d:\TFSProject\NoidaAuthority\Source\NA.PMS\NA.PMS.Web\Areas\Reports\Controllers\ReportController.cs:line 248
   at lambda_method(Closure , ControllerBase , Object[] )
   at System.Web.Mvc.ActionMethodDispatcher.Execute(ControllerBase controller, Object[] parameters)
   at System.Web.Mvc.ReflectedActionDescriptor.Execute(ControllerContext controllerContext, IDictionary`2 parameters)
   at System.Web.Mvc.ControllerActionInvoker.InvokeActionMethod(ControllerContext controllerContext, ActionDescriptor actionDescriptor, IDictionary`2 parameters)
   at System.Web.Mvc.Async.AsyncControllerActionInvoker.ActionInvocation.InvokeSynchronousActionMethod()
   at System.Web.Mvc.Async.AsyncControllerActionInvoker.<BeginInvokeSynchronousActionMethod>b__39(IAsyncResult asyncResult, ActionInvocation innerInvokeState)
   at System.Web.Mvc.Async.AsyncResultWrapper.WrappedAsyncResult`2.CallEndDelegate(IAsyncResult asyncResult)
   at System.Web.Mvc.Async.AsyncResultWrapper.WrappedAsyncResultBase`1.End()
   at System.Web.Mvc.Async.AsyncResultWrapper.End[TResult](IAsyncResult asyncResult, Object tag)
   at System.Web.Mvc.Async.AsyncControllerActionInvoker.EndInvokeActionMethod(IAsyncResult asyncResult)
   at System.Web.Mvc.Async.AsyncControllerActionInvoker.AsyncInvocationWithFilters.<InvokeActionMethodFilterAsynchronouslyRecursive>b__3d()
   at System.Web.Mvc.Async.AsyncControllerActionInvoker.AsyncInvocationWithFilters.<>c__DisplayClass46.<InvokeActionMethodFilterAsynchronouslyRecursive>b__3f()
   at System.Web.Mvc.Async.AsyncControllerActionInvoker.AsyncInvocationWithFilters.<>c__DisplayClass46.<InvokeActionMethodFilterAsynchronouslyRecursive>b__3f()
   at System.Web.Mvc.Async.AsyncControllerActionInvoker.<>c__DisplayClass33.<BeginInvokeActionMethodWithFilters>b__32(IAsyncResult asyncResult)
   at System.Web.Mvc.Async.AsyncResultWrapper.WrappedAsyncResult`1.CallEndDelegate(IAsyncResult asyncResult)
   at System.Web.Mvc.Async.AsyncResultWrapper.WrappedAsyncResultBase`1.End()
   at System.Web.Mvc.Async.AsyncResultWrapper.End[TResult](IAsyncResult asyncResult, Object tag)
   at System.Web.Mvc.Async.AsyncControllerActionInvoker.EndInvokeActionMethodWithFilters(IAsyncResult asyncResult)
   at System.Web.Mvc.Async.AsyncControllerActionInvoker.<>c__DisplayClass21.<>c__DisplayClass2b.<BeginInvokeAction>b__1c()
   at System.Web.Mvc.Async.AsyncControllerActionInvoker.<>c__DisplayClass21.<BeginInvokeAction>b__1e(IAsyncResult asyncResult)
2021-04-22 15:24:48,198 => ERROR NA.PMS.Common.Logger.LogService.LogError():97 - Global Exception
System.Data.Entity.Core.EntityCommandExecutionException: An error occurred while executing the command definition. See the inner exception for details. ---> System.Data.SqlClient.SqlException: Subquery returned more than 1 value. This is not permitted when the subquery follows =, !=, <, <= , >, >= or when the subquery is used as an expression.
The statement has been terminated.
100065680-20210422-3-2
<div id="divBarcode"><div id="barcodeTarget" class="barcodeTarget"><input type="hidden" id="barcodeValue" value="100065680-20210422-3-2"></div></div>
   at System.Data.SqlClient.SqlConnection.OnError(SqlException exception, Boolean breakConnection, Action`1 wrapCloseInAction)
   at System.Data.SqlClient.SqlInternalConnection.OnError(SqlException exception, Boolean breakConnection, Action`1 wrapCloseInAction)
   at System.Data.SqlClient.TdsParser.ThrowExceptionAndWarning(TdsParserStateObject stateObj, Boolean callerHasConnectionLock, Boolean asyncClose)
   at System.Data.SqlClient.TdsParser.TryRun(RunBehavior runBehavior, SqlCommand cmdHandler, SqlDataReader dataStream, BulkCopySimpleResultSet bulkCopyHandler, TdsParserStateObject stateObj, Boolean& dataReady)
   at System.Data.SqlClient.SqlDataReader.TryConsumeMetaData()
   at System.Data.SqlClient.SqlDataReader.get_MetaData()
   at System.Data.SqlClient.SqlCommand.FinishExecuteReader(SqlDataReader ds, RunBehavior runBehavior, String resetOptionsString, Boolean isInternal, Boolean forDescribeParameterEncryption, Boolean shouldCacheForAlwaysEncrypted)
   at System.Data.SqlClient.SqlCommand.RunExecuteReaderTds(CommandBehavior cmdBehavior, RunBehavior runBehavior, Boolean returnStream, Boolean async, Int32 timeout, Task& task, Boolean asyncWrite, Boolean inRetry, SqlDataReader ds, Boolean describeParameterEncryptionRequest)
   at System.Data.SqlClient.SqlCommand.RunExecuteReader(CommandBehavior cmdBehavior, RunBehavior runBehavior, Boolean returnStream, String method, TaskCompletionSource`1 completion, Int32 timeout, Task& task, Boolean& usedCache, Boolean asyncWrite, Boolean inRetry)
   at System.Data.SqlClient.SqlCommand.RunExecuteReader(CommandBehavior cmdBehavior, RunBehavior runBehavior, Boolean returnStream, String method)
   at System.Data.SqlClient.SqlCommand.ExecuteReader(CommandBehavior behavior, String method)
   at System.Data.SqlClient.SqlCommand.ExecuteDbDataReader(CommandBehavior behavior)
   at System.Data.Common.DbCommand.ExecuteReader(CommandBehavior behavior)
   at System.Data.Entity.Infrastructure.Interception.DbCommandDispatcher.<Reader>b__c(DbCommand t, DbCommandInterceptionContext`1 c)
   at System.Data.Entity.Infrastructure.Interception.InternalDispatcher`1.Dispatch[TTarget,TInterceptionContext,TResult](TTarget target, Func`3 operation, TInterceptionContext interceptionContext, Action`3 executing, Action`3 executed)
   at System.Data.Entity.Infrastructure.Interception.DbCommandDispatcher.Reader(DbCommand command, DbCommandInterceptionContext interceptionContext)
   at System.Data.Entity.Internal.InterceptableDbCommand.ExecuteDbDataReader(CommandBehavior behavior)
   at System.Data.Common.DbCommand.ExecuteReader(CommandBehavior behavior)
   at System.Data.Entity.Core.EntityClient.Internal.EntityCommandDefinition.ExecuteStoreCommands(EntityCommand entityCommand, CommandBehavior behavior)
   --- End of inner exception stack trace ---
   at System.Data.Entity.Core.EntityClient.Internal.EntityCommandDefinition.ExecuteStoreCommands(EntityCommand entityCommand, CommandBehavior behavior)
   at System.Data.Entity.Core.EntityClient.Internal.EntityCommandDefinition.Execute(EntityCommand entityCommand, CommandBehavior behavior)
   at System.Data.Entity.Core.EntityClient.EntityCommand.ExecuteReader(CommandBehavior behavior)
   at System.Data.Entity.Core.EntityClient.EntityCommand.ExecuteNonQuery()
   at System.Data.Entity.Core.Objects.ObjectContext.ExecuteFunctionCommand(EntityCommand entityCommand)
   at System.Data.Entity.Core.Objects.ObjectContext.<>c__DisplayClass4b.<ExecuteFunction>b__4a()
   at System.Data.Entity.Core.Objects.ObjectContext.ExecuteInTransaction[T](Func`1 func, IDbExecutionStrategy executionStrategy, Boolean startLocalTransaction, Boolean releaseConnectionOnSuccess)
   at System.Data.Entity.Core.Objects.ObjectContext.<>c__DisplayClass4b.<ExecuteFunction>b__49()
   at System.Data.Entity.SqlServer.DefaultSqlExecutionStrategy.Execute[TResult](Func`1 operation)
   at System.Data.Entity.Core.Objects.ObjectContext.ExecuteFunction(String functionName, ObjectParameter[] parameters)
   at NA.PMS.Model.NoidaPMSEntities.Sp_LatterPrintTemp(String registrationId, Nullable`1 templateId, Nullable`1 departmentId, String userId, Nullable`1 letterDate, ObjectParameter commaString) in d:\TFSProject\NoidaAuthority\Source\NA.PMS\NA.PMS.Dal\Context\NAPMS.Context.cs:line 417
   at NA.PMS.Repository.GeneralRepository.GenerateLetterByService(Nullable`1 rid, Nullable`1 departmentId, Nullable`1 serviceId, Nullable`1 letterId, Nullable`1 letterDate) in d:\TFSProject\NoidaAuthority\Source\NA.PMS\NA.PMS.Repository\General\GeneralRepository.cs:line 1336
   at NA.PMS.Service.GeneralService.GenerateLetterByService(Nullable`1 rid, Nullable`1 departmentId, Nullable`1 serviceId, Nullable`1 letterId, Nullable`1 letterDate) in d:\TFSProject\NoidaAuthority\Source\NA.PMS\NA.PMS.Service\General\GeneralService.cs:line 374
   at NA.PMS.Web.Areas.Reports.Controllers.ReportController.GenerateLetterByService(Nullable`1 rid, Nullable`1 departmentId, Nullable`1 serviceId, Nullable`1 letterId, Nullable`1 letterDate) in d:\TFSProject\NoidaAuthority\Source\NA.PMS\NA.PMS.Web\Areas\Reports\Controllers\ReportController.cs:line 248
   at lambda_method(Closure , ControllerBase , Object[] )
   at System.Web.Mvc.ActionMethodDispatcher.Execute(ControllerBase controller, Object[] parameters)
   at System.Web.Mvc.ReflectedActionDescriptor.Execute(ControllerContext controllerContext, IDictionary`2 parameters)
   at System.Web.Mvc.ControllerActionInvoker.InvokeActionMethod(ControllerContext controllerContext, ActionDescriptor actionDescriptor, IDictionary`2 parameters)
   at System.Web.Mvc.Async.AsyncControllerActionInvoker.ActionInvocation.InvokeSynchronousActionMethod()
   at System.Web.Mvc.Async.AsyncControllerActionInvoker.<BeginInvokeSynchronousActionMethod>b__39(IAsyncResult asyncResult, ActionInvocation innerInvokeState)
   at System.Web.Mvc.Async.AsyncResultWrapper.WrappedAsyncResult`2.CallEndDelegate(IAsyncResult asyncResult)
   at System.Web.Mvc.Async.AsyncResultWrapper.WrappedAsyncResultBase`1.End()
   at System.Web.Mvc.Async.AsyncResultWrapper.End[TResult](IAsyncResult asyncResult, Object tag)
   at System.Web.Mvc.Async.AsyncControllerActionInvoker.EndInvokeActionMethod(IAsyncResult asyncResult)
   at System.Web.Mvc.Async.AsyncControllerActionInvoker.AsyncInvocationWithFilters.<InvokeActionMethodFilterAsynchronouslyRecursive>b__3d()
   at System.Web.Mvc.Async.AsyncControllerActionInvoker.AsyncInvocationWithFilters.<>c__DisplayClass46.<InvokeActionMethodFilterAsynchronouslyRecursive>b__3f()
   at System.Web.Mvc.Async.AsyncControllerActionInvoker.AsyncInvocationWithFilters.<>c__DisplayClass46.<InvokeActionMethodFilterAsynchronouslyRecursive>b__3f()
   at System.Web.Mvc.Async.AsyncControllerActionInvoker.<>c__DisplayClass33.<BeginInvokeActionMethodWithFilters>b__32(IAsyncResult asyncResult)
   at System.Web.Mvc.Async.AsyncResultWrapper.WrappedAsyncResult`1.CallEndDelegate(IAsyncResult asyncResult)
   at System.Web.Mvc.Async.AsyncResultWrapper.WrappedAsyncResultBase`1.End()
   at System.Web.Mvc.Async.AsyncResultWrapper.End[TResult](IAsyncResult asyncResult, Object tag)
   at System.Web.Mvc.Async.AsyncControllerActionInvoker.EndInvokeActionMethodWithFilters(IAsyncResult asyncResult)
   at System.Web.Mvc.Async.AsyncControllerActionInvoker.<>c__DisplayClass21.<>c__DisplayClass2b.<BeginInvokeAction>b__1c()
   at System.Web.Mvc.Async.AsyncControllerActionInvoker.<>c__DisplayClass21.<BeginInvokeAction>b__1e(IAsyncResult asyncResult)
   at System.Web.Mvc.Async.AsyncResultWrapper.WrappedAsyncResult`1.CallEndDelegate(IAsyncResult asyncResult)
   at System.Web.Mvc.Async.AsyncResultWrapper.WrappedAsyncResultBase`1.End()
   at System.Web.Mvc.Async.AsyncResultWrapper.End[TResult](IAsyncResult asyncResult, Object tag)
   at System.Web.Mvc.Async.AsyncControllerActionInvoker.EndInvokeAction(IAsyncResult asyncResult)
   at System.Web.Mvc.Controller.<BeginExecuteCore>b__1d(IAsyncResult asyncResult, ExecuteCoreState innerState)
   at System.Web.Mvc.Async.AsyncResultWrapper.WrappedAsyncVoid`1.CallEndDelegate(IAsyncResult asyncResult)
   at System.Web.Mvc.Async.AsyncResultWrapper.WrappedAsyncResultBase`1.End()
   at System.Web.Mvc.Async.AsyncResultWrapper.End[TResult](IAsyncResult asyncResult, Object tag)
   at System.Web.Mvc.Async.AsyncResultWrapper.End(IAsyncResult asyncResult, Object tag)
   at System.Web.Mvc.Controller.EndExecuteCore(IAsyncResult asyncResult)
   at System.Web.Mvc.Controller.<BeginExecute>b__15(IAsyncResult asyncResult, Controller controller)
   at System.Web.Mvc.Async.AsyncResultWrapper.WrappedAsyncVoid`1.CallEndDelegate(IAsyncResult asyncResult)
   at System.Web.Mvc.Async.AsyncResultWrapper.WrappedAsyncResultBase`1.End()
   at System.Web.Mvc.Async.AsyncResultWrapper.End[TResult](IAsyncResult asyncResult, Object tag)
   at System.Web.Mvc.Async.AsyncResultWrapper.End(IAsyncResult asyncResult, Object tag)
   at System.Web.Mvc.Controller.EndExecute(IAsyncResult asyncResult)
   at System.Web.Mvc.Controller.System.Web.Mvc.Async.IAsyncController.EndExecute(IAsyncResult asyncResult)
   at System.Web.Mvc.MvcHandler.<BeginProcessRequest>b__5(IAsyncResult asyncResult, ProcessRequestState innerState)
   at System.Web.Mvc.Async.AsyncResultWrapper.WrappedAsyncVoid`1.CallEndDelegate(IAsyncResult asyncResult)
   at System.Web.Mvc.Async.AsyncResultWrapper.WrappedAsyncResultBase`1.End()
   at System.Web.Mvc.Async.AsyncResultWrapper.End[TResult](IAsyncResult asyncResult, Object tag)
   at System.Web.Mvc.Async.AsyncResultWrapper.End(IAsyncResult asyncResult, Object tag)
   at System.Web.Mvc.MvcHandler.EndProcessRequest(IAsyncResult asyncResult)
   at System.Web.Mvc.MvcHandler.System.Web.IHttpAsyncHandler.EndProcessRequest(IAsyncResult result)
   at System.Web.HttpApplication.CallHandlerExecutionStep.System.Web.HttpApplication.IExecutionStep.Execute()
   at System.Web.HttpApplication.ExecuteStepImpl(IExecutionStep step)
   at System.Web.HttpApplication.ExecuteStep(IExecutionStep step, Boolean& completedSynchronously)
2021-04-22 15:24:52,678 => INFO  NA.PMS.Common.Logger.LogService.LogInformation():24 - Executing Action: GetServiceRequestStatusForLetter on Controller: Report For User : skumar.
2021-04-22 15:24:52,783 => INFO  NA.PMS.Common.Logger.LogService.LogInformation():24 - Executed Action: GetServiceRequestStatusForLetter on Controller: Report For User : skumar.
2021-04-22 15:24:56,445 => INFO  NA.PMS.Common.Logger.LogService.LogInformation():24 - Executing Action: GetServiceRequestStatusForLetter on Controller: Report For User : skumar.
2021-04-22 15:24:56,546 => INFO  NA.PMS.Common.Logger.LogService.LogInformation():24 - Executed Action: GetServiceRequestStatusForLetter on Controller: Report For User : skumar.
2021-04-22 15:25:00,295 => INFO  NA.PMS.Common.Logger.LogService.LogInformation():24 - Executing Action: GetServiceRequestStatusForLetter on Controller: Report For User : skumar.
2021-04-22 15:25:00,410 => INFO  NA.PMS.Common.Logger.LogService.LogInformation():24 - Executed Action: GetServiceRequestStatusForLetter on Controller: Report For User : skumar.
2021-04-22 15:27:18,188 => INFO  NA.PMS.Common.Logger.LogService.LogInformation():24 - Executing Action: GenerateLetterByService on Controller: Report For User : skumar.
