2021-02-19 13:14:51,379 => INFO  NA.PMS.Common.Logger.LogService.LogInformation():24 - Executing Action: Login on Controller: Account For User : .
2021-02-19 13:14:51,656 => INFO  NA.PMS.Common.Logger.LogService.LogInformation():24 - Executed Action: Login on Controller: Account For User : .
2021-02-19 13:15:54,639 => INFO  NA.PMS.Common.Logger.LogService.LogInformation():24 - Executing Action: Login on Controller: Account For User : .
2021-02-19 13:15:57,352 => INFO  NA.PMS.Common.Logger.LogService.LogInformation():24 - Executed Action: Login on Controller: Account For User : .
2021-02-19 13:16:04,896 => INFO  NA.PMS.Common.Logger.LogService.LogInformation():24 - Executing Action: Login on Controller: Account For User : .
2021-02-19 13:16:05,722 => INFO  NA.PMS.Common.Logger.LogService.LogInformation():24 - Executed Action: Login on Controller: Account For User : .
2021-02-19 13:16:05,748 => INFO  NA.PMS.Common.Logger.LogService.LogInformation():24 - Executing Action: Login on Controller: Account For User : svamadmin.
2021-02-19 13:16:05,768 => INFO  NA.PMS.Common.Logger.LogService.LogInformation():24 - Executed Action: Login on Controller: Account For User : svamadmin.
2021-02-19 13:16:09,234 => INFO  NA.PMS.Common.Logger.LogService.LogInformation():24 - Executing Action: LoginAfterVerifyOTP on Controller: Account For User : svamadmin.
2021-02-19 13:16:10,864 => INFO  NA.PMS.Common.Logger.LogService.LogInformation():24 - Executed Action: LoginAfterVerifyOTP on Controller: Account For User : svamadmin.
2021-02-19 13:16:12,256 => INFO  NA.PMS.Common.Logger.LogService.LogInformation():24 - Executing Action: Login on Controller: Account For User : svamadmin.
2021-02-19 13:16:12,300 => INFO  NA.PMS.Common.Logger.LogService.LogInformation():24 - Executed Action: Login on Controller: Account For User : svamadmin.
2021-02-19 13:16:13,399 => INFO  NA.PMS.Common.Logger.LogService.LogInformation():24 - Executing Action: GetDepartmentForAdvanceSearch on Controller: PropertyAllotment For User : svamadmin.
2021-02-19 13:16:13,488 => INFO  NA.PMS.Common.Logger.LogService.LogInformation():24 - Executed Action: GetDepartmentForAdvanceSearch on Controller: PropertyAllotment For User : svamadmin.
2021-02-19 14:18:11,904 => INFO  NA.PMS.Common.Logger.LogService.LogInformation():24 - Executing Action: Login on Controller: Account For User : .
2021-02-19 14:18:12,069 => INFO  NA.PMS.Common.Logger.LogService.LogInformation():24 - Executed Action: Login on Controller: Account For User : .
2021-02-19 14:18:38,765 => INFO  NA.PMS.Common.Logger.LogService.LogInformation():24 - Executing Action: Login on Controller: Account For User : .
2021-02-19 14:18:41,349 => INFO  NA.PMS.Common.Logger.LogService.LogInformation():24 - Executed Action: Login on Controller: Account For User : .
2021-02-19 14:18:41,365 => INFO  NA.PMS.Common.Logger.LogService.LogInformation():24 - Executing Action: Login on Controller: Account For User : svamadmin.
2021-02-19 14:18:41,366 => INFO  NA.PMS.Common.Logger.LogService.LogInformation():24 - Executed Action: Login on Controller: Account For User : svamadmin.
2021-02-19 14:18:44,423 => INFO  NA.PMS.Common.Logger.LogService.LogInformation():24 - Executing Action: LoginAfterVerifyOTP on Controller: Account For User : svamadmin.
2021-02-19 14:18:45,542 => INFO  NA.PMS.Common.Logger.LogService.LogInformation():24 - Executed Action: LoginAfterVerifyOTP on Controller: Account For User : svamadmin.
2021-02-19 14:18:46,967 => INFO  NA.PMS.Common.Logger.LogService.LogInformation():24 - Executing Action: Login on Controller: Account For User : svamadmin.
2021-02-19 14:18:46,987 => INFO  NA.PMS.Common.Logger.LogService.LogInformation():24 - Executed Action: Login on Controller: Account For User : svamadmin.
2021-02-19 14:18:47,800 => INFO  NA.PMS.Common.Logger.LogService.LogInformation():24 - Executing Action: GetDepartmentForAdvanceSearch on Controller: PropertyAllotment For User : svamadmin.
2021-02-19 14:18:47,896 => INFO  NA.PMS.Common.Logger.LogService.LogInformation():24 - Executed Action: GetDepartmentForAdvanceSearch on Controller: PropertyAllotment For User : svamadmin.
2021-02-19 14:22:04,669 => INFO  NA.PMS.Common.Logger.LogService.LogInformation():24 - Executing Action: Login on Controller: Account For User : svamadmin.
2021-02-19 14:22:04,976 => INFO  NA.PMS.Common.Logger.LogService.LogInformation():24 - Executed Action: Login on Controller: Account For User : svamadmin.
2021-02-19 14:22:25,763 => INFO  NA.PMS.Common.Logger.LogService.LogInformation():24 - Executing Action: Login on Controller: Account For User : svamadmin.
2021-02-19 14:22:29,823 => INFO  NA.PMS.Common.Logger.LogService.LogInformation():24 - Executed Action: Login on Controller: Account For User : svamadmin.
2021-02-19 14:22:29,874 => INFO  NA.PMS.Common.Logger.LogService.LogInformation():24 - Executing Action: Login on Controller: Account For User : svamadmin.
2021-02-19 14:22:29,898 => INFO  NA.PMS.Common.Logger.LogService.LogInformation():24 - Executed Action: Login on Controller: Account For User : svamadmin.
2021-02-19 14:22:33,780 => INFO  NA.PMS.Common.Logger.LogService.LogInformation():24 - Executing Action: LoginAfterVerifyOTP on Controller: Account For User : svamadmin.
2021-02-19 14:22:35,397 => INFO  NA.PMS.Common.Logger.LogService.LogInformation():24 - Executed Action: LoginAfterVerifyOTP on Controller: Account For User : svamadmin.
2021-02-19 14:22:36,819 => INFO  NA.PMS.Common.Logger.LogService.LogInformation():24 - Executing Action: Login on Controller: Account For User : svamadmin.
2021-02-19 14:22:36,861 => INFO  NA.PMS.Common.Logger.LogService.LogInformation():24 - Executed Action: Login on Controller: Account For User : svamadmin.
2021-02-19 14:22:38,144 => INFO  NA.PMS.Common.Logger.LogService.LogInformation():24 - Executing Action: GetDepartmentForAdvanceSearch on Controller: PropertyAllotment For User : svamadmin.
2021-02-19 14:22:38,249 => INFO  NA.PMS.Common.Logger.LogService.LogInformation():24 - Executed Action: GetDepartmentForAdvanceSearch on Controller: PropertyAllotment For User : svamadmin.
2021-02-19 14:22:51,227 => INFO  NA.PMS.Common.Logger.LogService.LogInformation():24 - Executing Action: GetApplicationList on Controller: Application For User : svamadmin.
2021-02-19 14:22:51,522 => INFO  NA.PMS.Common.Logger.LogService.LogInformation():24 - Executed Action: GetApplicationList on Controller: Application For User : svamadmin.
2021-02-19 14:22:51,661 => INFO  NA.PMS.Common.Logger.LogService.LogInformation():24 - Executing Action: GetUserNameListAsDataSource on Controller: Application For User : svamadmin.
2021-02-19 14:22:51,810 => INFO  NA.PMS.Common.Logger.LogService.LogInformation():24 - Executed Action: GetUserNameListAsDataSource on Controller: Application For User : svamadmin.
2021-02-19 14:22:51,959 => INFO  NA.PMS.Common.Logger.LogService.LogInformation():24 - Executing Action: GetDeparmentListAsDataSource on Controller: Application For User : svamadmin.
2021-02-19 14:22:52,085 => INFO  NA.PMS.Common.Logger.LogService.LogInformation():24 - Executed Action: GetDeparmentListAsDataSource on Controller: Application For User : svamadmin.
2021-02-19 14:22:52,217 => INFO  NA.PMS.Common.Logger.LogService.LogInformation():24 - Executing Action: GetApplicationList on Controller: Application For User : svamadmin.
2021-02-19 14:22:52,278 => INFO  NA.PMS.Common.Logger.LogService.LogInformation():24 - Executed Action: GetApplicationList on Controller: Application For User : svamadmin.
2021-02-19 14:22:52,424 => INFO  NA.PMS.Common.Logger.LogService.LogInformation():24 - Executing Action: GetCommonConfigCategoryList on Controller: Application For User : svamadmin.
2021-02-19 14:22:52,504 => INFO  NA.PMS.Common.Logger.LogService.LogInformation():24 - Executed Action: GetCommonConfigCategoryList on Controller: Application For User : svamadmin.
2021-02-19 14:22:52,762 => INFO  NA.PMS.Common.Logger.LogService.LogInformation():24 - Executing Action: GetDepartmentList on Controller: Application For User : svamadmin.
2021-02-19 14:22:52,886 => INFO  NA.PMS.Common.Logger.LogService.LogInformation():24 - Executed Action: GetDepartmentList on Controller: Application For User : svamadmin.
2021-02-19 14:22:53,011 => INFO  NA.PMS.Common.Logger.LogService.LogInformation():24 - Executing Action: GetDepartmentList on Controller: Application For User : svamadmin.
2021-02-19 14:22:53,070 => INFO  NA.PMS.Common.Logger.LogService.LogInformation():24 - Executed Action: GetDepartmentList on Controller: Application For User : svamadmin.
2021-02-19 14:22:53,197 => INFO  NA.PMS.Common.Logger.LogService.LogInformation():24 - Executing Action: GetDepartmentList on Controller: Application For User : svamadmin.
2021-02-19 14:22:53,255 => INFO  NA.PMS.Common.Logger.LogService.LogInformation():24 - Executed Action: GetDepartmentList on Controller: Application For User : svamadmin.
2021-02-19 14:22:53,386 => INFO  NA.PMS.Common.Logger.LogService.LogInformation():24 - Executing Action: GetParentMenuList on Controller: Application For User : svamadmin.
2021-02-19 14:22:53,450 => INFO  NA.PMS.Common.Logger.LogService.LogInformation():24 - Executed Action: GetParentMenuList on Controller: Application For User : svamadmin.
2021-02-19 14:22:53,783 => INFO  NA.PMS.Common.Logger.LogService.LogInformation():24 - Executing Action: GetSchemeTypeList on Controller: Application For User : svamadmin.
2021-02-19 14:22:53,853 => INFO  NA.PMS.Common.Logger.LogService.LogInformation():24 - Executed Action: GetSchemeTypeList on Controller: Application For User : svamadmin.
2021-02-19 14:22:54,692 => INFO  NA.PMS.Common.Logger.LogService.LogInformation():24 - Executing Action: GetStatusTypeList on Controller: Application For User : svamadmin.
2021-02-19 14:22:55,745 => INFO  NA.PMS.Common.Logger.LogService.LogInformation():24 - Executed Action: GetStatusTypeList on Controller: Application For User : svamadmin.
2021-02-19 14:24:08,489 => INFO  NA.PMS.Common.Logger.LogService.LogInformation():24 - Executing Action: GetAreaRangeList on Controller: Application For User : svamadmin.
2021-02-19 14:24:08,566 => INFO  NA.PMS.Common.Logger.LogService.LogInformation():24 - Executed Action: GetAreaRangeList on Controller: Application For User : svamadmin.
2021-02-19 14:25:03,848 => INFO  NA.PMS.Common.Logger.LogService.LogInformation():24 - Executing Action: GetUserNameListAsDataSource on Controller: Application For User : svamadmin.
2021-02-19 14:25:03,963 => INFO  NA.PMS.Common.Logger.LogService.LogInformation():24 - Executed Action: GetUserNameListAsDataSource on Controller: Application For User : svamadmin.
2021-02-19 14:25:07,194 => INFO  NA.PMS.Common.Logger.LogService.LogInformation():24 - Executing Action: GetUserNameListAsDataSource on Controller: Application For User : svamadmin.
2021-02-19 14:25:07,357 => INFO  NA.PMS.Common.Logger.LogService.LogInformation():24 - Executed Action: GetUserNameListAsDataSource on Controller: Application For User : svamadmin.
2021-02-19 14:25:15,508 => INFO  NA.PMS.Common.Logger.LogService.LogInformation():24 - Executing Action: GetUserNameListAsDataSource on Controller: Application For User : svamadmin.
2021-02-19 14:25:15,619 => INFO  NA.PMS.Common.Logger.LogService.LogInformation():24 - Executed Action: GetUserNameListAsDataSource on Controller: Application For User : svamadmin.
2021-02-19 14:25:18,111 => INFO  NA.PMS.Common.Logger.LogService.LogInformation():24 - Executing Action: GetUserNameListAsDataSource on Controller: Application For User : svamadmin.
2021-02-19 14:25:18,226 => INFO  NA.PMS.Common.Logger.LogService.LogInformation():24 - Executed Action: GetUserNameListAsDataSource on Controller: Application For User : svamadmin.
2021-02-19 14:25:23,398 => INFO  NA.PMS.Common.Logger.LogService.LogInformation():24 - Executing Action: GetUserNameListAsDataSource on Controller: Application For User : svamadmin.
2021-02-19 14:25:23,513 => INFO  NA.PMS.Common.Logger.LogService.LogInformation():24 - Executed Action: GetUserNameListAsDataSource on Controller: Application For User : svamadmin.
2021-02-19 18:53:00,989 => INFO  NA.PMS.Common.Logger.LogService.LogInformation():24 - Executing Action: Login on Controller: Account For User : .
2021-02-19 18:53:01,282 => INFO  NA.PMS.Common.Logger.LogService.LogInformation():24 - Executed Action: Login on Controller: Account For User : .
2021-02-19 18:53:23,860 => INFO  NA.PMS.Common.Logger.LogService.LogInformation():24 - Executing Action: Login on Controller: Account For User : .
2021-02-19 18:53:27,156 => INFO  NA.PMS.Common.Logger.LogService.LogInformation():24 - Executed Action: Login on Controller: Account For User : .
2021-02-19 18:53:27,172 => INFO  NA.PMS.Common.Logger.LogService.LogInformation():24 - Executing Action: Login on Controller: Account For User : svamadmin.
2021-02-19 18:53:27,174 => INFO  NA.PMS.Common.Logger.LogService.LogInformation():24 - Executed Action: Login on Controller: Account For User : svamadmin.
2021-02-19 18:53:30,286 => INFO  NA.PMS.Common.Logger.LogService.LogInformation():24 - Executing Action: LoginAfterVerifyOTP on Controller: Account For User : svamadmin.
2021-02-19 18:53:31,316 => INFO  NA.PMS.Common.Logger.LogService.LogInformation():24 - Executed Action: LoginAfterVerifyOTP on Controller: Account For User : svamadmin.
2021-02-19 18:53:32,822 => INFO  NA.PMS.Common.Logger.LogService.LogInformation():24 - Executing Action: Login on Controller: Account For User : svamadmin.
2021-02-19 18:53:32,840 => INFO  NA.PMS.Common.Logger.LogService.LogInformation():24 - Executed Action: Login on Controller: Account For User : svamadmin.
2021-02-19 18:53:33,869 => INFO  NA.PMS.Common.Logger.LogService.LogInformation():24 - Executing Action: GetDepartmentForAdvanceSearch on Controller: PropertyAllotment For User : svamadmin.
2021-02-19 18:53:33,946 => INFO  NA.PMS.Common.Logger.LogService.LogInformation():24 - Executed Action: GetDepartmentForAdvanceSearch on Controller: PropertyAllotment For User : svamadmin.
2021-02-19 23:59:44,603 => INFO  NA.PMS.Common.Logger.LogService.LogInformation():24 - Executing Action: Login on Controller: Account For User : .
2021-02-19 23:59:44,843 => INFO  NA.PMS.Common.Logger.LogService.LogInformation():24 - Executed Action: Login on Controller: Account For User : .
