2021-02-14 02:11:11,983 => INFO  NA.PMS.Common.Logger.LogService.LogInformation():24 - Executing Action: Login on Controller: Account For User : .
2021-02-14 02:11:12,295 => INFO  NA.PMS.Common.Logger.LogService.LogInformation():24 - Executed Action: Login on Controller: Account For User : .
2021-02-14 02:41:32,357 => INFO  NA.PMS.Common.Logger.LogService.LogInformation():24 - Executing Action: Login on Controller: Account For User : .
2021-02-14 02:41:32,582 => INFO  NA.PMS.Common.Logger.LogService.LogInformation():24 - Executed Action: Login on Controller: Account For User : .
2021-02-14 02:42:01,296 => ERROR NA.PMS.Common.Logger.LogService.LogError():97 - Global Exception
System.Web.HttpCompileException (0x80004005): d:\TFSProject\NoidaAuthority\Source\NA.PMS\NA.PMS.Web\Areas\Online\Views\Institutional\OpenEndSchemeForm.cshtml(511): error CS0103: The name 'CommonHelper' does not exist in the current context
   at System.Web.Compilation.AssemblyBuilder.Compile()
   at System.Web.Compilation.BuildProvidersCompiler.PerformBuild()
   at System.Web.Compilation.BuildManager.CompileWebFile(VirtualPath virtualPath)
   at System.Web.Compilation.BuildManager.GetVPathBuildResultInternal(VirtualPath virtualPath, Boolean noBuild, Boolean allowCrossApp, Boolean allowBuildInPrecompile, Boolean throwIfNotFound, Boolean ensureIsUpToDate)
   at System.Web.Compilation.BuildManager.GetVPathBuildResultWithNoAssert(HttpContext context, VirtualPath virtualPath, Boolean noBuild, Boolean allowCrossApp, Boolean allowBuildInPrecompile, Boolean throwIfNotFound, Boolean ensureIsUpToDate)
   at System.Web.Compilation.BuildManager.GetVirtualPathObjectFactory(VirtualPath virtualPath, HttpContext context, Boolean allowCrossApp, Boolean throwIfNotFound)
   at System.Web.Compilation.BuildManager.GetCompiledType(VirtualPath virtualPath)
   at System.Web.Compilation.BuildManager.GetCompiledType(String virtualPath)
   at System.Web.Mvc.BuildManagerWrapper.System.Web.Mvc.IBuildManager.GetCompiledType(String virtualPath)
   at System.Web.Mvc.BuildManagerCompiledView.Render(ViewContext viewContext, TextWriter writer)
   at System.Web.Mvc.ViewResultBase.ExecuteResult(ControllerContext context)
   at System.Web.Mvc.ControllerActionInvoker.InvokeActionResult(ControllerContext controllerContext, ActionResult actionResult)
   at System.Web.Mvc.ControllerActionInvoker.InvokeActionResultFilterRecursive(IList`1 filters, Int32 filterIndex, ResultExecutingContext preContext, ControllerContext controllerContext, ActionResult actionResult)
   at System.Web.Mvc.ControllerActionInvoker.InvokeActionResultFilterRecursive(IList`1 filters, Int32 filterIndex, ResultExecutingContext preContext, ControllerContext controllerContext, ActionResult actionResult)
   at System.Web.Mvc.ControllerActionInvoker.InvokeActionResultWithFilters(ControllerContext controllerContext, IList`1 filters, ActionResult actionResult)
   at System.Web.Mvc.Async.AsyncControllerActionInvoker.<>c__DisplayClass21.<>c__DisplayClass2b.<BeginInvokeAction>b__1c()
   at System.Web.Mvc.Async.AsyncControllerActionInvoker.<>c__DisplayClass21.<BeginInvokeAction>b__1e(IAsyncResult asyncResult)
   at System.Web.Mvc.Async.AsyncResultWrapper.WrappedAsyncResult`1.CallEndDelegate(IAsyncResult asyncResult)
   at System.Web.Mvc.Async.AsyncResultWrapper.WrappedAsyncResultBase`1.End()
   at System.Web.Mvc.Async.AsyncResultWrapper.End[TResult](IAsyncResult asyncResult, Object tag)
   at System.Web.Mvc.Async.AsyncControllerActionInvoker.EndInvokeAction(IAsyncResult asyncResult)
   at System.Web.Mvc.Controller.<BeginExecuteCore>b__1d(IAsyncResult asyncResult, ExecuteCoreState innerState)
   at System.Web.Mvc.Async.AsyncResultWrapper.WrappedAsyncVoid`1.CallEndDelegate(IAsyncResult asyncResult)
   at System.Web.Mvc.Async.AsyncResultWrapper.WrappedAsyncResultBase`1.End()
   at System.Web.Mvc.Async.AsyncResultWrapper.End[TResult](IAsyncResult asyncResult, Object tag)
   at System.Web.Mvc.Async.AsyncResultWrapper.End(IAsyncResult asyncResult, Object tag)
   at System.Web.Mvc.Controller.EndExecuteCore(IAsyncResult asyncResult)
   at System.Web.Mvc.Controller.<BeginExecute>b__15(IAsyncResult asyncResult, Controller controller)
   at System.Web.Mvc.Async.AsyncResultWrapper.WrappedAsyncVoid`1.CallEndDelegate(IAsyncResult asyncResult)
   at System.Web.Mvc.Async.AsyncResultWrapper.WrappedAsyncResultBase`1.End()
   at System.Web.Mvc.Async.AsyncResultWrapper.End[TResult](IAsyncResult asyncResult, Object tag)
   at System.Web.Mvc.Async.AsyncResultWrapper.End(IAsyncResult asyncResult, Object tag)
   at System.Web.Mvc.Controller.EndExecute(IAsyncResult asyncResult)
   at System.Web.Mvc.Controller.System.Web.Mvc.Async.IAsyncController.EndExecute(IAsyncResult asyncResult)
   at System.Web.Mvc.MvcHandler.<BeginProcessRequest>b__5(IAsyncResult asyncResult, ProcessRequestState innerState)
   at System.Web.Mvc.Async.AsyncResultWrapper.WrappedAsyncVoid`1.CallEndDelegate(IAsyncResult asyncResult)
   at System.Web.Mvc.Async.AsyncResultWrapper.WrappedAsyncResultBase`1.End()
   at System.Web.Mvc.Async.AsyncResultWrapper.End[TResult](IAsyncResult asyncResult, Object tag)
   at System.Web.Mvc.Async.AsyncResultWrapper.End(IAsyncResult asyncResult, Object tag)
   at System.Web.Mvc.MvcHandler.EndProcessRequest(IAsyncResult asyncResult)
   at System.Web.Mvc.MvcHandler.System.Web.IHttpAsyncHandler.EndProcessRequest(IAsyncResult result)
   at System.Web.HttpApplication.CallHandlerExecutionStep.System.Web.HttpApplication.IExecutionStep.Execute()
   at System.Web.HttpApplication.ExecuteStepImpl(IExecutionStep step)
   at System.Web.HttpApplication.ExecuteStep(IExecutionStep step, Boolean& completedSynchronously)
2021-02-14 02:43:24,019 => ERROR NA.PMS.Common.Logger.LogService.LogError():97 - Global Exception
System.Web.HttpCompileException (0x80004005): d:\TFSProject\NoidaAuthority\Source\NA.PMS\NA.PMS.Web\Areas\Online\Views\Institutional\OpenEndSchemeForm.cshtml(618): error CS0103: The name 'OnlineSchemeType' does not exist in the current context
   at System.Web.Compilation.AssemblyBuilder.Compile()
   at System.Web.Compilation.BuildProvidersCompiler.PerformBuild()
   at System.Web.Compilation.BuildManager.CompileWebFile(VirtualPath virtualPath)
   at System.Web.Compilation.BuildManager.GetVPathBuildResultInternal(VirtualPath virtualPath, Boolean noBuild, Boolean allowCrossApp, Boolean allowBuildInPrecompile, Boolean throwIfNotFound, Boolean ensureIsUpToDate)
   at System.Web.Compilation.BuildManager.GetVPathBuildResultWithNoAssert(HttpContext context, VirtualPath virtualPath, Boolean noBuild, Boolean allowCrossApp, Boolean allowBuildInPrecompile, Boolean throwIfNotFound, Boolean ensureIsUpToDate)
   at System.Web.Compilation.BuildManager.GetVirtualPathObjectFactory(VirtualPath virtualPath, HttpContext context, Boolean allowCrossApp, Boolean throwIfNotFound)
   at System.Web.Compilation.BuildManager.GetCompiledType(VirtualPath virtualPath)
   at System.Web.Compilation.BuildManager.GetCompiledType(String virtualPath)
   at System.Web.Mvc.BuildManagerWrapper.System.Web.Mvc.IBuildManager.GetCompiledType(String virtualPath)
   at System.Web.Mvc.BuildManagerCompiledView.Render(ViewContext viewContext, TextWriter writer)
   at System.Web.Mvc.ViewResultBase.ExecuteResult(ControllerContext context)
   at System.Web.Mvc.ControllerActionInvoker.InvokeActionResult(ControllerContext controllerContext, ActionResult actionResult)
   at System.Web.Mvc.ControllerActionInvoker.InvokeActionResultFilterRecursive(IList`1 filters, Int32 filterIndex, ResultExecutingContext preContext, ControllerContext controllerContext, ActionResult actionResult)
   at System.Web.Mvc.ControllerActionInvoker.InvokeActionResultFilterRecursive(IList`1 filters, Int32 filterIndex, ResultExecutingContext preContext, ControllerContext controllerContext, ActionResult actionResult)
   at System.Web.Mvc.ControllerActionInvoker.InvokeActionResultWithFilters(ControllerContext controllerContext, IList`1 filters, ActionResult actionResult)
   at System.Web.Mvc.Async.AsyncControllerActionInvoker.<>c__DisplayClass21.<>c__DisplayClass2b.<BeginInvokeAction>b__1c()
   at System.Web.Mvc.Async.AsyncControllerActionInvoker.<>c__DisplayClass21.<BeginInvokeAction>b__1e(IAsyncResult asyncResult)
   at System.Web.Mvc.Async.AsyncResultWrapper.WrappedAsyncResult`1.CallEndDelegate(IAsyncResult asyncResult)
   at System.Web.Mvc.Async.AsyncResultWrapper.WrappedAsyncResultBase`1.End()
   at System.Web.Mvc.Async.AsyncResultWrapper.End[TResult](IAsyncResult asyncResult, Object tag)
   at System.Web.Mvc.Async.AsyncControllerActionInvoker.EndInvokeAction(IAsyncResult asyncResult)
   at System.Web.Mvc.Controller.<BeginExecuteCore>b__1d(IAsyncResult asyncResult, ExecuteCoreState innerState)
   at System.Web.Mvc.Async.AsyncResultWrapper.WrappedAsyncVoid`1.CallEndDelegate(IAsyncResult asyncResult)
   at System.Web.Mvc.Async.AsyncResultWrapper.WrappedAsyncResultBase`1.End()
   at System.Web.Mvc.Async.AsyncResultWrapper.End[TResult](IAsyncResult asyncResult, Object tag)
   at System.Web.Mvc.Async.AsyncResultWrapper.End(IAsyncResult asyncResult, Object tag)
   at System.Web.Mvc.Controller.EndExecuteCore(IAsyncResult asyncResult)
   at System.Web.Mvc.Controller.<BeginExecute>b__15(IAsyncResult asyncResult, Controller controller)
   at System.Web.Mvc.Async.AsyncResultWrapper.WrappedAsyncVoid`1.CallEndDelegate(IAsyncResult asyncResult)
   at System.Web.Mvc.Async.AsyncResultWrapper.WrappedAsyncResultBase`1.End()
   at System.Web.Mvc.Async.AsyncResultWrapper.End[TResult](IAsyncResult asyncResult, Object tag)
   at System.Web.Mvc.Async.AsyncResultWrapper.End(IAsyncResult asyncResult, Object tag)
   at System.Web.Mvc.Controller.EndExecute(IAsyncResult asyncResult)
   at System.Web.Mvc.Controller.System.Web.Mvc.Async.IAsyncController.EndExecute(IAsyncResult asyncResult)
   at System.Web.Mvc.MvcHandler.<BeginProcessRequest>b__5(IAsyncResult asyncResult, ProcessRequestState innerState)
   at System.Web.Mvc.Async.AsyncResultWrapper.WrappedAsyncVoid`1.CallEndDelegate(IAsyncResult asyncResult)
   at System.Web.Mvc.Async.AsyncResultWrapper.WrappedAsyncResultBase`1.End()
   at System.Web.Mvc.Async.AsyncResultWrapper.End[TResult](IAsyncResult asyncResult, Object tag)
   at System.Web.Mvc.Async.AsyncResultWrapper.End(IAsyncResult asyncResult, Object tag)
   at System.Web.Mvc.MvcHandler.EndProcessRequest(IAsyncResult asyncResult)
   at System.Web.Mvc.MvcHandler.System.Web.IHttpAsyncHandler.EndProcessRequest(IAsyncResult result)
   at System.Web.HttpApplication.CallHandlerExecutionStep.System.Web.HttpApplication.IExecutionStep.Execute()
   at System.Web.HttpApplication.ExecuteStepImpl(IExecutionStep step)
   at System.Web.HttpApplication.ExecuteStep(IExecutionStep step, Boolean& completedSynchronously)
2021-02-14 03:05:46,640 => INFO  NA.PMS.Common.Logger.LogService.LogInformation():24 - Executing Action: GetGenderList on Controller: Application For User : .
2021-02-14 03:05:46,665 => INFO  NA.PMS.Common.Logger.LogService.LogInformation():24 - Executed Action: GetGenderList on Controller: Application For User : .
2021-02-14 03:05:47,161 => INFO  NA.PMS.Common.Logger.LogService.LogInformation():24 - Executing Action: GetMaritalStatusList on Controller: Application For User : .
2021-02-14 03:05:47,179 => INFO  NA.PMS.Common.Logger.LogService.LogInformation():24 - Executed Action: GetMaritalStatusList on Controller: Application For User : .
2021-02-14 03:08:01,899 => INFO  NA.PMS.Common.Logger.LogService.LogInformation():24 - Executing Action: GetOccupationList on Controller: Application For User : .
2021-02-14 03:08:01,988 => ERROR NA.PMS.Common.Logger.LogService.LogError():97 - Global Exception
System.NullReferenceException: Object reference not set to an instance of an object.
   at NA.PMS.OnlineScheme.OnlineSchemeRepository.GetUploadedDocumentsAsDataSource(DataSourceRequest request, SchemeFormViewModel model) in d:\TFSProject\NoidaAuthority\Source\NA.PMS\NA.PMS.OnlineScheme\Repositories\OnlineSchemeRepository.cs:line 1143
   at NA.PMS.OnlineScheme.Controllers.InstitutionalSchemeController.GetUploadedDocumentsAsDataSource(DataSourceRequest request, SchemeFormViewModel model) in d:\TFSProject\NoidaAuthority\Source\NA.PMS\NA.PMS.OnlineScheme\Controllers\InstitutionalSchemeController.cs:line 187
   at lambda_method(Closure , ControllerBase , Object[] )
   at System.Web.Mvc.ActionMethodDispatcher.Execute(ControllerBase controller, Object[] parameters)
   at System.Web.Mvc.ReflectedActionDescriptor.Execute(ControllerContext controllerContext, IDictionary`2 parameters)
   at System.Web.Mvc.ControllerActionInvoker.InvokeActionMethod(ControllerContext controllerContext, ActionDescriptor actionDescriptor, IDictionary`2 parameters)
   at System.Web.Mvc.Async.AsyncControllerActionInvoker.ActionInvocation.InvokeSynchronousActionMethod()
   at System.Web.Mvc.Async.AsyncControllerActionInvoker.<BeginInvokeSynchronousActionMethod>b__39(IAsyncResult asyncResult, ActionInvocation innerInvokeState)
   at System.Web.Mvc.Async.AsyncResultWrapper.WrappedAsyncResult`2.CallEndDelegate(IAsyncResult asyncResult)
   at System.Web.Mvc.Async.AsyncResultWrapper.WrappedAsyncResultBase`1.End()
   at System.Web.Mvc.Async.AsyncResultWrapper.End[TResult](IAsyncResult asyncResult, Object tag)
   at System.Web.Mvc.Async.AsyncControllerActionInvoker.EndInvokeActionMethod(IAsyncResult asyncResult)
   at System.Web.Mvc.Async.AsyncControllerActionInvoker.AsyncInvocationWithFilters.<InvokeActionMethodFilterAsynchronouslyRecursive>b__3d()
   at System.Web.Mvc.Async.AsyncControllerActionInvoker.AsyncInvocationWithFilters.<>c__DisplayClass46.<InvokeActionMethodFilterAsynchronouslyRecursive>b__3f()
   at System.Web.Mvc.Async.AsyncControllerActionInvoker.<>c__DisplayClass33.<BeginInvokeActionMethodWithFilters>b__32(IAsyncResult asyncResult)
   at System.Web.Mvc.Async.AsyncResultWrapper.WrappedAsyncResult`1.CallEndDelegate(IAsyncResult asyncResult)
   at System.Web.Mvc.Async.AsyncResultWrapper.WrappedAsyncResultBase`1.End()
   at System.Web.Mvc.Async.AsyncResultWrapper.End[TResult](IAsyncResult asyncResult, Object tag)
   at System.Web.Mvc.Async.AsyncControllerActionInvoker.EndInvokeActionMethodWithFilters(IAsyncResult asyncResult)
   at System.Web.Mvc.Async.AsyncControllerActionInvoker.<>c__DisplayClass21.<>c__DisplayClass2b.<BeginInvokeAction>b__1c()
   at System.Web.Mvc.Async.AsyncControllerActionInvoker.<>c__DisplayClass21.<BeginInvokeAction>b__1e(IAsyncResult asyncResult)
   at System.Web.Mvc.Async.AsyncResultWrapper.WrappedAsyncResult`1.CallEndDelegate(IAsyncResult asyncResult)
   at System.Web.Mvc.Async.AsyncResultWrapper.WrappedAsyncResultBase`1.End()
   at System.Web.Mvc.Async.AsyncResultWrapper.End[TResult](IAsyncResult asyncResult, Object tag)
   at System.Web.Mvc.Async.AsyncControllerActionInvoker.EndInvokeAction(IAsyncResult asyncResult)
   at System.Web.Mvc.Controller.<BeginExecuteCore>b__1d(IAsyncResult asyncResult, ExecuteCoreState innerState)
   at System.Web.Mvc.Async.AsyncResultWrapper.WrappedAsyncVoid`1.CallEndDelegate(IAsyncResult asyncResult)
   at System.Web.Mvc.Async.AsyncResultWrapper.WrappedAsyncResultBase`1.End()
   at System.Web.Mvc.Async.AsyncResultWrapper.End[TResult](IAsyncResult asyncResult, Object tag)
   at System.Web.Mvc.Async.AsyncResultWrapper.End(IAsyncResult asyncResult, Object tag)
   at System.Web.Mvc.Controller.EndExecuteCore(IAsyncResult asyncResult)
   at System.Web.Mvc.Controller.<BeginExecute>b__15(IAsyncResult asyncResult, Controller controller)
   at System.Web.Mvc.Async.AsyncResultWrapper.WrappedAsyncVoid`1.CallEndDelegate(IAsyncResult asyncResult)
   at System.Web.Mvc.Async.AsyncResultWrapper.WrappedAsyncResultBase`1.End()
   at System.Web.Mvc.Async.AsyncResultWrapper.End[TResult](IAsyncResult asyncResult, Object tag)
   at System.Web.Mvc.Async.AsyncResultWrapper.End(IAsyncResult asyncResult, Object tag)
   at System.Web.Mvc.Controller.EndExecute(IAsyncResult asyncResult)
   at System.Web.Mvc.Controller.System.Web.Mvc.Async.IAsyncController.EndExecute(IAsyncResult asyncResult)
   at System.Web.Mvc.MvcHandler.<BeginProcessRequest>b__5(IAsyncResult asyncResult, ProcessRequestState innerState)
   at System.Web.Mvc.Async.AsyncResultWrapper.WrappedAsyncVoid`1.CallEndDelegate(IAsyncResult asyncResult)
   at System.Web.Mvc.Async.AsyncResultWrapper.WrappedAsyncResultBase`1.End()
   at System.Web.Mvc.Async.AsyncResultWrapper.End[TResult](IAsyncResult asyncResult, Object tag)
   at System.Web.Mvc.Async.AsyncResultWrapper.End(IAsyncResult asyncResult, Object tag)
   at System.Web.Mvc.MvcHandler.EndProcessRequest(IAsyncResult asyncResult)
   at System.Web.Mvc.MvcHandler.System.Web.IHttpAsyncHandler.EndProcessRequest(IAsyncResult result)
   at System.Web.HttpApplication.CallHandlerExecutionStep.System.Web.HttpApplication.IExecutionStep.Execute()
   at System.Web.HttpApplication.ExecuteStepImpl(IExecutionStep step)
   at System.Web.HttpApplication.ExecuteStep(IExecutionStep step, Boolean& completedSynchronously)
2021-02-14 03:08:02,112 => INFO  NA.PMS.Common.Logger.LogService.LogInformation():24 - Executed Action: GetOccupationList on Controller: Application For User : .
2021-02-14 03:08:02,899 => INFO  NA.PMS.Common.Logger.LogService.LogInformation():24 - Executing Action: GetCategoryList on Controller: Application For User : .
2021-02-14 03:08:03,050 => INFO  NA.PMS.Common.Logger.LogService.LogInformation():24 - Executed Action: GetCategoryList on Controller: Application For User : .
2021-02-14 03:10:49,032 => INFO  NA.PMS.Common.Logger.LogService.LogInformation():24 - Executing Action: GetGenderList on Controller: Application For User : .
2021-02-14 03:10:49,046 => INFO  NA.PMS.Common.Logger.LogService.LogInformation():24 - Executed Action: GetGenderList on Controller: Application For User : .
2021-02-14 03:10:49,082 => INFO  NA.PMS.Common.Logger.LogService.LogInformation():24 - Executing Action: GetOccupationList on Controller: Application For User : .
2021-02-14 03:10:49,199 => INFO  NA.PMS.Common.Logger.LogService.LogInformation():24 - Executed Action: GetOccupationList on Controller: Application For User : .
2021-02-14 03:10:49,536 => INFO  NA.PMS.Common.Logger.LogService.LogInformation():24 - Executing Action: GetMaritalStatusList on Controller: Application For User : .
2021-02-14 03:10:49,552 => INFO  NA.PMS.Common.Logger.LogService.LogInformation():24 - Executed Action: GetMaritalStatusList on Controller: Application For User : .
2021-02-14 03:10:49,580 => INFO  NA.PMS.Common.Logger.LogService.LogInformation():24 - Executing Action: GetCategoryList on Controller: Application For User : .
2021-02-14 03:10:49,697 => INFO  NA.PMS.Common.Logger.LogService.LogInformation():24 - Executed Action: GetCategoryList on Controller: Application For User : .
2021-02-14 03:16:55,945 => INFO  NA.PMS.Common.Logger.LogService.LogInformation():24 - Executing Action: GetGenderList on Controller: Application For User : .
2021-02-14 03:16:55,963 => INFO  NA.PMS.Common.Logger.LogService.LogInformation():24 - Executed Action: GetGenderList on Controller: Application For User : .
2021-02-14 03:16:56,016 => INFO  NA.PMS.Common.Logger.LogService.LogInformation():24 - Executing Action: GetMaritalStatusList on Controller: Application For User : .
2021-02-14 03:16:56,043 => INFO  NA.PMS.Common.Logger.LogService.LogInformation():24 - Executed Action: GetMaritalStatusList on Controller: Application For User : .
2021-02-14 03:16:56,103 => INFO  NA.PMS.Common.Logger.LogService.LogInformation():24 - Executing Action: GetCategoryList on Controller: Application For User : .
2021-02-14 03:16:56,499 => INFO  NA.PMS.Common.Logger.LogService.LogInformation():24 - Executed Action: GetCategoryList on Controller: Application For User : .
2021-02-14 03:16:56,627 => INFO  NA.PMS.Common.Logger.LogService.LogInformation():24 - Executing Action: GetOccupationList on Controller: Application For User : .
2021-02-14 03:16:56,714 => INFO  NA.PMS.Common.Logger.LogService.LogInformation():24 - Executed Action: GetOccupationList on Controller: Application For User : .
2021-02-14 03:17:13,859 => INFO  NA.PMS.Common.Logger.LogService.LogInformation():24 - Executing Action: GetMaritalStatusList on Controller: Application For User : .
2021-02-14 03:17:13,882 => INFO  NA.PMS.Common.Logger.LogService.LogInformation():24 - Executed Action: GetMaritalStatusList on Controller: Application For User : .
2021-02-14 03:17:14,359 => INFO  NA.PMS.Common.Logger.LogService.LogInformation():24 - Executing Action: GetGenderList on Controller: Application For User : .
2021-02-14 03:17:14,394 => INFO  NA.PMS.Common.Logger.LogService.LogInformation():24 - Executed Action: GetGenderList on Controller: Application For User : .
2021-02-14 03:17:14,891 => INFO  NA.PMS.Common.Logger.LogService.LogInformation():24 - Executing Action: GetCategoryList on Controller: Application For User : .
2021-02-14 03:17:14,974 => INFO  NA.PMS.Common.Logger.LogService.LogInformation():24 - Executed Action: GetCategoryList on Controller: Application For User : .
2021-02-14 03:17:15,391 => INFO  NA.PMS.Common.Logger.LogService.LogInformation():24 - Executing Action: GetOccupationList on Controller: Application For User : .
2021-02-14 03:17:15,474 => INFO  NA.PMS.Common.Logger.LogService.LogInformation():24 - Executed Action: GetOccupationList on Controller: Application For User : .
2021-02-14 03:19:06,743 => INFO  NA.PMS.Common.Logger.LogService.LogInformation():24 - Executing Action: GetGenderList on Controller: Application For User : .
2021-02-14 03:19:06,767 => INFO  NA.PMS.Common.Logger.LogService.LogInformation():24 - Executed Action: GetGenderList on Controller: Application For User : .
2021-02-14 03:19:06,837 => INFO  NA.PMS.Common.Logger.LogService.LogInformation():24 - Executing Action: GetMaritalStatusList on Controller: Application For User : .
2021-02-14 03:19:06,862 => INFO  NA.PMS.Common.Logger.LogService.LogInformation():24 - Executed Action: GetMaritalStatusList on Controller: Application For User : .
2021-02-14 03:19:07,353 => INFO  NA.PMS.Common.Logger.LogService.LogInformation():24 - Executing Action: GetCategoryList on Controller: Application For User : .
2021-02-14 03:19:07,425 => INFO  NA.PMS.Common.Logger.LogService.LogInformation():24 - Executed Action: GetCategoryList on Controller: Application For User : .
2021-02-14 03:19:07,859 => INFO  NA.PMS.Common.Logger.LogService.LogInformation():24 - Executing Action: GetOccupationList on Controller: Application For User : .
2021-02-14 03:19:07,945 => INFO  NA.PMS.Common.Logger.LogService.LogInformation():24 - Executed Action: GetOccupationList on Controller: Application For User : .
2021-02-14 03:19:36,790 => INFO  NA.PMS.Common.Logger.LogService.LogInformation():24 - Executing Action: GetMaritalStatusList on Controller: Application For User : .
2021-02-14 03:19:36,819 => INFO  NA.PMS.Common.Logger.LogService.LogInformation():24 - Executed Action: GetMaritalStatusList on Controller: Application For User : .
2021-02-14 03:19:37,299 => INFO  NA.PMS.Common.Logger.LogService.LogInformation():24 - Executing Action: GetGenderList on Controller: Application For User : .
2021-02-14 03:19:37,312 => INFO  NA.PMS.Common.Logger.LogService.LogInformation():24 - Executed Action: GetGenderList on Controller: Application For User : .
2021-02-14 03:19:37,810 => INFO  NA.PMS.Common.Logger.LogService.LogInformation():24 - Executing Action: GetCategoryList on Controller: Application For User : .
2021-02-14 03:19:37,895 => INFO  NA.PMS.Common.Logger.LogService.LogInformation():24 - Executed Action: GetCategoryList on Controller: Application For User : .
2021-02-14 03:19:38,310 => INFO  NA.PMS.Common.Logger.LogService.LogInformation():24 - Executing Action: GetOccupationList on Controller: Application For User : .
2021-02-14 03:19:38,405 => INFO  NA.PMS.Common.Logger.LogService.LogInformation():24 - Executed Action: GetOccupationList on Controller: Application For User : .
2021-02-14 03:19:42,941 => INFO  NA.PMS.Common.Logger.LogService.LogInformation():24 - Executing Action: GetApplicationFormIdForOfflinePayment on Controller: Payment For User : .
2021-02-14 03:19:43,314 => INFO  NA.PMS.Common.Logger.LogService.LogInformation():24 - Executed Action: GetApplicationFormIdForOfflinePayment on Controller: Payment For User : .
2021-02-14 03:20:04,344 => INFO  NA.PMS.Common.Logger.LogService.LogInformation():24 - Executing Action: GetGenderList on Controller: Application For User : .
2021-02-14 03:20:04,362 => INFO  NA.PMS.Common.Logger.LogService.LogInformation():24 - Executed Action: GetGenderList on Controller: Application For User : .
2021-02-14 03:20:04,408 => INFO  NA.PMS.Common.Logger.LogService.LogInformation():24 - Executing Action: GetMaritalStatusList on Controller: Application For User : .
2021-02-14 03:20:04,443 => INFO  NA.PMS.Common.Logger.LogService.LogInformation():24 - Executed Action: GetMaritalStatusList on Controller: Application For User : .
2021-02-14 03:20:04,914 => INFO  NA.PMS.Common.Logger.LogService.LogInformation():24 - Executing Action: GetCategoryList on Controller: Application For User : .
2021-02-14 03:20:04,996 => INFO  NA.PMS.Common.Logger.LogService.LogInformation():24 - Executed Action: GetCategoryList on Controller: Application For User : .
2021-02-14 03:20:06,952 => INFO  NA.PMS.Common.Logger.LogService.LogInformation():24 - Executing Action: GetOccupationList on Controller: Application For User : .
2021-02-14 03:20:07,035 => INFO  NA.PMS.Common.Logger.LogService.LogInformation():24 - Executed Action: GetOccupationList on Controller: Application For User : .
2021-02-14 03:22:49,351 => INFO  NA.PMS.Common.Logger.LogService.LogInformation():24 - Executing Action: GetCategoryList on Controller: Application For User : .
2021-02-14 03:22:49,458 => INFO  NA.PMS.Common.Logger.LogService.LogInformation():24 - Executed Action: GetCategoryList on Controller: Application For User : .
2021-02-14 03:22:49,834 => INFO  NA.PMS.Common.Logger.LogService.LogInformation():24 - Executing Action: GetGenderList on Controller: Application For User : .
2021-02-14 03:22:49,855 => INFO  NA.PMS.Common.Logger.LogService.LogInformation():24 - Executed Action: GetGenderList on Controller: Application For User : .
2021-02-14 03:22:50,342 => INFO  NA.PMS.Common.Logger.LogService.LogInformation():24 - Executing Action: GetMaritalStatusList on Controller: Application For User : .
2021-02-14 03:22:50,353 => INFO  NA.PMS.Common.Logger.LogService.LogInformation():24 - Executed Action: GetMaritalStatusList on Controller: Application For User : .
2021-02-14 03:22:50,862 => INFO  NA.PMS.Common.Logger.LogService.LogInformation():24 - Executing Action: GetOccupationList on Controller: Application For User : .
2021-02-14 03:22:50,961 => INFO  NA.PMS.Common.Logger.LogService.LogInformation():24 - Executed Action: GetOccupationList on Controller: Application For User : .
2021-02-14 03:25:28,686 => INFO  NA.PMS.Common.Logger.LogService.LogInformation():24 - Executing Action: GetMaritalStatusList on Controller: Application For User : .
2021-02-14 03:25:28,711 => INFO  NA.PMS.Common.Logger.LogService.LogInformation():24 - Executed Action: GetMaritalStatusList on Controller: Application For User : .
2021-02-14 03:25:29,162 => INFO  NA.PMS.Common.Logger.LogService.LogInformation():24 - Executing Action: GetGenderList on Controller: Application For User : .
2021-02-14 03:25:29,175 => INFO  NA.PMS.Common.Logger.LogService.LogInformation():24 - Executed Action: GetGenderList on Controller: Application For User : .
2021-02-14 03:25:29,217 => INFO  NA.PMS.Common.Logger.LogService.LogInformation():24 - Executing Action: GetOccupationList on Controller: Application For User : .
2021-02-14 03:25:29,343 => INFO  NA.PMS.Common.Logger.LogService.LogInformation():24 - Executed Action: GetOccupationList on Controller: Application For User : .
2021-02-14 03:25:29,719 => INFO  NA.PMS.Common.Logger.LogService.LogInformation():24 - Executing Action: GetCategoryList on Controller: Application For User : .
2021-02-14 03:25:29,808 => INFO  NA.PMS.Common.Logger.LogService.LogInformation():24 - Executed Action: GetCategoryList on Controller: Application For User : .
2021-02-14 08:32:45,604 => INFO  NA.PMS.Common.Logger.LogService.LogInformation():24 - Executing Action: Login on Controller: Account For User : .
2021-02-14 08:32:45,985 => INFO  NA.PMS.Common.Logger.LogService.LogInformation():24 - Executed Action: Login on Controller: Account For User : .
2021-02-14 12:08:25,341 => INFO  NA.PMS.Common.Logger.LogService.LogInformation():24 - Executing Action: Login on Controller: Account For User : .
2021-02-14 12:08:25,695 => INFO  NA.PMS.Common.Logger.LogService.LogInformation():24 - Executed Action: Login on Controller: Account For User : .
2021-02-14 12:09:42,492 => ERROR NA.PMS.Common.Logger.LogService.LogError():97 - Global Exception
System.Data.Entity.Core.EntityException: The underlying provider failed on Open. ---> System.Data.SqlClient.SqlException: A network-related or instance-specific error occurred while establishing a connection to SQL Server. The server was not found or was not accessible. Verify that the instance name is correct and that SQL Server is configured to allow remote connections. (provider: Named Pipes Provider, error: 40 - Could not open a connection to SQL Server) ---> System.ComponentModel.Win32Exception: The network path was not found
   --- End of inner exception stack trace ---
   at System.Data.SqlClient.SqlInternalConnectionTds..ctor(DbConnectionPoolIdentity identity, SqlConnectionString connectionOptions, SqlCredential credential, Object providerInfo, String newPassword, SecureString newSecurePassword, Boolean redirectedUserInstance, SqlConnectionString userConnectionOptions, SessionData reconnectSessionData, DbConnectionPool pool, String accessToken, Boolean applyTransientFaultHandling, SqlAuthenticationProviderManager sqlAuthProviderManager)
   at System.Data.SqlClient.SqlConnectionFactory.CreateConnection(DbConnectionOptions options, DbConnectionPoolKey poolKey, Object poolGroupProviderInfo, DbConnectionPool pool, DbConnection owningConnection, DbConnectionOptions userOptions)
   at System.Data.ProviderBase.DbConnectionFactory.CreatePooledConnection(DbConnectionPool pool, DbConnection owningObject, DbConnectionOptions options, DbConnectionPoolKey poolKey, DbConnectionOptions userOptions)
   at System.Data.ProviderBase.DbConnectionPool.CreateObject(DbConnection owningObject, DbConnectionOptions userOptions, DbConnectionInternal oldConnection)
   at System.Data.ProviderBase.DbConnectionPool.UserCreateRequest(DbConnection owningObject, DbConnectionOptions userOptions, DbConnectionInternal oldConnection)
   at System.Data.ProviderBase.DbConnectionPool.TryGetConnection(DbConnection owningObject, UInt32 waitForMultipleObjectsTimeout, Boolean allowCreate, Boolean onlyOneCheckConnection, DbConnectionOptions userOptions, DbConnectionInternal& connection)
   at System.Data.ProviderBase.DbConnectionPool.TryGetConnection(DbConnection owningObject, TaskCompletionSource`1 retry, DbConnectionOptions userOptions, DbConnectionInternal& connection)
   at System.Data.ProviderBase.DbConnectionFactory.TryGetConnection(DbConnection owningConnection, TaskCompletionSource`1 retry, DbConnectionOptions userOptions, DbConnectionInternal oldConnection, DbConnectionInternal& connection)
   at System.Data.ProviderBase.DbConnectionInternal.TryOpenConnectionInternal(DbConnection outerConnection, DbConnectionFactory connectionFactory, TaskCompletionSource`1 retry, DbConnectionOptions userOptions)
   at System.Data.ProviderBase.DbConnectionClosed.TryOpenConnection(DbConnection outerConnection, DbConnectionFactory connectionFactory, TaskCompletionSource`1 retry, DbConnectionOptions userOptions)
   at System.Data.SqlClient.SqlConnection.TryOpenInner(TaskCompletionSource`1 retry)
   at System.Data.SqlClient.SqlConnection.TryOpen(TaskCompletionSource`1 retry)
   at System.Data.SqlClient.SqlConnection.Open()
   at System.Data.Entity.Infrastructure.Interception.DbConnectionDispatcher.<Open>b__36(DbConnection t, DbConnectionInterceptionContext c)
   at System.Data.Entity.Infrastructure.Interception.InternalDispatcher`1.Dispatch[TTarget,TInterceptionContext](TTarget target, Action`2 operation, TInterceptionContext interceptionContext, Action`3 executing, Action`3 executed)
   at System.Data.Entity.Infrastructure.Interception.DbConnectionDispatcher.Open(DbConnection connection, DbInterceptionContext interceptionContext)
   at System.Data.Entity.Core.EntityClient.EntityConnection.<Open>b__2()
   at System.Data.Entity.SqlServer.DefaultSqlExecutionStrategy.<>c__DisplayClass1.<Execute>b__0()
   at System.Data.Entity.SqlServer.DefaultSqlExecutionStrategy.Execute[TResult](Func`1 operation)
   at System.Data.Entity.SqlServer.DefaultSqlExecutionStrategy.Execute(Action operation)
   at System.Data.Entity.Core.EntityClient.EntityConnection.Open()
   --- End of inner exception stack trace ---
   at System.Data.Entity.Core.EntityClient.EntityConnection.Open()
   at System.Data.Entity.Core.Objects.ObjectContext.EnsureConnection(Boolean shouldMonitorTransactions)
   at System.Data.Entity.Core.Objects.ObjectContext.ExecuteInTransaction[T](Func`1 func, IDbExecutionStrategy executionStrategy, Boolean startLocalTransaction, Boolean releaseConnectionOnSuccess)
   at System.Data.Entity.Core.Objects.ObjectQuery`1.<>c__DisplayClass7.<GetResults>b__5()
   at System.Data.Entity.SqlServer.DefaultSqlExecutionStrategy.Execute[TResult](Func`1 operation)
   at System.Data.Entity.Core.Objects.ObjectQuery`1.GetResults(Nullable`1 forMergeOption)
   at System.Data.Entity.Core.Objects.ObjectQuery`1.<System.Collections.Generic.IEnumerable<T>.GetEnumerator>b__0()
   at System.Data.Entity.Internal.LazyEnumerator`1.MoveNext()
   at System.Linq.Enumerable.FirstOrDefault[TSource](IEnumerable`1 source)
   at System.Data.Entity.Core.Objects.ELinq.ObjectQueryProvider.<GetElementFunction>b__1[TResult](IEnumerable`1 sequence)
   at System.Data.Entity.Core.Objects.ELinq.ObjectQueryProvider.ExecuteSingle[TResult](IEnumerable`1 query, Expression queryRoot)
   at System.Data.Entity.Core.Objects.ELinq.ObjectQueryProvider.System.Linq.IQueryProvider.Execute[TResult](Expression expression)
   at System.Data.Entity.Internal.Linq.DbQueryProvider.Execute[TResult](Expression expression)
   at System.Linq.Queryable.FirstOrDefault[TSource](IQueryable`1 source, Expression`1 predicate)
   at NA.PMS.OnlineScheme.OnlineSchemeRepository.GetOnlineSchemeApplicationFormById(Nullable`1 id) in d:\TFSProject\NoidaAuthority\Source\NA.PMS\NA.PMS.OnlineScheme\Repositories\OnlineSchemeRepository.cs:line 689
   at NA.PMS.OnlineScheme.Controllers.InstitutionalSchemeController.PreviewSchemeForm(SchemeFormViewModel form) in d:\TFSProject\NoidaAuthority\Source\NA.PMS\NA.PMS.OnlineScheme\Controllers\InstitutionalSchemeController.cs:line 112
   at lambda_method(Closure , ControllerBase , Object[] )
   at System.Web.Mvc.ActionMethodDispatcher.Execute(ControllerBase controller, Object[] parameters)
   at System.Web.Mvc.ReflectedActionDescriptor.Execute(ControllerContext controllerContext, IDictionary`2 parameters)
   at System.Web.Mvc.ControllerActionInvoker.InvokeActionMethod(ControllerContext controllerContext, ActionDescriptor actionDescriptor, IDictionary`2 parameters)
   at System.Web.Mvc.Async.AsyncControllerActionInvoker.ActionInvocation.InvokeSynchronousActionMethod()
   at System.Web.Mvc.Async.AsyncControllerActionInvoker.<BeginInvokeSynchronousActionMethod>b__39(IAsyncResult asyncResult, ActionInvocation innerInvokeState)
   at System.Web.Mvc.Async.AsyncResultWrapper.WrappedAsyncResult`2.CallEndDelegate(IAsyncResult asyncResult)
   at System.Web.Mvc.Async.AsyncResultWrapper.WrappedAsyncResultBase`1.End()
   at System.Web.Mvc.Async.AsyncResultWrapper.End[TResult](IAsyncResult asyncResult, Object tag)
   at System.Web.Mvc.Async.AsyncControllerActionInvoker.EndInvokeActionMethod(IAsyncResult asyncResult)
   at System.Web.Mvc.Async.AsyncControllerActionInvoker.AsyncInvocationWithFilters.<InvokeActionMethodFilterAsynchronouslyRecursive>b__3d()
   at System.Web.Mvc.Async.AsyncControllerActionInvoker.AsyncInvocationWithFilters.<>c__DisplayClass46.<InvokeActionMethodFilterAsynchronouslyRecursive>b__3f()
   at System.Web.Mvc.Async.AsyncControllerActionInvoker.<>c__DisplayClass33.<BeginInvokeActionMethodWithFilters>b__32(IAsyncResult asyncResult)
   at System.Web.Mvc.Async.AsyncResultWrapper.WrappedAsyncResult`1.CallEndDelegate(IAsyncResult asyncResult)
   at System.Web.Mvc.Async.AsyncResultWrapper.WrappedAsyncResultBase`1.End()
   at System.Web.Mvc.Async.AsyncResultWrapper.End[TResult](IAsyncResult asyncResult, Object tag)
   at System.Web.Mvc.Async.AsyncControllerActionInvoker.EndInvokeActionMethodWithFilters(IAsyncResult asyncResult)
   at System.Web.Mvc.Async.AsyncControllerActionInvoker.<>c__DisplayClass21.<>c__DisplayClass2b.<BeginInvokeAction>b__1c()
   at System.Web.Mvc.Async.AsyncControllerActionInvoker.<>c__DisplayClass21.<BeginInvokeAction>b__1e(IAsyncResult asyncResult)
   at System.Web.Mvc.Async.AsyncResultWrapper.WrappedAsyncResult`1.CallEndDelegate(IAsyncResult asyncResult)
   at System.Web.Mvc.Async.AsyncResultWrapper.WrappedAsyncResultBase`1.End()
   at System.Web.Mvc.Async.AsyncResultWrapper.End[TResult](IAsyncResult asyncResult, Object tag)
   at System.Web.Mvc.Async.AsyncControllerActionInvoker.EndInvokeAction(IAsyncResult asyncResult)
   at System.Web.Mvc.Controller.<BeginExecuteCore>b__1d(IAsyncResult asyncResult, ExecuteCoreState innerState)
   at System.Web.Mvc.Async.AsyncResultWrapper.WrappedAsyncVoid`1.CallEndDelegate(IAsyncResult asyncResult)
   at System.Web.Mvc.Async.AsyncResultWrapper.WrappedAsyncResultBase`1.End()
   at System.Web.Mvc.Async.AsyncResultWrapper.End[TResult](IAsyncResult asyncResult, Object tag)
   at System.Web.Mvc.Async.AsyncResultWrapper.End(IAsyncResult asyncResult, Object tag)
   at System.Web.Mvc.Controller.EndExecuteCore(IAsyncResult asyncResult)
   at System.Web.Mvc.Controller.<BeginExecute>b__15(IAsyncResult asyncResult, Controller controller)
   at System.Web.Mvc.Async.AsyncResultWrapper.WrappedAsyncVoid`1.CallEndDelegate(IAsyncResult asyncResult)
   at System.Web.Mvc.Async.AsyncResultWrapper.WrappedAsyncResultBase`1.End()
   at System.Web.Mvc.Async.AsyncResultWrapper.End[TResult](IAsyncResult asyncResult, Object tag)
   at System.Web.Mvc.Async.AsyncResultWrapper.End(IAsyncResult asyncResult, Object tag)
   at System.Web.Mvc.Controller.EndExecute(IAsyncResult asyncResult)
   at System.Web.Mvc.Controller.System.Web.Mvc.Async.IAsyncController.EndExecute(IAsyncResult asyncResult)
   at System.Web.Mvc.MvcHandler.<BeginProcessRequest>b__5(IAsyncResult asyncResult, ProcessRequestState innerState)
   at System.Web.Mvc.Async.AsyncResultWrapper.WrappedAsyncVoid`1.CallEndDelegate(IAsyncResult asyncResult)
   at System.Web.Mvc.Async.AsyncResultWrapper.WrappedAsyncResultBase`1.End()
   at System.Web.Mvc.Async.AsyncResultWrapper.End[TResult](IAsyncResult asyncResult, Object tag)
   at System.Web.Mvc.Async.AsyncResultWrapper.End(IAsyncResult asyncResult, Object tag)
   at System.Web.Mvc.MvcHandler.EndProcessRequest(IAsyncResult asyncResult)
   at System.Web.Mvc.MvcHandler.System.Web.IHttpAsyncHandler.EndProcessRequest(IAsyncResult result)
   at System.Web.HttpApplication.CallHandlerExecutionStep.System.Web.HttpApplication.IExecutionStep.Execute()
   at System.Web.HttpApplication.ExecuteStepImpl(IExecutionStep step)
   at System.Web.HttpApplication.ExecuteStep(IExecutionStep step, Boolean& completedSynchronously)
2021-02-14 12:10:10,357 => INFO  NA.PMS.Common.Logger.LogService.LogInformation():24 - Executing Action: GetCategoryList on Controller: Application For User : .
2021-02-14 12:10:10,481 => INFO  NA.PMS.Common.Logger.LogService.LogInformation():24 - Executed Action: GetCategoryList on Controller: Application For User : .
2021-02-14 12:10:10,836 => INFO  NA.PMS.Common.Logger.LogService.LogInformation():24 - Executing Action: GetOccupationList on Controller: Application For User : .
2021-02-14 12:10:10,993 => INFO  NA.PMS.Common.Logger.LogService.LogInformation():24 - Executed Action: GetOccupationList on Controller: Application For User : .
2021-02-14 12:10:12,373 => INFO  NA.PMS.Common.Logger.LogService.LogInformation():24 - Executing Action: GetMaritalStatusList on Controller: Application For User : .
2021-02-14 12:10:12,391 => INFO  NA.PMS.Common.Logger.LogService.LogInformation():24 - Executed Action: GetMaritalStatusList on Controller: Application For User : .
2021-02-14 12:10:12,480 => INFO  NA.PMS.Common.Logger.LogService.LogInformation():24 - Executing Action: GetMaritalStatusList on Controller: Application For User : .
2021-02-14 12:10:12,524 => INFO  NA.PMS.Common.Logger.LogService.LogInformation():24 - Executed Action: GetMaritalStatusList on Controller: Application For User : .
2021-02-14 12:10:12,889 => INFO  NA.PMS.Common.Logger.LogService.LogInformation():24 - Executing Action: GetGenderList on Controller: Application For User : .
2021-02-14 12:10:12,909 => INFO  NA.PMS.Common.Logger.LogService.LogInformation():24 - Executed Action: GetGenderList on Controller: Application For User : .
2021-02-14 12:10:12,986 => INFO  NA.PMS.Common.Logger.LogService.LogInformation():24 - Executing Action: GetGenderList on Controller: Application For User : .
2021-02-14 12:10:13,000 => INFO  NA.PMS.Common.Logger.LogService.LogInformation():24 - Executed Action: GetGenderList on Controller: Application For User : .
2021-02-14 12:10:13,516 => INFO  NA.PMS.Common.Logger.LogService.LogInformation():24 - Executing Action: GetCategoryList on Controller: Application For User : .
2021-02-14 12:10:14,454 => INFO  NA.PMS.Common.Logger.LogService.LogInformation():24 - Executed Action: GetCategoryList on Controller: Application For User : .
2021-02-14 12:10:14,518 => INFO  NA.PMS.Common.Logger.LogService.LogInformation():24 - Executing Action: GetOccupationList on Controller: Application For User : .
2021-02-14 12:10:14,781 => INFO  NA.PMS.Common.Logger.LogService.LogInformation():24 - Executed Action: GetOccupationList on Controller: Application For User : .
2021-02-14 14:33:24,592 => INFO  NA.PMS.Common.Logger.LogService.LogInformation():24 - Executing Action: GetGenderList on Controller: Application For User : .
2021-02-14 14:33:24,609 => INFO  NA.PMS.Common.Logger.LogService.LogInformation():24 - Executed Action: GetGenderList on Controller: Application For User : .
2021-02-14 14:33:24,650 => INFO  NA.PMS.Common.Logger.LogService.LogInformation():24 - Executing Action: GetOccupationList on Controller: Application For User : .
2021-02-14 14:33:24,753 => INFO  NA.PMS.Common.Logger.LogService.LogInformation():24 - Executed Action: GetOccupationList on Controller: Application For User : .
2021-02-14 14:33:25,155 => INFO  NA.PMS.Common.Logger.LogService.LogInformation():24 - Executing Action: GetCategoryList on Controller: Application For User : .
2021-02-14 14:33:25,255 => INFO  NA.PMS.Common.Logger.LogService.LogInformation():24 - Executed Action: GetCategoryList on Controller: Application For User : .
2021-02-14 14:33:25,657 => INFO  NA.PMS.Common.Logger.LogService.LogInformation():24 - Executing Action: GetMaritalStatusList on Controller: Application For User : .
2021-02-14 14:33:25,673 => INFO  NA.PMS.Common.Logger.LogService.LogInformation():24 - Executed Action: GetMaritalStatusList on Controller: Application For User : .
2021-02-14 14:34:26,494 => INFO  NA.PMS.Common.Logger.LogService.LogInformation():24 - Executing Action: GetOccupationList on Controller: Application For User : .
2021-02-14 14:34:26,603 => INFO  NA.PMS.Common.Logger.LogService.LogInformation():24 - Executed Action: GetOccupationList on Controller: Application For User : .
2021-02-14 14:34:26,923 => INFO  NA.PMS.Common.Logger.LogService.LogInformation():24 - Executing Action: GetGenderList on Controller: Application For User : .
2021-02-14 14:34:26,943 => INFO  NA.PMS.Common.Logger.LogService.LogInformation():24 - Executed Action: GetGenderList on Controller: Application For User : .
2021-02-14 14:34:27,002 => INFO  NA.PMS.Common.Logger.LogService.LogInformation():24 - Executing Action: GetCategoryList on Controller: Application For User : .
2021-02-14 14:34:27,112 => INFO  NA.PMS.Common.Logger.LogService.LogInformation():24 - Executed Action: GetCategoryList on Controller: Application For User : .
2021-02-14 14:34:27,466 => INFO  NA.PMS.Common.Logger.LogService.LogInformation():24 - Executing Action: GetMaritalStatusList on Controller: Application For User : .
2021-02-14 14:34:27,485 => INFO  NA.PMS.Common.Logger.LogService.LogInformation():24 - Executed Action: GetMaritalStatusList on Controller: Application For User : .
2021-02-14 14:36:19,881 => INFO  NA.PMS.Common.Logger.LogService.LogInformation():24 - Executing Action: GetMaritalStatusList on Controller: Application For User : .
2021-02-14 14:36:19,921 => INFO  NA.PMS.Common.Logger.LogService.LogInformation():24 - Executed Action: GetMaritalStatusList on Controller: Application For User : .
2021-02-14 14:36:20,388 => INFO  NA.PMS.Common.Logger.LogService.LogInformation():24 - Executing Action: GetOccupationList on Controller: Application For User : .
2021-02-14 14:36:20,478 => INFO  NA.PMS.Common.Logger.LogService.LogInformation():24 - Executed Action: GetOccupationList on Controller: Application For User : .
2021-02-14 14:36:20,891 => INFO  NA.PMS.Common.Logger.LogService.LogInformation():24 - Executing Action: GetCategoryList on Controller: Application For User : .
2021-02-14 14:36:21,005 => INFO  NA.PMS.Common.Logger.LogService.LogInformation():24 - Executed Action: GetCategoryList on Controller: Application For User : .
2021-02-14 14:36:21,389 => INFO  NA.PMS.Common.Logger.LogService.LogInformation():24 - Executing Action: GetGenderList on Controller: Application For User : .
2021-02-14 14:36:21,401 => INFO  NA.PMS.Common.Logger.LogService.LogInformation():24 - Executed Action: GetGenderList on Controller: Application For User : .
2021-02-14 14:43:48,237 => INFO  NA.PMS.Common.Logger.LogService.LogInformation():24 - Executing Action: GetGenderList on Controller: Application For User : .
2021-02-14 14:43:48,264 => INFO  NA.PMS.Common.Logger.LogService.LogInformation():24 - Executed Action: GetGenderList on Controller: Application For User : .
2021-02-14 14:43:49,268 => INFO  NA.PMS.Common.Logger.LogService.LogInformation():24 - Executing Action: GetCategoryList on Controller: Application For User : .
2021-02-14 14:43:49,352 => INFO  NA.PMS.Common.Logger.LogService.LogInformation():24 - Executed Action: GetCategoryList on Controller: Application For User : .
2021-02-14 14:43:49,781 => INFO  NA.PMS.Common.Logger.LogService.LogInformation():24 - Executing Action: GetMaritalStatusList on Controller: Application For User : .
2021-02-14 14:43:49,796 => INFO  NA.PMS.Common.Logger.LogService.LogInformation():24 - Executed Action: GetMaritalStatusList on Controller: Application For User : .
2021-02-14 14:43:50,299 => INFO  NA.PMS.Common.Logger.LogService.LogInformation():24 - Executing Action: GetOccupationList on Controller: Application For User : .
2021-02-14 14:43:50,407 => INFO  NA.PMS.Common.Logger.LogService.LogInformation():24 - Executed Action: GetOccupationList on Controller: Application For User : .
2021-02-14 14:45:59,960 => INFO  NA.PMS.Common.Logger.LogService.LogInformation():24 - Executing Action: GetGenderList on Controller: Application For User : .
2021-02-14 14:45:59,980 => INFO  NA.PMS.Common.Logger.LogService.LogInformation():24 - Executed Action: GetGenderList on Controller: Application For User : .
2021-02-14 14:46:00,497 => INFO  NA.PMS.Common.Logger.LogService.LogInformation():24 - Executing Action: GetCategoryList on Controller: Application For User : .
2021-02-14 14:46:00,593 => INFO  NA.PMS.Common.Logger.LogService.LogInformation():24 - Executed Action: GetCategoryList on Controller: Application For User : .
2021-02-14 14:46:00,998 => INFO  NA.PMS.Common.Logger.LogService.LogInformation():24 - Executing Action: GetOccupationList on Controller: Application For User : .
2021-02-14 14:46:01,089 => INFO  NA.PMS.Common.Logger.LogService.LogInformation():24 - Executed Action: GetOccupationList on Controller: Application For User : .
2021-02-14 14:46:01,498 => INFO  NA.PMS.Common.Logger.LogService.LogInformation():24 - Executing Action: GetMaritalStatusList on Controller: Application For User : .
2021-02-14 14:46:01,511 => INFO  NA.PMS.Common.Logger.LogService.LogInformation():24 - Executed Action: GetMaritalStatusList on Controller: Application For User : .
2021-02-14 14:48:25,126 => INFO  NA.PMS.Common.Logger.LogService.LogInformation():24 - Executing Action: GetGenderList on Controller: Application For User : .
2021-02-14 14:48:25,151 => INFO  NA.PMS.Common.Logger.LogService.LogInformation():24 - Executed Action: GetGenderList on Controller: Application For User : .
2021-02-14 14:48:28,159 => INFO  NA.PMS.Common.Logger.LogService.LogInformation():24 - Executing Action: GetCategoryList on Controller: Application For User : .
2021-02-14 14:48:28,270 => INFO  NA.PMS.Common.Logger.LogService.LogInformation():24 - Executed Action: GetCategoryList on Controller: Application For User : .
2021-02-14 14:48:28,659 => INFO  NA.PMS.Common.Logger.LogService.LogInformation():24 - Executing Action: GetMaritalStatusList on Controller: Application For User : .
2021-02-14 14:48:28,670 => INFO  NA.PMS.Common.Logger.LogService.LogInformation():24 - Executed Action: GetMaritalStatusList on Controller: Application For User : .
2021-02-14 14:48:29,160 => INFO  NA.PMS.Common.Logger.LogService.LogInformation():24 - Executing Action: GetOccupationList on Controller: Application For User : .
2021-02-14 14:48:29,252 => INFO  NA.PMS.Common.Logger.LogService.LogInformation():24 - Executed Action: GetOccupationList on Controller: Application For User : .
2021-02-14 14:54:53,262 => INFO  NA.PMS.Common.Logger.LogService.LogInformation():24 - Executing Action: GetCategoryList on Controller: Application For User : .
2021-02-14 14:54:53,435 => INFO  NA.PMS.Common.Logger.LogService.LogInformation():24 - Executed Action: GetCategoryList on Controller: Application For User : .
2021-02-14 14:54:53,764 => INFO  NA.PMS.Common.Logger.LogService.LogInformation():24 - Executing Action: GetMaritalStatusList on Controller: Application For User : .
2021-02-14 14:54:53,776 => INFO  NA.PMS.Common.Logger.LogService.LogInformation():24 - Executed Action: GetMaritalStatusList on Controller: Application For User : .
2021-02-14 14:54:54,265 => INFO  NA.PMS.Common.Logger.LogService.LogInformation():24 - Executing Action: GetOccupationList on Controller: Application For User : .
2021-02-14 14:54:54,398 => INFO  NA.PMS.Common.Logger.LogService.LogInformation():24 - Executed Action: GetOccupationList on Controller: Application For User : .
2021-02-14 14:54:54,773 => INFO  NA.PMS.Common.Logger.LogService.LogInformation():24 - Executing Action: GetGenderList on Controller: Application For User : .
2021-02-14 14:54:54,796 => INFO  NA.PMS.Common.Logger.LogService.LogInformation():24 - Executed Action: GetGenderList on Controller: Application For User : .
2021-02-14 14:56:02,536 => INFO  NA.PMS.Common.Logger.LogService.LogInformation():24 - Executing Action: GetGenderList on Controller: Application For User : .
2021-02-14 14:56:02,550 => INFO  NA.PMS.Common.Logger.LogService.LogInformation():24 - Executed Action: GetGenderList on Controller: Application For User : .
2021-02-14 14:56:02,581 => INFO  NA.PMS.Common.Logger.LogService.LogInformation():24 - Executing Action: GetMaritalStatusList on Controller: Application For User : .
2021-02-14 14:56:02,600 => INFO  NA.PMS.Common.Logger.LogService.LogInformation():24 - Executed Action: GetMaritalStatusList on Controller: Application For User : .
2021-02-14 14:56:02,667 => INFO  NA.PMS.Common.Logger.LogService.LogInformation():24 - Executing Action: GetCategoryList on Controller: Application For User : .
2021-02-14 14:56:03,579 => INFO  NA.PMS.Common.Logger.LogService.LogInformation():24 - Executed Action: GetCategoryList on Controller: Application For User : .
2021-02-14 14:56:03,705 => INFO  NA.PMS.Common.Logger.LogService.LogInformation():24 - Executing Action: GetOccupationList on Controller: Application For User : .
2021-02-14 14:56:04,006 => INFO  NA.PMS.Common.Logger.LogService.LogInformation():24 - Executed Action: GetOccupationList on Controller: Application For User : .
2021-02-14 14:58:01,109 => INFO  NA.PMS.Common.Logger.LogService.LogInformation():24 - Executing Action: GetGenderList on Controller: Application For User : .
2021-02-14 14:58:01,126 => INFO  NA.PMS.Common.Logger.LogService.LogInformation():24 - Executed Action: GetGenderList on Controller: Application For User : .
2021-02-14 14:58:01,612 => INFO  NA.PMS.Common.Logger.LogService.LogInformation():24 - Executing Action: GetMaritalStatusList on Controller: Application For User : .
2021-02-14 14:58:01,633 => INFO  NA.PMS.Common.Logger.LogService.LogInformation():24 - Executed Action: GetMaritalStatusList on Controller: Application For User : .
2021-02-14 14:58:02,137 => INFO  NA.PMS.Common.Logger.LogService.LogInformation():24 - Executing Action: GetOccupationList on Controller: Application For User : .
2021-02-14 14:58:02,234 => INFO  NA.PMS.Common.Logger.LogService.LogInformation():24 - Executed Action: GetOccupationList on Controller: Application For User : .
2021-02-14 14:58:02,641 => INFO  NA.PMS.Common.Logger.LogService.LogInformation():24 - Executing Action: GetCategoryList on Controller: Application For User : .
2021-02-14 14:58:02,738 => INFO  NA.PMS.Common.Logger.LogService.LogInformation():24 - Executed Action: GetCategoryList on Controller: Application For User : .
2021-02-14 14:58:58,484 => INFO  NA.PMS.Common.Logger.LogService.LogInformation():24 - Executing Action: GetGenderList on Controller: Application For User : .
2021-02-14 14:58:58,506 => INFO  NA.PMS.Common.Logger.LogService.LogInformation():24 - Executed Action: GetGenderList on Controller: Application For User : .
2021-02-14 14:58:59,015 => INFO  NA.PMS.Common.Logger.LogService.LogInformation():24 - Executing Action: GetOccupationList on Controller: Application For User : .
2021-02-14 14:58:59,115 => INFO  NA.PMS.Common.Logger.LogService.LogInformation():24 - Executed Action: GetOccupationList on Controller: Application For User : .
2021-02-14 14:58:59,516 => INFO  NA.PMS.Common.Logger.LogService.LogInformation():24 - Executing Action: GetCategoryList on Controller: Application For User : .
2021-02-14 14:58:59,616 => INFO  NA.PMS.Common.Logger.LogService.LogInformation():24 - Executed Action: GetCategoryList on Controller: Application For User : .
2021-02-14 14:59:00,017 => INFO  NA.PMS.Common.Logger.LogService.LogInformation():24 - Executing Action: GetMaritalStatusList on Controller: Application For User : .
2021-02-14 14:59:00,037 => INFO  NA.PMS.Common.Logger.LogService.LogInformation():24 - Executed Action: GetMaritalStatusList on Controller: Application For User : .
2021-02-14 14:59:57,399 => INFO  NA.PMS.Common.Logger.LogService.LogInformation():24 - Executing Action: GetApplicationFormIdForOfflinePayment on Controller: Payment For User : .
2021-02-14 14:59:57,890 => INFO  NA.PMS.Common.Logger.LogService.LogInformation():24 - Executed Action: GetApplicationFormIdForOfflinePayment on Controller: Payment For User : .
2021-02-14 15:05:06,546 => INFO  NA.PMS.Common.Logger.LogService.LogInformation():24 - Executing Action: GetMaritalStatusList on Controller: Application For User : .
2021-02-14 15:05:06,561 => INFO  NA.PMS.Common.Logger.LogService.LogInformation():24 - Executed Action: GetMaritalStatusList on Controller: Application For User : .
2021-02-14 15:05:07,046 => INFO  NA.PMS.Common.Logger.LogService.LogInformation():24 - Executing Action: GetGenderList on Controller: Application For User : .
2021-02-14 15:05:07,064 => INFO  NA.PMS.Common.Logger.LogService.LogInformation():24 - Executed Action: GetGenderList on Controller: Application For User : .
2021-02-14 15:05:07,094 => INFO  NA.PMS.Common.Logger.LogService.LogInformation():24 - Executing Action: GetCategoryList on Controller: Application For User : .
2021-02-14 15:05:07,204 => INFO  NA.PMS.Common.Logger.LogService.LogInformation():24 - Executed Action: GetCategoryList on Controller: Application For User : .
2021-02-14 15:05:07,595 => INFO  NA.PMS.Common.Logger.LogService.LogInformation():24 - Executing Action: GetOccupationList on Controller: Application For User : .
2021-02-14 15:05:07,692 => INFO  NA.PMS.Common.Logger.LogService.LogInformation():24 - Executed Action: GetOccupationList on Controller: Application For User : .
2021-02-14 15:08:52,468 => INFO  NA.PMS.Common.Logger.LogService.LogInformation():24 - Executing Action: GetGenderList on Controller: Application For User : .
2021-02-14 15:08:52,489 => INFO  NA.PMS.Common.Logger.LogService.LogInformation():24 - Executed Action: GetGenderList on Controller: Application For User : .
2021-02-14 15:08:52,986 => INFO  NA.PMS.Common.Logger.LogService.LogInformation():24 - Executing Action: GetOccupationList on Controller: Application For User : .
2021-02-14 15:08:53,075 => INFO  NA.PMS.Common.Logger.LogService.LogInformation():24 - Executed Action: GetOccupationList on Controller: Application For User : .
2021-02-14 15:08:53,486 => INFO  NA.PMS.Common.Logger.LogService.LogInformation():24 - Executing Action: GetMaritalStatusList on Controller: Application For User : .
2021-02-14 15:08:53,500 => INFO  NA.PMS.Common.Logger.LogService.LogInformation():24 - Executed Action: GetMaritalStatusList on Controller: Application For User : .
2021-02-14 15:08:53,998 => INFO  NA.PMS.Common.Logger.LogService.LogInformation():24 - Executing Action: GetCategoryList on Controller: Application For User : .
2021-02-14 15:08:54,080 => INFO  NA.PMS.Common.Logger.LogService.LogInformation():24 - Executed Action: GetCategoryList on Controller: Application For User : .
2021-02-14 15:11:15,701 => INFO  NA.PMS.Common.Logger.LogService.LogInformation():24 - Executing Action: GetGenderList on Controller: Application For User : .
2021-02-14 15:11:15,713 => INFO  NA.PMS.Common.Logger.LogService.LogInformation():24 - Executed Action: GetGenderList on Controller: Application For User : .
2021-02-14 15:11:15,764 => INFO  NA.PMS.Common.Logger.LogService.LogInformation():24 - Executing Action: GetOccupationList on Controller: Application For User : .
2021-02-14 15:11:15,914 => INFO  NA.PMS.Common.Logger.LogService.LogInformation():24 - Executed Action: GetOccupationList on Controller: Application For User : .
2021-02-14 15:11:16,233 => INFO  NA.PMS.Common.Logger.LogService.LogInformation():24 - Executing Action: GetMaritalStatusList on Controller: Application For User : .
2021-02-14 15:11:16,250 => INFO  NA.PMS.Common.Logger.LogService.LogInformation():24 - Executed Action: GetMaritalStatusList on Controller: Application For User : .
2021-02-14 15:11:16,767 => INFO  NA.PMS.Common.Logger.LogService.LogInformation():24 - Executing Action: GetCategoryList on Controller: Application For User : .
2021-02-14 15:11:16,892 => INFO  NA.PMS.Common.Logger.LogService.LogInformation():24 - Executed Action: GetCategoryList on Controller: Application For User : .
2021-02-14 15:14:24,725 => INFO  NA.PMS.Common.Logger.LogService.LogInformation():24 - Executing Action: GetGenderList on Controller: Application For User : .
2021-02-14 15:14:24,749 => INFO  NA.PMS.Common.Logger.LogService.LogInformation():24 - Executed Action: GetGenderList on Controller: Application For User : .
2021-02-14 15:14:25,233 => INFO  NA.PMS.Common.Logger.LogService.LogInformation():24 - Executing Action: GetMaritalStatusList on Controller: Application For User : .
2021-02-14 15:14:25,248 => INFO  NA.PMS.Common.Logger.LogService.LogInformation():24 - Executed Action: GetMaritalStatusList on Controller: Application For User : .
2021-02-14 15:14:25,281 => INFO  NA.PMS.Common.Logger.LogService.LogInformation():24 - Executing Action: GetOccupationList on Controller: Application For User : .
2021-02-14 15:14:25,392 => INFO  NA.PMS.Common.Logger.LogService.LogInformation():24 - Executed Action: GetOccupationList on Controller: Application For User : .
2021-02-14 15:14:25,781 => INFO  NA.PMS.Common.Logger.LogService.LogInformation():24 - Executing Action: GetCategoryList on Controller: Application For User : .
2021-02-14 15:14:25,873 => INFO  NA.PMS.Common.Logger.LogService.LogInformation():24 - Executed Action: GetCategoryList on Controller: Application For User : .
2021-02-14 15:17:45,499 => INFO  NA.PMS.Common.Logger.LogService.LogInformation():24 - Executing Action: GetOccupationList on Controller: Application For User : .
2021-02-14 15:17:45,517 => INFO  NA.PMS.Common.Logger.LogService.LogInformation():24 - Executing Action: GetCategoryList on Controller: Application For User : .
2021-02-14 15:17:45,517 => INFO  NA.PMS.Common.Logger.LogService.LogInformation():24 - Executing Action: GetMaritalStatusList on Controller: Application For User : .
2021-02-14 15:17:45,635 => INFO  NA.PMS.Common.Logger.LogService.LogInformation():24 - Executed Action: GetMaritalStatusList on Controller: Application For User : .
2021-02-14 15:17:45,518 => INFO  NA.PMS.Common.Logger.LogService.LogInformation():24 - Executing Action: GetGenderList on Controller: Application For User : .
2021-02-14 15:17:45,677 => INFO  NA.PMS.Common.Logger.LogService.LogInformation():24 - Executed Action: GetGenderList on Controller: Application For User : .
2021-02-14 15:17:51,298 => INFO  NA.PMS.Common.Logger.LogService.LogInformation():24 - Executed Action: GetOccupationList on Controller: Application For User : .
2021-02-14 15:17:51,298 => INFO  NA.PMS.Common.Logger.LogService.LogInformation():24 - Executed Action: GetCategoryList on Controller: Application For User : .
2021-02-14 15:19:03,744 => INFO  NA.PMS.Common.Logger.LogService.LogInformation():24 - Executing Action: GetGenderList on Controller: Application For User : .
2021-02-14 15:19:03,758 => INFO  NA.PMS.Common.Logger.LogService.LogInformation():24 - Executed Action: GetGenderList on Controller: Application For User : .
2021-02-14 15:19:03,805 => INFO  NA.PMS.Common.Logger.LogService.LogInformation():24 - Executing Action: GetOccupationList on Controller: Application For User : .
2021-02-14 15:19:03,927 => INFO  NA.PMS.Common.Logger.LogService.LogInformation():24 - Executed Action: GetOccupationList on Controller: Application For User : .
2021-02-14 15:19:04,296 => INFO  NA.PMS.Common.Logger.LogService.LogInformation():24 - Executing Action: GetMaritalStatusList on Controller: Application For User : .
2021-02-14 15:19:04,315 => INFO  NA.PMS.Common.Logger.LogService.LogInformation():24 - Executed Action: GetMaritalStatusList on Controller: Application For User : .
2021-02-14 15:19:04,813 => INFO  NA.PMS.Common.Logger.LogService.LogInformation():24 - Executing Action: GetCategoryList on Controller: Application For User : .
2021-02-14 15:19:04,916 => INFO  NA.PMS.Common.Logger.LogService.LogInformation():24 - Executed Action: GetCategoryList on Controller: Application For User : .
2021-02-14 15:43:50,817 => INFO  NA.PMS.Common.Logger.LogService.LogInformation():24 - Executing Action: GetGenderList on Controller: Application For User : .
2021-02-14 15:43:50,834 => INFO  NA.PMS.Common.Logger.LogService.LogInformation():24 - Executed Action: GetGenderList on Controller: Application For User : .
2021-02-14 15:43:50,891 => INFO  NA.PMS.Common.Logger.LogService.LogInformation():24 - Executing Action: GetMaritalStatusList on Controller: Application For User : .
2021-02-14 15:43:50,912 => INFO  NA.PMS.Common.Logger.LogService.LogInformation():24 - Executed Action: GetMaritalStatusList on Controller: Application For User : .
2021-02-14 15:43:50,960 => INFO  NA.PMS.Common.Logger.LogService.LogInformation():24 - Executing Action: GetOccupationList on Controller: Application For User : .
2021-02-14 15:43:51,056 => INFO  NA.PMS.Common.Logger.LogService.LogInformation():24 - Executed Action: GetOccupationList on Controller: Application For User : .
2021-02-14 15:43:51,418 => INFO  NA.PMS.Common.Logger.LogService.LogInformation():24 - Executing Action: GetCategoryList on Controller: Application For User : .
2021-02-14 15:43:51,537 => INFO  NA.PMS.Common.Logger.LogService.LogInformation():24 - Executed Action: GetCategoryList on Controller: Application For User : .
2021-02-14 15:48:12,821 => INFO  NA.PMS.Common.Logger.LogService.LogInformation():24 - Executing Action: GetGenderList on Controller: Application For User : .
2021-02-14 15:48:12,851 => INFO  NA.PMS.Common.Logger.LogService.LogInformation():24 - Executed Action: GetGenderList on Controller: Application For User : .
2021-02-14 15:48:12,936 => INFO  NA.PMS.Common.Logger.LogService.LogInformation():24 - Executing Action: GetCategoryList on Controller: Application For User : .
2021-02-14 15:48:13,069 => INFO  NA.PMS.Common.Logger.LogService.LogInformation():24 - Executed Action: GetCategoryList on Controller: Application For User : .
2021-02-14 15:48:13,407 => INFO  NA.PMS.Common.Logger.LogService.LogInformation():24 - Executing Action: GetMaritalStatusList on Controller: Application For User : .
2021-02-14 15:48:13,431 => INFO  NA.PMS.Common.Logger.LogService.LogInformation():24 - Executed Action: GetMaritalStatusList on Controller: Application For User : .
2021-02-14 15:48:13,499 => INFO  NA.PMS.Common.Logger.LogService.LogInformation():24 - Executing Action: GetOccupationList on Controller: Application For User : .
2021-02-14 15:48:13,618 => INFO  NA.PMS.Common.Logger.LogService.LogInformation():24 - Executed Action: GetOccupationList on Controller: Application For User : .
2021-02-14 15:50:28,254 => INFO  NA.PMS.Common.Logger.LogService.LogInformation():24 - Executing Action: GetOccupationList on Controller: Application For User : .
2021-02-14 15:50:28,365 => INFO  NA.PMS.Common.Logger.LogService.LogInformation():24 - Executed Action: GetOccupationList on Controller: Application For User : .
2021-02-14 15:50:28,721 => INFO  NA.PMS.Common.Logger.LogService.LogInformation():24 - Executing Action: GetGenderList on Controller: Application For User : .
2021-02-14 15:50:28,739 => INFO  NA.PMS.Common.Logger.LogService.LogInformation():24 - Executed Action: GetGenderList on Controller: Application For User : .
2021-02-14 15:50:29,235 => INFO  NA.PMS.Common.Logger.LogService.LogInformation():24 - Executing Action: GetMaritalStatusList on Controller: Application For User : .
2021-02-14 15:50:29,256 => INFO  NA.PMS.Common.Logger.LogService.LogInformation():24 - Executed Action: GetMaritalStatusList on Controller: Application For User : .
2021-02-14 15:50:29,752 => INFO  NA.PMS.Common.Logger.LogService.LogInformation():24 - Executing Action: GetCategoryList on Controller: Application For User : .
2021-02-14 15:50:29,847 => INFO  NA.PMS.Common.Logger.LogService.LogInformation():24 - Executed Action: GetCategoryList on Controller: Application For User : .
2021-02-14 16:57:44,050 => INFO  NA.PMS.Common.Logger.LogService.LogInformation():24 - Executing Action: Login on Controller: Account For User : .
2021-02-14 16:57:44,316 => INFO  NA.PMS.Common.Logger.LogService.LogInformation():24 - Executed Action: Login on Controller: Account For User : .
2021-02-14 16:58:46,391 => INFO  NA.PMS.Common.Logger.LogService.LogInformation():24 - Executing Action: GetCategoryList on Controller: Application For User : .
2021-02-14 16:58:46,550 => INFO  NA.PMS.Common.Logger.LogService.LogInformation():24 - Executed Action: GetCategoryList on Controller: Application For User : .
2021-02-14 16:58:46,793 => INFO  NA.PMS.Common.Logger.LogService.LogInformation():24 - Executing Action: GetMaritalStatusList on Controller: Application For User : .
2021-02-14 16:58:46,820 => INFO  NA.PMS.Common.Logger.LogService.LogInformation():24 - Executed Action: GetMaritalStatusList on Controller: Application For User : .
2021-02-14 16:58:46,862 => INFO  NA.PMS.Common.Logger.LogService.LogInformation():24 - Executing Action: GetOccupationList on Controller: Application For User : .
2021-02-14 16:58:47,027 => INFO  NA.PMS.Common.Logger.LogService.LogInformation():24 - Executed Action: GetOccupationList on Controller: Application For User : .
2021-02-14 16:58:47,297 => INFO  NA.PMS.Common.Logger.LogService.LogInformation():24 - Executing Action: GetGenderList on Controller: Application For User : .
2021-02-14 16:58:47,314 => INFO  NA.PMS.Common.Logger.LogService.LogInformation():24 - Executed Action: GetGenderList on Controller: Application For User : .
2021-02-14 17:00:56,680 => INFO  NA.PMS.Common.Logger.LogService.LogInformation():24 - Executing Action: GetGenderList on Controller: Application For User : .
2021-02-14 17:00:56,698 => INFO  NA.PMS.Common.Logger.LogService.LogInformation():24 - Executed Action: GetGenderList on Controller: Application For User : .
2021-02-14 17:00:56,801 => INFO  NA.PMS.Common.Logger.LogService.LogInformation():24 - Executing Action: GetMaritalStatusList on Controller: Application For User : .
2021-02-14 17:00:56,864 => INFO  NA.PMS.Common.Logger.LogService.LogInformation():24 - Executed Action: GetMaritalStatusList on Controller: Application For User : .
2021-02-14 17:00:57,373 => INFO  NA.PMS.Common.Logger.LogService.LogInformation():24 - Executing Action: GetCategoryList on Controller: Application For User : .
2021-02-14 17:00:57,467 => INFO  NA.PMS.Common.Logger.LogService.LogInformation():24 - Executed Action: GetCategoryList on Controller: Application For User : .
2021-02-14 17:00:58,414 => INFO  NA.PMS.Common.Logger.LogService.LogInformation():24 - Executing Action: GetOccupationList on Controller: Application For User : .
2021-02-14 17:00:58,507 => INFO  NA.PMS.Common.Logger.LogService.LogInformation():24 - Executed Action: GetOccupationList on Controller: Application For User : .
2021-02-14 21:03:34,385 => INFO  NA.PMS.Common.Logger.LogService.LogInformation():24 - Executing Action: Login on Controller: Account For User : .
2021-02-14 21:03:34,984 => INFO  NA.PMS.Common.Logger.LogService.LogInformation():24 - Executed Action: Login on Controller: Account For User : .
2021-02-14 21:33:22,805 => INFO  NA.PMS.Common.Logger.LogService.LogInformation():24 - Executing Action: Login on Controller: Account For User : .
2021-02-14 21:33:23,290 => INFO  NA.PMS.Common.Logger.LogService.LogInformation():24 - Executed Action: Login on Controller: Account For User : .
2021-02-14 21:39:50,352 => INFO  NA.PMS.Common.Logger.LogService.LogInformation():24 - Executing Action: GetGenderList on Controller: Application For User : .
2021-02-14 21:39:50,378 => INFO  NA.PMS.Common.Logger.LogService.LogInformation():24 - Executed Action: GetGenderList on Controller: Application For User : .
2021-02-14 21:39:50,841 => INFO  NA.PMS.Common.Logger.LogService.LogInformation():24 - Executing Action: GetMaritalStatusList on Controller: Application For User : .
2021-02-14 21:39:50,869 => INFO  NA.PMS.Common.Logger.LogService.LogInformation():24 - Executed Action: GetMaritalStatusList on Controller: Application For User : .
2021-02-14 21:39:52,904 => INFO  NA.PMS.Common.Logger.LogService.LogInformation():24 - Executing Action: GetOccupationList on Controller: Application For User : .
2021-02-14 21:39:53,009 => INFO  NA.PMS.Common.Logger.LogService.LogInformation():24 - Executed Action: GetOccupationList on Controller: Application For User : .
2021-02-14 21:39:53,404 => INFO  NA.PMS.Common.Logger.LogService.LogInformation():24 - Executing Action: GetCategoryList on Controller: Application For User : .
2021-02-14 21:39:53,500 => INFO  NA.PMS.Common.Logger.LogService.LogInformation():24 - Executed Action: GetCategoryList on Controller: Application For User : .
2021-02-14 21:45:07,555 => INFO  NA.PMS.Common.Logger.LogService.LogInformation():24 - Executing Action: GetGenderList on Controller: Application For User : .
2021-02-14 21:45:07,567 => INFO  NA.PMS.Common.Logger.LogService.LogInformation():24 - Executed Action: GetGenderList on Controller: Application For User : .
2021-02-14 21:45:07,623 => INFO  NA.PMS.Common.Logger.LogService.LogInformation():24 - Executing Action: GetCategoryList on Controller: Application For User : .
2021-02-14 21:45:07,712 => INFO  NA.PMS.Common.Logger.LogService.LogInformation():24 - Executed Action: GetCategoryList on Controller: Application For User : .
2021-02-14 21:45:08,083 => INFO  NA.PMS.Common.Logger.LogService.LogInformation():24 - Executing Action: GetMaritalStatusList on Controller: Application For User : .
2021-02-14 21:45:08,097 => INFO  NA.PMS.Common.Logger.LogService.LogInformation():24 - Executed Action: GetMaritalStatusList on Controller: Application For User : .
2021-02-14 21:45:08,126 => INFO  NA.PMS.Common.Logger.LogService.LogInformation():24 - Executing Action: GetOccupationList on Controller: Application For User : .
2021-02-14 21:45:08,247 => INFO  NA.PMS.Common.Logger.LogService.LogInformation():24 - Executed Action: GetOccupationList on Controller: Application For User : .
2021-02-14 21:46:13,298 => INFO  NA.PMS.Common.Logger.LogService.LogInformation():24 - Executing Action: GetGenderList on Controller: Application For User : .
2021-02-14 21:46:13,313 => INFO  NA.PMS.Common.Logger.LogService.LogInformation():24 - Executed Action: GetGenderList on Controller: Application For User : .
2021-02-14 21:46:13,369 => INFO  NA.PMS.Common.Logger.LogService.LogInformation():24 - Executing Action: GetMaritalStatusList on Controller: Application For User : .
2021-02-14 21:46:13,393 => INFO  NA.PMS.Common.Logger.LogService.LogInformation():24 - Executed Action: GetMaritalStatusList on Controller: Application For User : .
2021-02-14 21:46:13,902 => INFO  NA.PMS.Common.Logger.LogService.LogInformation():24 - Executing Action: GetCategoryList on Controller: Application For User : .
2021-02-14 21:46:13,988 => INFO  NA.PMS.Common.Logger.LogService.LogInformation():24 - Executed Action: GetCategoryList on Controller: Application For User : .
2021-02-14 21:46:14,950 => INFO  NA.PMS.Common.Logger.LogService.LogInformation():24 - Executing Action: GetOccupationList on Controller: Application For User : .
2021-02-14 21:46:15,048 => INFO  NA.PMS.Common.Logger.LogService.LogInformation():24 - Executed Action: GetOccupationList on Controller: Application For User : .
2021-02-14 21:47:08,917 => INFO  NA.PMS.Common.Logger.LogService.LogInformation():24 - Executing Action: GetGenderList on Controller: Application For User : .
2021-02-14 21:47:08,937 => INFO  NA.PMS.Common.Logger.LogService.LogInformation():24 - Executed Action: GetGenderList on Controller: Application For User : .
2021-02-14 21:47:09,010 => INFO  NA.PMS.Common.Logger.LogService.LogInformation():24 - Executing Action: GetCategoryList on Controller: Application For User : .
2021-02-14 21:47:09,134 => INFO  NA.PMS.Common.Logger.LogService.LogInformation():24 - Executed Action: GetCategoryList on Controller: Application For User : .
2021-02-14 21:47:09,517 => INFO  NA.PMS.Common.Logger.LogService.LogInformation():24 - Executing Action: GetMaritalStatusList on Controller: Application For User : .
2021-02-14 21:47:09,543 => INFO  NA.PMS.Common.Logger.LogService.LogInformation():24 - Executed Action: GetMaritalStatusList on Controller: Application For User : .
2021-02-14 21:47:10,030 => INFO  NA.PMS.Common.Logger.LogService.LogInformation():24 - Executing Action: GetOccupationList on Controller: Application For User : .
2021-02-14 21:47:10,701 => INFO  NA.PMS.Common.Logger.LogService.LogInformation():24 - Executed Action: GetOccupationList on Controller: Application For User : .
2021-02-14 21:53:31,068 => INFO  NA.PMS.Common.Logger.LogService.LogInformation():24 - Executing Action: GetGenderList on Controller: Application For User : .
2021-02-14 21:53:31,084 => INFO  NA.PMS.Common.Logger.LogService.LogInformation():24 - Executed Action: GetGenderList on Controller: Application For User : .
2021-02-14 21:53:31,118 => INFO  NA.PMS.Common.Logger.LogService.LogInformation():24 - Executing Action: GetCategoryList on Controller: Application For User : .
2021-02-14 21:53:31,287 => INFO  NA.PMS.Common.Logger.LogService.LogInformation():24 - Executed Action: GetCategoryList on Controller: Application For User : .
2021-02-14 21:53:31,748 => INFO  NA.PMS.Common.Logger.LogService.LogInformation():24 - Executing Action: GetOccupationList on Controller: Application For User : .
2021-02-14 21:53:31,855 => INFO  NA.PMS.Common.Logger.LogService.LogInformation():24 - Executed Action: GetOccupationList on Controller: Application For User : .
2021-02-14 21:53:34,656 => INFO  NA.PMS.Common.Logger.LogService.LogInformation():24 - Executing Action: GetMaritalStatusList on Controller: Application For User : .
2021-02-14 21:53:34,673 => INFO  NA.PMS.Common.Logger.LogService.LogInformation():24 - Executed Action: GetMaritalStatusList on Controller: Application For User : .
2021-02-14 23:55:30,383 => INFO  NA.PMS.Common.Logger.LogService.LogInformation():24 - Executing Action: Login on Controller: Account For User : .
2021-02-14 23:55:30,799 => INFO  NA.PMS.Common.Logger.LogService.LogInformation():24 - Executed Action: Login on Controller: Account For User : .
