2020-06-12 18:37:53,263 => INFO  NA.PMS.Common.Logger.LogService.LogInformation():24 - Executing Action: Login on Controller: Account For User : .
2020-06-12 18:37:53,421 => INFO  NA.PMS.Common.Logger.LogService.LogInformation():24 - Executed Action: Login on Controller: Account For User : .
2020-06-12 18:40:57,863 => INFO  NA.PMS.Common.Logger.LogService.LogInformation():24 - Executing Action: Login on Controller: Account For User : .
2020-06-12 18:41:04,699 => INFO  NA.PMS.Common.Logger.LogService.LogInformation():24 - Executed Action: Login on Controller: Account For User : .
2020-06-12 18:41:04,739 => INFO  NA.PMS.Common.Logger.LogService.LogInformation():24 - Executing Action: Login on Controller: Account For User : svamadmin.
2020-06-12 18:41:04,748 => INFO  NA.PMS.Common.Logger.LogService.LogInformation():24 - Executed Action: Login on Controller: Account For User : svamadmin.
2020-06-12 18:41:11,146 => INFO  NA.PMS.Common.Logger.LogService.LogInformation():24 - Executing Action: LoginAfterVerifyOTP on Controller: Account For User : svamadmin.
2020-06-12 18:41:18,136 => INFO  NA.PMS.Common.Logger.LogService.LogInformation():24 - Executed Action: LoginAfterVerifyOTP on Controller: Account For User : svamadmin.
2020-06-12 18:41:20,829 => INFO  NA.PMS.Common.Logger.LogService.LogInformation():24 - Executing Action: LoginAfterVerifyOTP on Controller: Account For User : svamadmin.
2020-06-12 18:41:27,409 => INFO  NA.PMS.Common.Logger.LogService.LogInformation():24 - Executed Action: LoginAfterVerifyOTP on Controller: Account For User : svamadmin.
2020-06-12 18:41:29,066 => INFO  NA.PMS.Common.Logger.LogService.LogInformation():24 - Executing Action: GetDepartmentForAdvanceSearch on Controller: PropertyAllotment For User : svamadmin.
2020-06-12 18:41:29,410 => INFO  NA.PMS.Common.Logger.LogService.LogInformation():24 - Executed Action: GetDepartmentForAdvanceSearch on Controller: PropertyAllotment For User : svamadmin.
2020-06-12 18:41:39,968 => INFO  NA.PMS.Common.Logger.LogService.LogInformation():24 - Executing Action: LoginAfterVerifyOTP on Controller: Account For User : svamadmin.
2020-06-12 18:41:44,364 => INFO  NA.PMS.Common.Logger.LogService.LogInformation():24 - Executed Action: LoginAfterVerifyOTP on Controller: Account For User : svamadmin.
2020-06-12 18:41:46,058 => INFO  NA.PMS.Common.Logger.LogService.LogInformation():24 - Executing Action: GetAssineTo on Controller: Allotment For User : svamadmin.
2020-06-12 18:41:46,804 => INFO  NA.PMS.Common.Logger.LogService.LogInformation():24 - Executed Action: GetAssineTo on Controller: Allotment For User : svamadmin.
2020-06-12 18:42:08,698 => INFO  NA.PMS.Common.Logger.LogService.LogInformation():24 - Executing Action: GetDepartmentForAdvanceSearch on Controller: PropertyAllotment For User : svamadmin.
2020-06-12 18:42:09,329 => INFO  NA.PMS.Common.Logger.LogService.LogInformation():24 - Executed Action: GetDepartmentForAdvanceSearch on Controller: PropertyAllotment For User : svamadmin.
2020-06-12 18:42:11,375 => INFO  NA.PMS.Common.Logger.LogService.LogInformation():24 - Executing Action: Index on Controller: ManageNiveshMitra For User : svamadmin.
2020-06-12 18:42:11,388 => INFO  NA.PMS.Common.Logger.LogService.LogInformation():24 - Executed Action: Index on Controller: ManageNiveshMitra For User : svamadmin.
2020-06-12 18:42:15,155 => INFO  NA.PMS.Common.Logger.LogService.LogInformation():24 - Executing Action: GetCustomerServiceRequestGrid on Controller: ManageNiveshMitra For User : svamadmin.
2020-06-12 18:42:16,614 => INFO  NA.PMS.Common.Logger.LogService.LogInformation():24 - Executed Action: GetCustomerServiceRequestGrid on Controller: ManageNiveshMitra For User : svamadmin.
2020-06-12 18:42:29,305 => INFO  NA.PMS.Common.Logger.LogService.LogInformation():24 - Executing Action: Index on Controller: ManageNiveshMitra For User : svamadmin.
2020-06-12 18:42:29,318 => INFO  NA.PMS.Common.Logger.LogService.LogInformation():24 - Executed Action: Index on Controller: ManageNiveshMitra For User : svamadmin.
2020-06-12 18:42:32,701 => INFO  NA.PMS.Common.Logger.LogService.LogInformation():24 - Executing Action: GetCustomerServiceRequestGrid on Controller: ManageNiveshMitra For User : svamadmin.
2020-06-12 18:42:37,646 => INFO  NA.PMS.Common.Logger.LogService.LogInformation():24 - Executed Action: GetCustomerServiceRequestGrid on Controller: ManageNiveshMitra For User : svamadmin.
2020-06-12 18:47:32,382 => INFO  NA.PMS.Common.Logger.LogService.LogInformation():24 - Executing Action: GetServiceRequestDocumentsById on Controller: ServiceRequest For User : svamadmin.
2020-06-12 18:47:54,185 => INFO  NA.PMS.Common.Logger.LogService.LogInformation():24 - Executed Action: GetServiceRequestDocumentsById on Controller: ServiceRequest For User : svamadmin.
2020-06-12 18:47:56,540 => INFO  NA.PMS.Common.Logger.LogService.LogInformation():24 - Executing Action: GetApproverIdList on Controller: Authority For User : svamadmin.
2020-06-12 18:47:57,299 => INFO  NA.PMS.Common.Logger.LogService.LogInformation():24 - Executed Action: GetApproverIdList on Controller: Authority For User : svamadmin.
2020-06-12 18:53:15,260 => INFO  NA.PMS.Common.Logger.LogService.LogInformation():24 - Executing Action: Login on Controller: Account For User : svamadmin.
2020-06-12 18:53:15,384 => INFO  NA.PMS.Common.Logger.LogService.LogInformation():24 - Executed Action: Login on Controller: Account For User : svamadmin.
2020-06-12 18:53:29,842 => INFO  NA.PMS.Common.Logger.LogService.LogInformation():24 - Executing Action: Login on Controller: Account For User : svamadmin.
2020-06-12 18:53:36,705 => INFO  NA.PMS.Common.Logger.LogService.LogInformation():24 - Executed Action: Login on Controller: Account For User : svamadmin.
2020-06-12 18:53:36,734 => INFO  NA.PMS.Common.Logger.LogService.LogInformation():24 - Executing Action: Login on Controller: Account For User : svamadmin.
2020-06-12 18:53:36,739 => INFO  NA.PMS.Common.Logger.LogService.LogInformation():24 - Executed Action: Login on Controller: Account For User : svamadmin.
2020-06-12 18:53:41,508 => INFO  NA.PMS.Common.Logger.LogService.LogInformation():24 - Executing Action: LoginAfterVerifyOTP on Controller: Account For User : svamadmin.
2020-06-12 18:53:49,500 => INFO  NA.PMS.Common.Logger.LogService.LogInformation():24 - Executed Action: LoginAfterVerifyOTP on Controller: Account For User : svamadmin.
2020-06-12 18:53:49,557 => INFO  NA.PMS.Common.Logger.LogService.LogInformation():24 - Executing Action: Login on Controller: Account For User : svamadmin.
2020-06-12 18:53:49,572 => INFO  NA.PMS.Common.Logger.LogService.LogInformation():24 - Executed Action: Login on Controller: Account For User : svamadmin.
2020-06-12 18:53:55,213 => INFO  NA.PMS.Common.Logger.LogService.LogInformation():24 - Executing Action: GetDepartmentForAdvanceSearch on Controller: PropertyAllotment For User : svamadmin.
2020-06-12 18:53:55,562 => INFO  NA.PMS.Common.Logger.LogService.LogInformation():24 - Executed Action: GetDepartmentForAdvanceSearch on Controller: PropertyAllotment For User : svamadmin.
2020-06-12 18:54:07,278 => INFO  NA.PMS.Common.Logger.LogService.LogInformation():24 - Executing Action: Index on Controller: ManageNiveshMitra For User : svamadmin.
2020-06-12 18:54:07,301 => INFO  NA.PMS.Common.Logger.LogService.LogInformation():24 - Executed Action: Index on Controller: ManageNiveshMitra For User : svamadmin.
2020-06-12 18:54:11,641 => INFO  NA.PMS.Common.Logger.LogService.LogInformation():24 - Executing Action: PropertyDetails on Controller: PropertyAllotment  For User : svamadmin Given Route: 90109157.
2020-06-12 18:54:18,559 => INFO  NA.PMS.Common.Logger.LogService.LogInformation():24 - Executed Action: PropertyDetails on Controller: PropertyAllotment For User : svamadmin Given Route: 90109157.
2020-06-12 18:54:51,244 => INFO  NA.PMS.Common.Logger.LogService.LogInformation():24 - Executing Action: GetCustomerServiceRequestGrid on Controller: ManageNiveshMitra For User : svamadmin.
2020-06-12 18:54:55,387 => INFO  NA.PMS.Common.Logger.LogService.LogInformation():24 - Executed Action: GetCustomerServiceRequestGrid on Controller: ManageNiveshMitra For User : svamadmin.
2020-06-12 18:55:03,007 => INFO  NA.PMS.Common.Logger.LogService.LogInformation():24 - Executing Action: GetServiceRequestDocumentsById on Controller: ServiceRequest For User : svamadmin.
2020-06-12 18:55:25,344 => INFO  NA.PMS.Common.Logger.LogService.LogInformation():24 - Executed Action: GetServiceRequestDocumentsById on Controller: ServiceRequest For User : svamadmin.
2020-06-12 18:55:27,999 => INFO  NA.PMS.Common.Logger.LogService.LogInformation():24 - Executing Action: GetApproverIdList on Controller: Authority For User : svamadmin.
2020-06-12 18:55:29,173 => INFO  NA.PMS.Common.Logger.LogService.LogInformation():24 - Executed Action: GetApproverIdList on Controller: Authority For User : svamadmin.
2020-06-12 18:56:29,487 => INFO  NA.PMS.Common.Logger.LogService.LogInformation():24 - Executing Action: GetServiceRequestDocumentsById on Controller: ServiceRequest For User : svamadmin.
2020-06-12 18:56:51,070 => INFO  NA.PMS.Common.Logger.LogService.LogInformation():24 - Executed Action: GetServiceRequestDocumentsById on Controller: ServiceRequest For User : svamadmin.
2020-06-12 18:56:53,504 => INFO  NA.PMS.Common.Logger.LogService.LogInformation():24 - Executing Action: GetApproverIdList on Controller: Authority For User : svamadmin.
2020-06-12 18:56:54,411 => INFO  NA.PMS.Common.Logger.LogService.LogInformation():24 - Executed Action: GetApproverIdList on Controller: Authority For User : svamadmin.
2020-06-12 18:57:14,968 => INFO  NA.PMS.Common.Logger.LogService.LogInformation():24 - Executing Action: GetServiceRequestDocumentsById on Controller: ServiceRequest For User : svamadmin.
2020-06-12 18:57:36,614 => INFO  NA.PMS.Common.Logger.LogService.LogInformation():24 - Executed Action: GetServiceRequestDocumentsById on Controller: ServiceRequest For User : svamadmin.
2020-06-12 18:57:39,260 => INFO  NA.PMS.Common.Logger.LogService.LogInformation():24 - Executing Action: GetApproverIdList on Controller: Authority For User : svamadmin.
2020-06-12 18:57:40,078 => INFO  NA.PMS.Common.Logger.LogService.LogInformation():24 - Executed Action: GetApproverIdList on Controller: Authority For User : svamadmin.
2020-06-12 19:01:58,117 => INFO  NA.PMS.Common.Logger.LogService.LogInformation():24 - Executing Action: Login on Controller: Account For User : svamadmin.
2020-06-12 19:01:58,235 => INFO  NA.PMS.Common.Logger.LogService.LogInformation():24 - Executed Action: Login on Controller: Account For User : svamadmin.
2020-06-12 19:02:16,076 => INFO  NA.PMS.Common.Logger.LogService.LogInformation():24 - Executing Action: Login on Controller: Account For User : svamadmin.
2020-06-12 19:02:21,829 => INFO  NA.PMS.Common.Logger.LogService.LogInformation():24 - Executed Action: Login on Controller: Account For User : svamadmin.
2020-06-12 19:02:21,856 => INFO  NA.PMS.Common.Logger.LogService.LogInformation():24 - Executing Action: Login on Controller: Account For User : svamadmin.
2020-06-12 19:02:21,860 => INFO  NA.PMS.Common.Logger.LogService.LogInformation():24 - Executed Action: Login on Controller: Account For User : svamadmin.
2020-06-12 19:02:26,252 => INFO  NA.PMS.Common.Logger.LogService.LogInformation():24 - Executing Action: LoginAfterVerifyOTP on Controller: Account For User : svamadmin.
2020-06-12 19:02:34,304 => INFO  NA.PMS.Common.Logger.LogService.LogInformation():24 - Executed Action: LoginAfterVerifyOTP on Controller: Account For User : svamadmin.
2020-06-12 19:02:34,320 => INFO  NA.PMS.Common.Logger.LogService.LogInformation():24 - Executing Action: Login on Controller: Account For User : svamadmin.
2020-06-12 19:02:34,329 => INFO  NA.PMS.Common.Logger.LogService.LogInformation():24 - Executed Action: Login on Controller: Account For User : svamadmin.
2020-06-12 19:02:39,442 => INFO  NA.PMS.Common.Logger.LogService.LogInformation():24 - Executing Action: GetDepartmentForAdvanceSearch on Controller: PropertyAllotment For User : svamadmin.
2020-06-12 19:02:39,767 => INFO  NA.PMS.Common.Logger.LogService.LogInformation():24 - Executed Action: GetDepartmentForAdvanceSearch on Controller: PropertyAllotment For User : svamadmin.
