2020-05-20 15:15:14,591 => INFO  NA.PMS.Common.Logger.LogService.LogInformation():24 - Executing Action: Login on Controller: Account For User : .
2020-05-20 15:15:14,773 => INFO  NA.PMS.Common.Logger.LogService.LogInformation():24 - Executed Action: Login on Controller: Account For User : .
2020-05-20 15:31:06,827 => ERROR NA.PMS.Common.Logger.LogService.LogError():97 - Global Exception
System.InvalidOperationException: Could not find endpoint element with name 'upswp_niveshmitraservicesSoap' and contract 'NiveshMitraApiServices.upswp_niveshmitraservicesSoap' in the ServiceModel client configuration section. This might be because no configuration file was found for your application, or because no endpoint element matching this name could be found in the client element.
   at System.ServiceModel.Description.ConfigLoader.LoadChannelBehaviors(ServiceEndpoint serviceEndpoint, String configurationName)
   at System.ServiceModel.ChannelFactory.ApplyConfiguration(String configurationName, Configuration configuration)
   at System.ServiceModel.ChannelFactory.ApplyConfiguration(String configurationName)
   at System.ServiceModel.ChannelFactory.InitializeEndpoint(String configurationName, EndpointAddress address)
   at System.ServiceModel.ChannelFactory`1..ctor(String endpointConfigurationName, EndpointAddress remoteAddress)
   at System.ServiceModel.ConfigurationEndpointTrait`1.CreateSimplexFactory()
   at System.ServiceModel.ConfigurationEndpointTrait`1.CreateChannelFactory()
   at System.ServiceModel.ClientBase`1.CreateChannelFactoryRef(EndpointTrait`1 endpointTrait)
   at System.ServiceModel.ClientBase`1.InitializeChannelFactoryRef()
   at System.ServiceModel.ClientBase`1..ctor(String endpointConfigurationName)
   at NA.PMS.NICService.NiveshMitraApiServices.upswp_niveshmitraservicesSoapClient..ctor(String endpointConfigurationName) in d:\TFSProject\NoidaAuthority\Source\NA.PMS\NA.PMS.NICService\Service References\NiveshMitraApiServices\Reference.cs:line 105
   at NA.PMS.NICController.NICSuperController.GetNICPostedBasicDetails(WBasicDetailsPostModel apimodel) in d:\TFSProject\NoidaAuthority\Source\NA.PMS\NA.PMS.NICService\Controller\NICSuperController.cs:line 1158
   at NA.PMS.NICController.NICSuperController.SchemeInformation(WBasicDetailsPostModel nicdata) in d:\TFSProject\NoidaAuthority\Source\NA.PMS\NA.PMS.NICService\Controller\NICSuperController.cs:line 204
   at lambda_method(Closure , ControllerBase , Object[] )
   at System.Web.Mvc.ActionMethodDispatcher.Execute(ControllerBase controller, Object[] parameters)
   at System.Web.Mvc.ReflectedActionDescriptor.Execute(ControllerContext controllerContext, IDictionary`2 parameters)
   at System.Web.Mvc.ControllerActionInvoker.InvokeActionMethod(ControllerContext controllerContext, ActionDescriptor actionDescriptor, IDictionary`2 parameters)
   at System.Web.Mvc.Async.AsyncControllerActionInvoker.ActionInvocation.InvokeSynchronousActionMethod()
   at System.Web.Mvc.Async.AsyncControllerActionInvoker.<BeginInvokeSynchronousActionMethod>b__39(IAsyncResult asyncResult, ActionInvocation innerInvokeState)
   at System.Web.Mvc.Async.AsyncResultWrapper.WrappedAsyncResult`2.CallEndDelegate(IAsyncResult asyncResult)
   at System.Web.Mvc.Async.AsyncResultWrapper.WrappedAsyncResultBase`1.End()
   at System.Web.Mvc.Async.AsyncResultWrapper.End[TResult](IAsyncResult asyncResult, Object tag)
   at System.Web.Mvc.Async.AsyncControllerActionInvoker.EndInvokeActionMethod(IAsyncResult asyncResult)
   at System.Web.Mvc.Async.AsyncControllerActionInvoker.AsyncInvocationWithFilters.<InvokeActionMethodFilterAsynchronouslyRecursive>b__3d()
   at System.Web.Mvc.Async.AsyncControllerActionInvoker.AsyncInvocationWithFilters.<>c__DisplayClass46.<InvokeActionMethodFilterAsynchronouslyRecursive>b__3f()
   at System.Web.Mvc.Async.AsyncControllerActionInvoker.<>c__DisplayClass33.<BeginInvokeActionMethodWithFilters>b__32(IAsyncResult asyncResult)
   at System.Web.Mvc.Async.AsyncResultWrapper.WrappedAsyncResult`1.CallEndDelegate(IAsyncResult asyncResult)
   at System.Web.Mvc.Async.AsyncResultWrapper.WrappedAsyncResultBase`1.End()
   at System.Web.Mvc.Async.AsyncResultWrapper.End[TResult](IAsyncResult asyncResult, Object tag)
   at System.Web.Mvc.Async.AsyncControllerActionInvoker.EndInvokeActionMethodWithFilters(IAsyncResult asyncResult)
   at System.Web.Mvc.Async.AsyncControllerActionInvoker.<>c__DisplayClass21.<>c__DisplayClass2b.<BeginInvokeAction>b__1c()
   at System.Web.Mvc.Async.AsyncControllerActionInvoker.<>c__DisplayClass21.<BeginInvokeAction>b__1e(IAsyncResult asyncResult)
   at System.Web.Mvc.Async.AsyncResultWrapper.WrappedAsyncResult`1.CallEndDelegate(IAsyncResult asyncResult)
   at System.Web.Mvc.Async.AsyncResultWrapper.WrappedAsyncResultBase`1.End()
   at System.Web.Mvc.Async.AsyncResultWrapper.End[TResult](IAsyncResult asyncResult, Object tag)
   at System.Web.Mvc.Async.AsyncControllerActionInvoker.EndInvokeAction(IAsyncResult asyncResult)
   at System.Web.Mvc.Controller.<BeginExecuteCore>b__1d(IAsyncResult asyncResult, ExecuteCoreState innerState)
   at System.Web.Mvc.Async.AsyncResultWrapper.WrappedAsyncVoid`1.CallEndDelegate(IAsyncResult asyncResult)
   at System.Web.Mvc.Async.AsyncResultWrapper.WrappedAsyncResultBase`1.End()
   at System.Web.Mvc.Async.AsyncResultWrapper.End[TResult](IAsyncResult asyncResult, Object tag)
   at System.Web.Mvc.Async.AsyncResultWrapper.End(IAsyncResult asyncResult, Object tag)
   at System.Web.Mvc.Controller.EndExecuteCore(IAsyncResult asyncResult)
   at System.Web.Mvc.Controller.<BeginExecute>b__15(IAsyncResult asyncResult, Controller controller)
   at System.Web.Mvc.Async.AsyncResultWrapper.WrappedAsyncVoid`1.CallEndDelegate(IAsyncResult asyncResult)
   at System.Web.Mvc.Async.AsyncResultWrapper.WrappedAsyncResultBase`1.End()
   at System.Web.Mvc.Async.AsyncResultWrapper.End[TResult](IAsyncResult asyncResult, Object tag)
   at System.Web.Mvc.Async.AsyncResultWrapper.End(IAsyncResult asyncResult, Object tag)
   at System.Web.Mvc.Controller.EndExecute(IAsyncResult asyncResult)
   at System.Web.Mvc.Controller.System.Web.Mvc.Async.IAsyncController.EndExecute(IAsyncResult asyncResult)
   at System.Web.Mvc.MvcHandler.<BeginProcessRequest>b__5(IAsyncResult asyncResult, ProcessRequestState innerState)
   at System.Web.Mvc.Async.AsyncResultWrapper.WrappedAsyncVoid`1.CallEndDelegate(IAsyncResult asyncResult)
   at System.Web.Mvc.Async.AsyncResultWrapper.WrappedAsyncResultBase`1.End()
   at System.Web.Mvc.Async.AsyncResultWrapper.End[TResult](IAsyncResult asyncResult, Object tag)
   at System.Web.Mvc.Async.AsyncResultWrapper.End(IAsyncResult asyncResult, Object tag)
   at System.Web.Mvc.MvcHandler.EndProcessRequest(IAsyncResult asyncResult)
   at System.Web.Mvc.MvcHandler.System.Web.IHttpAsyncHandler.EndProcessRequest(IAsyncResult result)
   at System.Web.HttpApplication.CallHandlerExecutionStep.System.Web.HttpApplication.IExecutionStep.Execute()
   at System.Web.HttpApplication.ExecuteStepImpl(IExecutionStep step)
   at System.Web.HttpApplication.ExecuteStep(IExecutionStep step, Boolean& completedSynchronously)
2020-05-20 17:28:20,168 => INFO  NA.PMS.Common.Logger.LogService.LogInformation():24 - Executing Action: Login on Controller: Account For User : .
2020-05-20 17:28:20,407 => INFO  NA.PMS.Common.Logger.LogService.LogInformation():24 - Executed Action: Login on Controller: Account For User : .
2020-05-20 18:04:47,360 => INFO  NA.PMS.Common.Logger.LogService.LogInformation():24 - Executing Action: Login on Controller: Account For User : .
2020-05-20 18:04:47,879 => INFO  NA.PMS.Common.Logger.LogService.LogInformation():24 - Executed Action: Login on Controller: Account For User : .
2020-05-20 18:38:12,081 => INFO  NA.PMS.Common.Logger.LogService.LogInformation():24 - Executing Action: Login on Controller: Account For User : .
2020-05-20 18:38:12,110 => INFO  NA.PMS.Common.Logger.LogService.LogInformation():24 - Executed Action: Login on Controller: Account For User : .
2020-05-20 18:38:28,091 => INFO  NA.PMS.Common.Logger.LogService.LogInformation():24 - Executing Action: Login on Controller: Account For User : .
2020-05-20 18:38:28,554 => INFO  NA.PMS.Common.Logger.LogService.LogInformation():24 - Executed Action: Login on Controller: Account For User : .
2020-05-20 18:38:45,576 => INFO  NA.PMS.Common.Logger.LogService.LogInformation():24 - Executing Action: Login on Controller: Account For User : .
2020-05-20 18:38:45,674 => INFO  NA.PMS.Common.Logger.LogService.LogInformation():24 - Executed Action: Login on Controller: Account For User : .
2020-05-20 18:38:54,920 => INFO  NA.PMS.Common.Logger.LogService.LogInformation():24 - Executing Action: Login on Controller: Account For User : .
2020-05-20 18:38:55,937 => INFO  NA.PMS.Common.Logger.LogService.LogInformation():24 - Executed Action: Login on Controller: Account For User : .
2020-05-20 18:38:55,969 => INFO  NA.PMS.Common.Logger.LogService.LogInformation():24 - Executing Action: Login on Controller: Account For User : svamadmin.
2020-05-20 18:38:55,985 => INFO  NA.PMS.Common.Logger.LogService.LogInformation():24 - Executed Action: Login on Controller: Account For User : svamadmin.
2020-05-20 18:39:00,649 => INFO  NA.PMS.Common.Logger.LogService.LogInformation():24 - Executing Action: LoginAfterVerifyOTP on Controller: Account For User : svamadmin.
2020-05-20 18:39:03,431 => INFO  NA.PMS.Common.Logger.LogService.LogInformation():24 - Executed Action: LoginAfterVerifyOTP on Controller: Account For User : svamadmin.
2020-05-20 18:39:05,629 => INFO  NA.PMS.Common.Logger.LogService.LogInformation():24 - Executing Action: GetDepartmentForAdvanceSearch on Controller: PropertyAllotment For User : svamadmin.
2020-05-20 18:39:05,733 => INFO  NA.PMS.Common.Logger.LogService.LogInformation():24 - Executed Action: GetDepartmentForAdvanceSearch on Controller: PropertyAllotment For User : svamadmin.
2020-05-20 18:39:19,112 => INFO  NA.PMS.Common.Logger.LogService.LogInformation():24 - Executing Action: GetAssineTo on Controller: Allotment For User : svamadmin.
2020-05-20 18:39:19,309 => INFO  NA.PMS.Common.Logger.LogService.LogInformation():24 - Executed Action: GetAssineTo on Controller: Allotment For User : svamadmin.
2020-05-20 20:17:14,268 => INFO  NA.PMS.Common.Logger.LogService.LogInformation():24 - Executing Action: Login on Controller: Account For User : .
2020-05-20 20:17:14,546 => INFO  NA.PMS.Common.Logger.LogService.LogInformation():24 - Executed Action: Login on Controller: Account For User : .
2020-05-20 20:17:42,510 => INFO  NA.PMS.Common.Logger.LogService.LogInformation():24 - Executing Action: Login on Controller: Account For User : .
2020-05-20 20:17:46,418 => INFO  NA.PMS.Common.Logger.LogService.LogInformation():24 - Executed Action: Login on Controller: Account For User : .
2020-05-20 20:17:46,458 => INFO  NA.PMS.Common.Logger.LogService.LogInformation():24 - Executing Action: ChangePasswordExpired on Controller: Account For User : skumar.
2020-05-20 20:17:46,478 => INFO  NA.PMS.Common.Logger.LogService.LogInformation():24 - Executed Action: ChangePasswordExpired on Controller: Account For User : skumar.
2020-05-20 20:18:37,112 => INFO  NA.PMS.Common.Logger.LogService.LogInformation():24 - Executing Action: ChangeExpiredPassword on Controller: Account For User : skumar.
2020-05-20 20:18:38,429 => INFO  NA.PMS.Common.Logger.LogService.LogInformation():24 - Executed Action: ChangeExpiredPassword on Controller: Account For User : skumar.
2020-05-20 20:18:38,722 => INFO  NA.PMS.Common.Logger.LogService.LogInformation():24 - Executing Action: Login on Controller: Account For User : skumar.
2020-05-20 20:18:38,739 => INFO  NA.PMS.Common.Logger.LogService.LogInformation():24 - Executed Action: Login on Controller: Account For User : skumar.
2020-05-20 20:18:54,724 => INFO  NA.PMS.Common.Logger.LogService.LogInformation():24 - Executing Action: Login on Controller: Account For User : skumar.
2020-05-20 20:18:55,427 => INFO  NA.PMS.Common.Logger.LogService.LogInformation():24 - Executed Action: Login on Controller: Account For User : skumar.
2020-05-20 20:18:55,448 => INFO  NA.PMS.Common.Logger.LogService.LogInformation():24 - Executing Action: Login on Controller: Account For User : skumar.
2020-05-20 20:18:55,463 => INFO  NA.PMS.Common.Logger.LogService.LogInformation():24 - Executed Action: Login on Controller: Account For User : skumar.
2020-05-20 20:19:09,313 => INFO  NA.PMS.Common.Logger.LogService.LogInformation():24 - Executing Action: LoginAfterVerifyOTP on Controller: Account For User : skumar.
2020-05-20 20:19:10,854 => INFO  NA.PMS.Common.Logger.LogService.LogInformation():24 - Executed Action: LoginAfterVerifyOTP on Controller: Account For User : skumar.
2020-05-20 20:19:12,364 => INFO  NA.PMS.Common.Logger.LogService.LogInformation():24 - Executing Action: Login on Controller: Account For User : skumar.
2020-05-20 20:19:12,395 => INFO  NA.PMS.Common.Logger.LogService.LogInformation():24 - Executed Action: Login on Controller: Account For User : skumar.
2020-05-20 20:19:14,087 => INFO  NA.PMS.Common.Logger.LogService.LogInformation():24 - Executing Action: GetDepartmentForAdvanceSearch on Controller: PropertyAllotment For User : skumar.
2020-05-20 20:19:14,197 => INFO  NA.PMS.Common.Logger.LogService.LogInformation():24 - Executed Action: GetDepartmentForAdvanceSearch on Controller: PropertyAllotment For User : skumar.
2020-05-20 20:19:37,761 => INFO  NA.PMS.Common.Logger.LogService.LogInformation():24 - Executing Action: GetAssineTo on Controller: Allotment For User : skumar.
2020-05-20 20:19:37,967 => INFO  NA.PMS.Common.Logger.LogService.LogInformation():24 - Executed Action: GetAssineTo on Controller: Allotment For User : skumar.
2020-05-20 20:24:04,749 => INFO  NA.PMS.Common.Logger.LogService.LogInformation():24 - Executing Action: Login on Controller: Account For User : skumar.
2020-05-20 20:24:04,970 => INFO  NA.PMS.Common.Logger.LogService.LogInformation():24 - Executed Action: Login on Controller: Account For User : skumar.
2020-05-20 20:24:29,720 => INFO  NA.PMS.Common.Logger.LogService.LogInformation():24 - Executing Action: Login on Controller: Account For User : skumar.
2020-05-20 20:24:34,730 => INFO  NA.PMS.Common.Logger.LogService.LogInformation():24 - Executed Action: Login on Controller: Account For User : skumar.
2020-05-20 20:24:34,768 => INFO  NA.PMS.Common.Logger.LogService.LogInformation():24 - Executing Action: Login on Controller: Account For User : skumar.
2020-05-20 20:24:34,801 => INFO  NA.PMS.Common.Logger.LogService.LogInformation():24 - Executed Action: Login on Controller: Account For User : skumar.
2020-05-20 20:24:38,957 => INFO  NA.PMS.Common.Logger.LogService.LogInformation():24 - Executing Action: LoginAfterVerifyOTP on Controller: Account For User : skumar.
2020-05-20 20:24:41,095 => INFO  NA.PMS.Common.Logger.LogService.LogInformation():24 - Executed Action: LoginAfterVerifyOTP on Controller: Account For User : skumar.
2020-05-20 20:24:42,518 => INFO  NA.PMS.Common.Logger.LogService.LogInformation():24 - Executing Action: Login on Controller: Account For User : skumar.
2020-05-20 20:24:42,538 => INFO  NA.PMS.Common.Logger.LogService.LogInformation():24 - Executed Action: Login on Controller: Account For User : skumar.
2020-05-20 20:24:43,976 => INFO  NA.PMS.Common.Logger.LogService.LogInformation():24 - Executing Action: GetDepartmentForAdvanceSearch on Controller: PropertyAllotment For User : skumar.
2020-05-20 20:24:44,085 => INFO  NA.PMS.Common.Logger.LogService.LogInformation():24 - Executed Action: GetDepartmentForAdvanceSearch on Controller: PropertyAllotment For User : skumar.
2020-05-20 20:25:11,858 => INFO  NA.PMS.Common.Logger.LogService.LogInformation():24 - Executing Action: GetAssineTo on Controller: Allotment For User : skumar.
2020-05-20 20:25:12,107 => INFO  NA.PMS.Common.Logger.LogService.LogInformation():24 - Executed Action: GetAssineTo on Controller: Allotment For User : skumar.
2020-05-20 21:09:05,772 => INFO  NA.PMS.Common.Logger.LogService.LogInformation():24 - Executing Action: Logout on Controller: Account For User : skumar.
2020-05-20 21:09:05,786 => INFO  NA.PMS.Common.Logger.LogService.LogInformation():24 - Executed Action: Logout on Controller: Account For User : skumar.
2020-05-20 21:10:53,623 => INFO  NA.PMS.Common.Logger.LogService.LogInformation():24 - Executing Action: login on Controller: Account For User : skumar.
2020-05-20 21:10:53,634 => INFO  NA.PMS.Common.Logger.LogService.LogInformation():24 - Executed Action: login on Controller: Account For User : skumar.
2020-05-20 21:11:06,253 => INFO  NA.PMS.Common.Logger.LogService.LogInformation():24 - Executing Action: Login on Controller: Account For User : skumar.
2020-05-20 21:11:07,414 => INFO  NA.PMS.Common.Logger.LogService.LogInformation():24 - Executed Action: Login on Controller: Account For User : skumar.
2020-05-20 21:11:07,436 => INFO  NA.PMS.Common.Logger.LogService.LogInformation():24 - Executing Action: Login on Controller: Account For User : svamadmin.
2020-05-20 21:11:07,453 => INFO  NA.PMS.Common.Logger.LogService.LogInformation():24 - Executed Action: Login on Controller: Account For User : svamadmin.
2020-05-20 21:11:10,952 => INFO  NA.PMS.Common.Logger.LogService.LogInformation():24 - Executing Action: LoginAfterVerifyOTP on Controller: Account For User : svamadmin.
2020-05-20 21:11:13,653 => INFO  NA.PMS.Common.Logger.LogService.LogInformation():24 - Executed Action: LoginAfterVerifyOTP on Controller: Account For User : svamadmin.
2020-05-20 21:11:14,991 => INFO  NA.PMS.Common.Logger.LogService.LogInformation():24 - Executing Action: Login on Controller: Account For User : svamadmin.
2020-05-20 21:11:15,002 => INFO  NA.PMS.Common.Logger.LogService.LogInformation():24 - Executed Action: Login on Controller: Account For User : svamadmin.
2020-05-20 21:11:15,609 => INFO  NA.PMS.Common.Logger.LogService.LogInformation():24 - Executing Action: GetDepartmentForAdvanceSearch on Controller: PropertyAllotment For User : svamadmin.
2020-05-20 21:11:15,704 => INFO  NA.PMS.Common.Logger.LogService.LogInformation():24 - Executed Action: GetDepartmentForAdvanceSearch on Controller: PropertyAllotment For User : svamadmin.
2020-05-20 21:11:19,436 => INFO  NA.PMS.Common.Logger.LogService.LogInformation():24 - Executing Action: AuditAction on Controller: Application For User : svamadmin.
2020-05-20 21:11:19,450 => INFO  NA.PMS.Common.Logger.LogService.LogInformation():24 - Executed Action: AuditAction on Controller: Application For User : svamadmin.
2020-05-20 21:11:21,937 => INFO  NA.PMS.Common.Logger.LogService.LogInformation():24 - Executing Action: GetAuditSearchParameter on Controller: Application For User : svamadmin.
2020-05-20 21:11:23,213 => INFO  NA.PMS.Common.Logger.LogService.LogInformation():24 - Executed Action: GetAuditSearchParameter on Controller: Application For User : svamadmin.
2020-05-20 21:11:23,430 => INFO  NA.PMS.Common.Logger.LogService.LogInformation():24 - Executing Action: GetAuditSearchParameter on Controller: Application For User : svamadmin.
2020-05-20 21:11:23,777 => INFO  NA.PMS.Common.Logger.LogService.LogInformation():24 - Executed Action: GetAuditSearchParameter on Controller: Application For User : svamadmin.
2020-05-20 21:11:23,989 => INFO  NA.PMS.Common.Logger.LogService.LogInformation():24 - Executing Action: GetAuditSearchParameter on Controller: Application For User : svamadmin.
2020-05-20 21:11:24,347 => INFO  NA.PMS.Common.Logger.LogService.LogInformation():24 - Executed Action: GetAuditSearchParameter on Controller: Application For User : svamadmin.
2020-05-20 21:11:24,629 => INFO  NA.PMS.Common.Logger.LogService.LogInformation():24 - Executing Action: GetAuditActionDetailByAdvanceSearch on Controller: Application For User : svamadmin.
2020-05-20 21:11:25,379 => INFO  NA.PMS.Common.Logger.LogService.LogInformation():24 - Executed Action: GetAuditActionDetailByAdvanceSearch on Controller: Application For User : svamadmin.
2020-05-20 21:11:26,017 => INFO  NA.PMS.Common.Logger.LogService.LogInformation():24 - Executing Action: GetAuditSearchParameter on Controller: Application For User : svamadmin.
2020-05-20 21:11:28,376 => INFO  NA.PMS.Common.Logger.LogService.LogInformation():24 - Executed Action: GetAuditSearchParameter on Controller: Application For User : svamadmin.
2020-05-20 21:12:04,785 => INFO  NA.PMS.Common.Logger.LogService.LogInformation():24 - Executing Action: GetAuditActionDetailByAdvanceSearch on Controller: Application For User : svamadmin.
2020-05-20 21:12:05,287 => INFO  NA.PMS.Common.Logger.LogService.LogInformation():24 - Executed Action: GetAuditActionDetailByAdvanceSearch on Controller: Application For User : svamadmin.
2020-05-20 21:12:38,382 => INFO  NA.PMS.Common.Logger.LogService.LogInformation():24 - Executing Action: GetAuditActionDetailByAdvanceSearch on Controller: Application For User : svamadmin.
2020-05-20 21:12:38,942 => INFO  NA.PMS.Common.Logger.LogService.LogInformation():24 - Executed Action: GetAuditActionDetailByAdvanceSearch on Controller: Application For User : svamadmin.
2020-05-20 21:12:42,482 => INFO  NA.PMS.Common.Logger.LogService.LogInformation():24 - Executing Action: GetAuditActionDetailByAdvanceSearch on Controller: Application For User : svamadmin.
2020-05-20 21:12:43,090 => INFO  NA.PMS.Common.Logger.LogService.LogInformation():24 - Executed Action: GetAuditActionDetailByAdvanceSearch on Controller: Application For User : svamadmin.
2020-05-20 21:12:55,027 => INFO  NA.PMS.Common.Logger.LogService.LogInformation():24 - Executing Action: GetAuditSearchParameter on Controller: Application For User : svamadmin.
2020-05-20 21:13:02,376 => INFO  NA.PMS.Common.Logger.LogService.LogInformation():24 - Executed Action: GetAuditSearchParameter on Controller: Application For User : svamadmin.
2020-05-20 21:13:02,583 => INFO  NA.PMS.Common.Logger.LogService.LogInformation():24 - Executing Action: GetAuditSearchParameter on Controller: Application For User : svamadmin.
2020-05-20 21:13:06,612 => INFO  NA.PMS.Common.Logger.LogService.LogInformation():24 - Executed Action: GetAuditSearchParameter on Controller: Application For User : svamadmin.
2020-05-20 21:13:07,510 => INFO  NA.PMS.Common.Logger.LogService.LogInformation():24 - Executing Action: GetAuditSearchParameter on Controller: Application For User : svamadmin.
2020-05-20 21:13:10,171 => INFO  NA.PMS.Common.Logger.LogService.LogInformation():24 - Executed Action: GetAuditSearchParameter on Controller: Application For User : svamadmin.
2020-05-20 21:13:18,705 => INFO  NA.PMS.Common.Logger.LogService.LogInformation():24 - Executing Action: GetAuditSearchParameter on Controller: Application For User : svamadmin.
2020-05-20 21:13:20,702 => INFO  NA.PMS.Common.Logger.LogService.LogInformation():24 - Executed Action: GetAuditSearchParameter on Controller: Application For User : svamadmin.
2020-05-20 21:14:15,362 => INFO  NA.PMS.Common.Logger.LogService.LogInformation():24 - Executing Action: GetAuditActionDetailByAdvanceSearch on Controller: Application For User : svamadmin.
2020-05-20 21:14:15,929 => INFO  NA.PMS.Common.Logger.LogService.LogInformation():24 - Executed Action: GetAuditActionDetailByAdvanceSearch on Controller: Application For User : svamadmin.
2020-05-20 21:14:22,082 => INFO  NA.PMS.Common.Logger.LogService.LogInformation():24 - Executing Action: GetAuditActionDetailByAdvanceSearch on Controller: Application For User : svamadmin.
2020-05-20 21:14:22,510 => INFO  NA.PMS.Common.Logger.LogService.LogInformation():24 - Executed Action: GetAuditActionDetailByAdvanceSearch on Controller: Application For User : svamadmin.
2020-05-20 21:15:32,415 => INFO  NA.PMS.Common.Logger.LogService.LogInformation():24 - Executing Action: Login on Controller: Account For User : svamadmin.
2020-05-20 21:15:32,642 => INFO  NA.PMS.Common.Logger.LogService.LogInformation():24 - Executed Action: Login on Controller: Account For User : svamadmin.
2020-05-20 21:17:09,675 => INFO  NA.PMS.Common.Logger.LogService.LogInformation():24 - Executing Action: Login on Controller: Account For User : svamadmin.
2020-05-20 21:17:13,203 => INFO  NA.PMS.Common.Logger.LogService.LogInformation():24 - Executed Action: Login on Controller: Account For User : svamadmin.
2020-05-20 21:17:13,231 => INFO  NA.PMS.Common.Logger.LogService.LogInformation():24 - Executing Action: Login on Controller: Account For User : NA250.
2020-05-20 21:17:13,244 => INFO  NA.PMS.Common.Logger.LogService.LogInformation():24 - Executed Action: Login on Controller: Account For User : NA250.
2020-05-20 21:17:18,358 => INFO  NA.PMS.Common.Logger.LogService.LogInformation():24 - Executing Action: LoginAfterVerifyOTP on Controller: Account For User : NA250.
2020-05-20 21:17:20,028 => INFO  NA.PMS.Common.Logger.LogService.LogInformation():24 - Executed Action: LoginAfterVerifyOTP on Controller: Account For User : NA250.
2020-05-20 21:17:21,428 => INFO  NA.PMS.Common.Logger.LogService.LogInformation():24 - Executing Action: Login on Controller: Account For User : NA250.
2020-05-20 21:17:21,478 => INFO  NA.PMS.Common.Logger.LogService.LogInformation():24 - Executed Action: Login on Controller: Account For User : NA250.
2020-05-20 21:17:22,627 => INFO  NA.PMS.Common.Logger.LogService.LogInformation():24 - Executing Action: GetDepartmentForAdvanceSearch on Controller: PropertyAllotment For User : NA250.
2020-05-20 21:17:22,723 => INFO  NA.PMS.Common.Logger.LogService.LogInformation():24 - Executed Action: GetDepartmentForAdvanceSearch on Controller: PropertyAllotment For User : NA250.
2020-05-20 21:17:32,486 => INFO  NA.PMS.Common.Logger.LogService.LogInformation():24 - Executing Action: GetAssineTo on Controller: Allotment For User : NA250.
2020-05-20 21:17:32,768 => INFO  NA.PMS.Common.Logger.LogService.LogInformation():24 - Executed Action: GetAssineTo on Controller: Allotment For User : NA250.
2020-05-20 21:17:36,289 => INFO  NA.PMS.Common.Logger.LogService.LogInformation():24 - Executing Action: Index on Controller: Application For User : NA250.
2020-05-20 21:17:36,313 => INFO  NA.PMS.Common.Logger.LogService.LogInformation():24 - Executed Action: Index on Controller: Application For User : NA250.
2020-05-20 21:17:53,616 => INFO  NA.PMS.Common.Logger.LogService.LogInformation():24 - Executing Action: Index on Controller: Application For User : NA250.
2020-05-20 21:17:53,636 => INFO  NA.PMS.Common.Logger.LogService.LogInformation():24 - Executed Action: Index on Controller: Application For User : NA250.
2020-05-20 21:17:55,170 => INFO  NA.PMS.Common.Logger.LogService.LogInformation():24 - Executing Action: GetSchemeList on Controller: Application For User : NA250.
2020-05-20 21:17:55,256 => INFO  NA.PMS.Common.Logger.LogService.LogInformation():24 - Executed Action: GetSchemeList on Controller: Application For User : NA250.
2020-05-20 21:17:55,925 => INFO  NA.PMS.Common.Logger.LogService.LogInformation():24 - Executing Action: GetOnlineApplications on Controller: Application For User : NA250.
2020-05-20 21:17:58,037 => INFO  NA.PMS.Common.Logger.LogService.LogInformation():24 - Executed Action: GetOnlineApplications on Controller: Application For User : NA250.
2020-05-20 21:17:58,886 => INFO  NA.PMS.Common.Logger.LogService.LogInformation():24 - Executing Action: GetAssineTo on Controller: Allotment For User : NA250.
2020-05-20 21:17:59,059 => INFO  NA.PMS.Common.Logger.LogService.LogInformation():24 - Executed Action: GetAssineTo on Controller: Allotment For User : NA250.
2020-05-20 21:18:05,677 => INFO  NA.PMS.Common.Logger.LogService.LogInformation():24 - Executing Action: GetDepartmentListBySchemeSearch on Controller: Application For User : NA250.
2020-05-20 21:18:05,869 => INFO  NA.PMS.Common.Logger.LogService.LogInformation():24 - Executed Action: GetDepartmentListBySchemeSearch on Controller: Application For User : NA250.
2020-05-20 21:18:06,187 => INFO  NA.PMS.Common.Logger.LogService.LogInformation():24 - Executing Action: GetDepartmentListBySchemeSearch on Controller: Application For User : NA250.
2020-05-20 21:18:06,364 => INFO  NA.PMS.Common.Logger.LogService.LogInformation():24 - Executed Action: GetDepartmentListBySchemeSearch on Controller: Application For User : NA250.
2020-05-20 21:18:06,757 => INFO  NA.PMS.Common.Logger.LogService.LogInformation():24 - Executing Action: GetOnlineApplications on Controller: Application For User : NA250.
2020-05-20 21:18:08,952 => INFO  NA.PMS.Common.Logger.LogService.LogInformation():24 - Executed Action: GetOnlineApplications on Controller: Application For User : NA250.
2020-05-20 21:18:32,367 => INFO  NA.PMS.Common.Logger.LogService.LogInformation():24 - Executing Action: GetDepartmentForAdvanceSearch on Controller: PropertyAllotment For User : NA250.
2020-05-20 21:18:32,458 => INFO  NA.PMS.Common.Logger.LogService.LogInformation():24 - Executed Action: GetDepartmentForAdvanceSearch on Controller: PropertyAllotment For User : NA250.
2020-05-20 21:18:37,790 => INFO  NA.PMS.Common.Logger.LogService.LogInformation():24 - Executing Action: GetAssineTo on Controller: Allotment For User : NA250.
2020-05-20 21:18:37,988 => INFO  NA.PMS.Common.Logger.LogService.LogInformation():24 - Executed Action: GetAssineTo on Controller: Allotment For User : NA250.
2020-05-20 21:18:45,264 => INFO  NA.PMS.Common.Logger.LogService.LogInformation():24 - Executing Action: Logout on Controller: Account For User : NA250.
2020-05-20 21:18:45,286 => INFO  NA.PMS.Common.Logger.LogService.LogInformation():24 - Executed Action: Logout on Controller: Account For User : NA250.
2020-05-20 21:18:47,278 => INFO  NA.PMS.Common.Logger.LogService.LogInformation():24 - Executing Action: login on Controller: Account For User : NA250.
2020-05-20 21:18:47,293 => INFO  NA.PMS.Common.Logger.LogService.LogInformation():24 - Executed Action: login on Controller: Account For User : NA250.
2020-05-20 21:18:58,817 => INFO  NA.PMS.Common.Logger.LogService.LogInformation():24 - Executing Action: Login on Controller: Account For User : NA250.
2020-05-20 21:18:59,498 => INFO  NA.PMS.Common.Logger.LogService.LogInformation():24 - Executed Action: Login on Controller: Account For User : NA250.
2020-05-20 21:18:59,516 => INFO  NA.PMS.Common.Logger.LogService.LogInformation():24 - Executing Action: Login on Controller: Account For User : svamadmin.
2020-05-20 21:18:59,526 => INFO  NA.PMS.Common.Logger.LogService.LogInformation():24 - Executed Action: Login on Controller: Account For User : svamadmin.
2020-05-20 21:19:03,284 => INFO  NA.PMS.Common.Logger.LogService.LogInformation():24 - Executing Action: LoginAfterVerifyOTP on Controller: Account For User : svamadmin.
2020-05-20 21:19:05,975 => INFO  NA.PMS.Common.Logger.LogService.LogInformation():24 - Executed Action: LoginAfterVerifyOTP on Controller: Account For User : svamadmin.
2020-05-20 21:19:06,816 => INFO  NA.PMS.Common.Logger.LogService.LogInformation():24 - Executing Action: Login on Controller: Account For User : svamadmin.
2020-05-20 21:19:06,841 => INFO  NA.PMS.Common.Logger.LogService.LogInformation():24 - Executed Action: Login on Controller: Account For User : svamadmin.
2020-05-20 21:19:08,082 => INFO  NA.PMS.Common.Logger.LogService.LogInformation():24 - Executing Action: GetDepartmentForAdvanceSearch on Controller: PropertyAllotment For User : svamadmin.
2020-05-20 21:19:08,178 => INFO  NA.PMS.Common.Logger.LogService.LogInformation():24 - Executed Action: GetDepartmentForAdvanceSearch on Controller: PropertyAllotment For User : svamadmin.
2020-05-20 21:19:17,128 => INFO  NA.PMS.Common.Logger.LogService.LogInformation():24 - Executing Action: Index on Controller: Application For User : svamadmin.
2020-05-20 21:19:17,137 => INFO  NA.PMS.Common.Logger.LogService.LogInformation():24 - Executed Action: Index on Controller: Application For User : svamadmin.
2020-05-20 21:19:18,478 => INFO  NA.PMS.Common.Logger.LogService.LogInformation():24 - Executing Action: GetSchemeList on Controller: Application For User : svamadmin.
2020-05-20 21:19:18,554 => INFO  NA.PMS.Common.Logger.LogService.LogInformation():24 - Executed Action: GetSchemeList on Controller: Application For User : svamadmin.
2020-05-20 21:19:19,291 => INFO  NA.PMS.Common.Logger.LogService.LogInformation():24 - Executing Action: GetOnlineApplications on Controller: Application For User : svamadmin.
2020-05-20 21:19:33,340 => INFO  NA.PMS.Common.Logger.LogService.LogInformation():24 - Executed Action: GetOnlineApplications on Controller: Application For User : svamadmin.
2020-05-20 21:19:34,352 => INFO  NA.PMS.Common.Logger.LogService.LogInformation():24 - Executing Action: GetAssineTo on Controller: Allotment For User : svamadmin.
2020-05-20 21:19:34,626 => INFO  NA.PMS.Common.Logger.LogService.LogInformation():24 - Executed Action: GetAssineTo on Controller: Allotment For User : svamadmin.
2020-05-20 21:19:41,516 => INFO  NA.PMS.Common.Logger.LogService.LogInformation():24 - Executing Action: GetDepartmentListBySchemeSearch on Controller: Application For User : svamadmin.
2020-05-20 21:19:41,724 => INFO  NA.PMS.Common.Logger.LogService.LogInformation():24 - Executed Action: GetDepartmentListBySchemeSearch on Controller: Application For User : svamadmin.
2020-05-20 21:19:42,060 => INFO  NA.PMS.Common.Logger.LogService.LogInformation():24 - Executing Action: GetDepartmentListBySchemeSearch on Controller: Application For User : svamadmin.
2020-05-20 21:19:42,264 => INFO  NA.PMS.Common.Logger.LogService.LogInformation():24 - Executed Action: GetDepartmentListBySchemeSearch on Controller: Application For User : svamadmin.
2020-05-20 21:19:43,238 => INFO  NA.PMS.Common.Logger.LogService.LogInformation():24 - Executing Action: GetOnlineApplications on Controller: Application For User : svamadmin.
2020-05-20 21:20:00,184 => INFO  NA.PMS.Common.Logger.LogService.LogInformation():24 - Executed Action: GetOnlineApplications on Controller: Application For User : svamadmin.
2020-05-20 21:20:32,603 => INFO  NA.PMS.Common.Logger.LogService.LogInformation():24 - Executing Action: GetDepartmentForAdvanceSearch on Controller: PropertyAllotment For User : svamadmin.
2020-05-20 21:20:32,693 => INFO  NA.PMS.Common.Logger.LogService.LogInformation():24 - Executed Action: GetDepartmentForAdvanceSearch on Controller: PropertyAllotment For User : svamadmin.
2020-05-20 21:20:38,352 => INFO  NA.PMS.Common.Logger.LogService.LogInformation():24 - Executing Action: GetAssineTo on Controller: Allotment For User : svamadmin.
2020-05-20 21:20:38,631 => INFO  NA.PMS.Common.Logger.LogService.LogInformation():24 - Executed Action: GetAssineTo on Controller: Allotment For User : svamadmin.
2020-05-20 22:03:19,125 => INFO  NA.PMS.Common.Logger.LogService.LogInformation():24 - Executing Action: Logout on Controller: Account For User : svamadmin.
2020-05-20 22:03:19,137 => INFO  NA.PMS.Common.Logger.LogService.LogInformation():24 - Executed Action: Logout on Controller: Account For User : svamadmin.
2020-05-20 22:04:37,267 => INFO  NA.PMS.Common.Logger.LogService.LogInformation():24 - Executing Action: Logout on Controller: Account For User : svamadmin.
2020-05-20 22:04:37,280 => INFO  NA.PMS.Common.Logger.LogService.LogInformation():24 - Executed Action: Logout on Controller: Account For User : svamadmin.
2020-05-20 23:42:01,501 => INFO  NA.PMS.Common.Logger.LogService.LogInformation():24 - Executing Action: Login on Controller: Account For User : .
2020-05-20 23:42:01,693 => INFO  NA.PMS.Common.Logger.LogService.LogInformation():24 - Executed Action: Login on Controller: Account For User : .
2020-05-20 23:51:08,050 => INFO  NA.PMS.Common.Logger.LogService.LogInformation():24 - Executing Action: Login on Controller: Account For User : .
2020-05-20 23:51:10,290 => INFO  NA.PMS.Common.Logger.LogService.LogInformation():24 - Executed Action: Login on Controller: Account For User : .
2020-05-20 23:51:26,724 => INFO  NA.PMS.Common.Logger.LogService.LogInformation():24 - Executing Action: Login on Controller: Account For User : .
2020-05-20 23:51:26,829 => INFO  NA.PMS.Common.Logger.LogService.LogInformation():24 - Executed Action: Login on Controller: Account For User : .
2020-05-20 23:52:03,236 => INFO  NA.PMS.Common.Logger.LogService.LogInformation():24 - Executing Action: Login on Controller: Account For User : .
2020-05-20 23:52:04,217 => INFO  NA.PMS.Common.Logger.LogService.LogInformation():24 - Executed Action: Login on Controller: Account For User : .
2020-05-20 23:52:04,259 => INFO  NA.PMS.Common.Logger.LogService.LogInformation():24 - Executing Action: Login on Controller: Account For User : svamadmin.
2020-05-20 23:52:04,273 => INFO  NA.PMS.Common.Logger.LogService.LogInformation():24 - Executed Action: Login on Controller: Account For User : svamadmin.
2020-05-20 23:52:08,916 => INFO  NA.PMS.Common.Logger.LogService.LogInformation():24 - Executing Action: LoginAfterVerifyOTP on Controller: Account For User : svamadmin.
2020-05-20 23:52:11,543 => INFO  NA.PMS.Common.Logger.LogService.LogInformation():24 - Executed Action: LoginAfterVerifyOTP on Controller: Account For User : svamadmin.
2020-05-20 23:52:12,968 => INFO  NA.PMS.Common.Logger.LogService.LogInformation():24 - Executing Action: Login on Controller: Account For User : svamadmin.
2020-05-20 23:52:12,993 => INFO  NA.PMS.Common.Logger.LogService.LogInformation():24 - Executed Action: Login on Controller: Account For User : svamadmin.
2020-05-20 23:52:13,976 => INFO  NA.PMS.Common.Logger.LogService.LogInformation():24 - Executing Action: GetDepartmentForAdvanceSearch on Controller: PropertyAllotment For User : svamadmin.
2020-05-20 23:52:14,069 => INFO  NA.PMS.Common.Logger.LogService.LogInformation():24 - Executed Action: GetDepartmentForAdvanceSearch on Controller: PropertyAllotment For User : svamadmin.
2020-05-20 23:52:21,351 => INFO  NA.PMS.Common.Logger.LogService.LogInformation():24 - Executing Action: GetAssineTo on Controller: Allotment For User : svamadmin.
2020-05-20 23:52:21,585 => INFO  NA.PMS.Common.Logger.LogService.LogInformation():24 - Executed Action: GetAssineTo on Controller: Allotment For User : svamadmin.
2020-05-20 23:54:27,072 => INFO  NA.PMS.Common.Logger.LogService.LogInformation():24 - Executing Action: GetDepartmentForAdvanceSearch on Controller: PropertyAllotment For User : svamadmin.
2020-05-20 23:54:27,193 => INFO  NA.PMS.Common.Logger.LogService.LogInformation():24 - Executed Action: GetDepartmentForAdvanceSearch on Controller: PropertyAllotment For User : svamadmin.
2020-05-20 23:54:31,129 => INFO  NA.PMS.Common.Logger.LogService.LogInformation():24 - Executing Action: Index on Controller: Application For User : svamadmin.
2020-05-20 23:54:31,140 => INFO  NA.PMS.Common.Logger.LogService.LogInformation():24 - Executed Action: Index on Controller: Application For User : svamadmin.
2020-05-20 23:54:32,574 => INFO  NA.PMS.Common.Logger.LogService.LogInformation():24 - Executing Action: GetSchemeList on Controller: Application For User : svamadmin.
2020-05-20 23:54:32,693 => INFO  NA.PMS.Common.Logger.LogService.LogInformation():24 - Executed Action: GetSchemeList on Controller: Application For User : svamadmin.
2020-05-20 23:54:33,238 => INFO  NA.PMS.Common.Logger.LogService.LogInformation():24 - Executing Action: GetOnlineApplications on Controller: Application For User : svamadmin.
2020-05-20 23:54:42,904 => INFO  NA.PMS.Common.Logger.LogService.LogInformation():24 - Executed Action: GetOnlineApplications on Controller: Application For User : svamadmin.
2020-05-20 23:54:43,792 => INFO  NA.PMS.Common.Logger.LogService.LogInformation():24 - Executing Action: GetAssineTo on Controller: Allotment For User : svamadmin.
2020-05-20 23:54:44,003 => INFO  NA.PMS.Common.Logger.LogService.LogInformation():24 - Executed Action: GetAssineTo on Controller: Allotment For User : svamadmin.
