2021-02-21 01:24:19,158 => INFO  NA.PMS.Common.Logger.LogService.LogInformation():24 - Executing Action: Login on Controller: Account For User : .
2021-02-21 01:24:19,426 => INFO  NA.PMS.Common.Logger.LogService.LogInformation():24 - Executed Action: Login on Controller: Account For User : .
2021-02-21 01:24:41,315 => INFO  NA.PMS.Common.Logger.LogService.LogInformation():24 - Executing Action: Login on Controller: Account For User : .
2021-02-21 01:24:45,300 => INFO  NA.PMS.Common.Logger.LogService.LogInformation():24 - Executed Action: Login on Controller: Account For User : .
2021-02-21 01:24:45,315 => INFO  NA.PMS.Common.Logger.LogService.LogInformation():24 - Executing Action: Login on Controller: Account For User : svamadmin.
2021-02-21 01:24:45,317 => INFO  NA.PMS.Common.Logger.LogService.LogInformation():24 - Executed Action: Login on Controller: Account For User : svamadmin.
2021-02-21 01:24:49,504 => INFO  NA.PMS.Common.Logger.LogService.LogInformation():24 - Executing Action: LoginAfterVerifyOTP on Controller: Account For User : svamadmin.
2021-02-21 01:24:52,119 => INFO  NA.PMS.Common.Logger.LogService.LogInformation():24 - Executed Action: LoginAfterVerifyOTP on Controller: Account For User : svamadmin.
2021-02-21 01:24:53,566 => INFO  NA.PMS.Common.Logger.LogService.LogInformation():24 - Executing Action: Login on Controller: Account For User : svamadmin.
2021-02-21 01:24:53,594 => INFO  NA.PMS.Common.Logger.LogService.LogInformation():24 - Executed Action: Login on Controller: Account For User : svamadmin.
2021-02-21 01:24:55,275 => INFO  NA.PMS.Common.Logger.LogService.LogInformation():24 - Executing Action: GetDepartmentForAdvanceSearch on Controller: PropertyAllotment For User : svamadmin.
2021-02-21 01:24:55,412 => INFO  NA.PMS.Common.Logger.LogService.LogInformation():24 - Executed Action: GetDepartmentForAdvanceSearch on Controller: PropertyAllotment For User : svamadmin.
2021-02-21 01:27:24,694 => INFO  NA.PMS.Common.Logger.LogService.LogInformation():24 - Executing Action: Login on Controller: Account For User : svamadmin.
2021-02-21 01:27:24,911 => INFO  NA.PMS.Common.Logger.LogService.LogInformation():24 - Executed Action: Login on Controller: Account For User : svamadmin.
2021-02-21 01:27:44,708 => INFO  NA.PMS.Common.Logger.LogService.LogInformation():24 - Executing Action: Login on Controller: Account For User : svamadmin.
2021-02-21 01:27:51,491 => INFO  NA.PMS.Common.Logger.LogService.LogInformation():24 - Executed Action: Login on Controller: Account For User : svamadmin.
2021-02-21 01:27:51,509 => INFO  NA.PMS.Common.Logger.LogService.LogInformation():24 - Executing Action: Login on Controller: Account For User : svamadmin.
2021-02-21 01:27:51,513 => INFO  NA.PMS.Common.Logger.LogService.LogInformation():24 - Executed Action: Login on Controller: Account For User : svamadmin.
2021-02-21 01:27:56,288 => INFO  NA.PMS.Common.Logger.LogService.LogInformation():24 - Executing Action: LoginAfterVerifyOTP on Controller: Account For User : svamadmin.
2021-02-21 01:27:59,445 => INFO  NA.PMS.Common.Logger.LogService.LogInformation():24 - Executed Action: LoginAfterVerifyOTP on Controller: Account For User : svamadmin.
2021-02-21 01:28:00,828 => INFO  NA.PMS.Common.Logger.LogService.LogInformation():24 - Executing Action: Login on Controller: Account For User : svamadmin.
2021-02-21 01:28:00,853 => INFO  NA.PMS.Common.Logger.LogService.LogInformation():24 - Executed Action: Login on Controller: Account For User : svamadmin.
2021-02-21 01:28:02,541 => INFO  NA.PMS.Common.Logger.LogService.LogInformation():24 - Executing Action: GetDepartmentForAdvanceSearch on Controller: PropertyAllotment For User : svamadmin.
2021-02-21 01:28:02,708 => INFO  NA.PMS.Common.Logger.LogService.LogInformation():24 - Executed Action: GetDepartmentForAdvanceSearch on Controller: PropertyAllotment For User : svamadmin.
2021-02-21 01:28:23,603 => INFO  NA.PMS.Common.Logger.LogService.LogInformation():24 - Executing Action: GetApplicationList on Controller: Application For User : svamadmin.
2021-02-21 01:28:23,796 => INFO  NA.PMS.Common.Logger.LogService.LogInformation():24 - Executed Action: GetApplicationList on Controller: Application For User : svamadmin.
2021-02-21 01:29:52,933 => INFO  NA.PMS.Common.Logger.LogService.LogInformation():24 - Executing Action: GetApplicationList on Controller: Application For User : svamadmin.
2021-02-21 01:29:53,062 => INFO  NA.PMS.Common.Logger.LogService.LogInformation():24 - Executed Action: GetApplicationList on Controller: Application For User : svamadmin.
2021-02-21 01:33:00,323 => INFO  NA.PMS.Common.Logger.LogService.LogInformation():24 - Executing Action: GetApplicationList on Controller: Application For User : svamadmin.
2021-02-21 01:33:00,434 => INFO  NA.PMS.Common.Logger.LogService.LogInformation():24 - Executed Action: GetApplicationList on Controller: Application For User : svamadmin.
2021-02-21 01:34:32,746 => INFO  NA.PMS.Common.Logger.LogService.LogInformation():24 - Executing Action: GetApplicationList on Controller: Application For User : svamadmin.
2021-02-21 01:34:33,001 => INFO  NA.PMS.Common.Logger.LogService.LogInformation():24 - Executed Action: GetApplicationList on Controller: Application For User : svamadmin.
2021-02-21 01:35:50,360 => INFO  NA.PMS.Common.Logger.LogService.LogInformation():24 - Executing Action: GetApplicationList on Controller: Application For User : svamadmin.
2021-02-21 01:35:50,503 => INFO  NA.PMS.Common.Logger.LogService.LogInformation():24 - Executed Action: GetApplicationList on Controller: Application For User : svamadmin.
2021-02-21 01:37:43,972 => INFO  NA.PMS.Common.Logger.LogService.LogInformation():24 - Executing Action: GetApplicationList on Controller: Application For User : svamadmin.
2021-02-21 01:37:44,096 => INFO  NA.PMS.Common.Logger.LogService.LogInformation():24 - Executed Action: GetApplicationList on Controller: Application For User : svamadmin.
2021-02-21 01:38:27,547 => INFO  NA.PMS.Common.Logger.LogService.LogInformation():24 - Executing Action: GetApplicationList on Controller: Application For User : svamadmin.
2021-02-21 01:38:27,658 => INFO  NA.PMS.Common.Logger.LogService.LogInformation():24 - Executed Action: GetApplicationList on Controller: Application For User : svamadmin.
2021-02-21 01:41:22,856 => INFO  NA.PMS.Common.Logger.LogService.LogInformation():24 - Executing Action: GetApplicationList on Controller: Application For User : svamadmin.
2021-02-21 01:41:22,978 => INFO  NA.PMS.Common.Logger.LogService.LogInformation():24 - Executed Action: GetApplicationList on Controller: Application For User : svamadmin.
2021-02-21 01:42:25,709 => INFO  NA.PMS.Common.Logger.LogService.LogInformation():24 - Executing Action: GetApplicationList on Controller: Application For User : svamadmin.
2021-02-21 01:42:25,813 => INFO  NA.PMS.Common.Logger.LogService.LogInformation():24 - Executed Action: GetApplicationList on Controller: Application For User : svamadmin.
2021-02-21 01:44:02,158 => INFO  NA.PMS.Common.Logger.LogService.LogInformation():24 - Executing Action: GetApplicationList on Controller: Application For User : svamadmin.
2021-02-21 01:44:02,323 => INFO  NA.PMS.Common.Logger.LogService.LogInformation():24 - Executed Action: GetApplicationList on Controller: Application For User : svamadmin.
2021-02-21 01:44:41,376 => INFO  NA.PMS.Common.Logger.LogService.LogInformation():24 - Executing Action: GetApplicationList on Controller: Application For User : svamadmin.
2021-02-21 01:44:41,489 => INFO  NA.PMS.Common.Logger.LogService.LogInformation():24 - Executed Action: GetApplicationList on Controller: Application For User : svamadmin.
2021-02-21 01:46:06,185 => INFO  NA.PMS.Common.Logger.LogService.LogInformation():24 - Executing Action: GetApplicationList on Controller: Application For User : svamadmin.
2021-02-21 01:46:06,272 => INFO  NA.PMS.Common.Logger.LogService.LogInformation():24 - Executed Action: GetApplicationList on Controller: Application For User : svamadmin.
2021-02-21 01:46:44,315 => INFO  NA.PMS.Common.Logger.LogService.LogInformation():24 - Executing Action: GetApplicationList on Controller: Application For User : svamadmin.
2021-02-21 01:46:44,410 => INFO  NA.PMS.Common.Logger.LogService.LogInformation():24 - Executed Action: GetApplicationList on Controller: Application For User : svamadmin.
2021-02-21 01:49:32,809 => INFO  NA.PMS.Common.Logger.LogService.LogInformation():24 - Executing Action: GetApplicationList on Controller: Application For User : svamadmin.
2021-02-21 01:49:32,897 => INFO  NA.PMS.Common.Logger.LogService.LogInformation():24 - Executed Action: GetApplicationList on Controller: Application For User : svamadmin.
2021-02-21 01:58:04,063 => INFO  NA.PMS.Common.Logger.LogService.LogInformation():24 - Executing Action: GetApplicationList on Controller: Application For User : svamadmin.
2021-02-21 01:58:04,185 => INFO  NA.PMS.Common.Logger.LogService.LogInformation():24 - Executed Action: GetApplicationList on Controller: Application For User : svamadmin.
2021-02-21 01:59:05,902 => INFO  NA.PMS.Common.Logger.LogService.LogInformation():24 - Executing Action: GetApplicationList on Controller: Application For User : svamadmin.
2021-02-21 01:59:06,017 => INFO  NA.PMS.Common.Logger.LogService.LogInformation():24 - Executed Action: GetApplicationList on Controller: Application For User : svamadmin.
2021-02-21 02:00:17,296 => INFO  NA.PMS.Common.Logger.LogService.LogInformation():24 - Executing Action: GetDepartmentList on Controller: Application For User : svamadmin.
2021-02-21 02:00:17,391 => INFO  NA.PMS.Common.Logger.LogService.LogInformation():24 - Executed Action: GetDepartmentList on Controller: Application For User : svamadmin.
2021-02-21 02:00:25,392 => INFO  NA.PMS.Common.Logger.LogService.LogInformation():24 - Executing Action: GetPropertyTypeByDepartment on Controller: Application For User : svamadmin.
2021-02-21 02:00:25,557 => INFO  NA.PMS.Common.Logger.LogService.LogInformation():24 - Executed Action: GetPropertyTypeByDepartment on Controller: Application For User : svamadmin.
2021-02-21 02:04:49,565 => INFO  NA.PMS.Common.Logger.LogService.LogInformation():24 - Executing Action: GetDepartmentList on Controller: Application For User : svamadmin.
2021-02-21 02:04:49,652 => INFO  NA.PMS.Common.Logger.LogService.LogInformation():24 - Executed Action: GetDepartmentList on Controller: Application For User : svamadmin.
2021-02-21 02:05:01,102 => INFO  NA.PMS.Common.Logger.LogService.LogInformation():24 - Executing Action: GetPropertyTypeByDepartment on Controller: Application For User : svamadmin.
2021-02-21 02:05:01,203 => INFO  NA.PMS.Common.Logger.LogService.LogInformation():24 - Executed Action: GetPropertyTypeByDepartment on Controller: Application For User : svamadmin.
2021-02-21 02:06:00,141 => INFO  NA.PMS.Common.Logger.LogService.LogInformation():24 - Executing Action: GetDepartmentList on Controller: Application For User : svamadmin.
2021-02-21 02:06:00,253 => INFO  NA.PMS.Common.Logger.LogService.LogInformation():24 - Executed Action: GetDepartmentList on Controller: Application For User : svamadmin.
2021-02-21 02:06:14,235 => INFO  NA.PMS.Common.Logger.LogService.LogInformation():24 - Executing Action: GetPropertyTypeByDepartment on Controller: Application For User : svamadmin.
2021-02-21 02:06:14,362 => INFO  NA.PMS.Common.Logger.LogService.LogInformation():24 - Executed Action: GetPropertyTypeByDepartment on Controller: Application For User : svamadmin.
2021-02-21 02:06:14,595 => INFO  NA.PMS.Common.Logger.LogService.LogInformation():24 - Executing Action: GetPropertyTypeByDepartment on Controller: Application For User : svamadmin.
2021-02-21 02:06:14,750 => INFO  NA.PMS.Common.Logger.LogService.LogInformation():24 - Executed Action: GetPropertyTypeByDepartment on Controller: Application For User : svamadmin.
2021-02-21 02:06:18,327 => INFO  NA.PMS.Common.Logger.LogService.LogInformation():24 - Executing Action: GetPropertyTypeByDepartment on Controller: Application For User : svamadmin.
2021-02-21 02:06:18,426 => INFO  NA.PMS.Common.Logger.LogService.LogInformation():24 - Executed Action: GetPropertyTypeByDepartment on Controller: Application For User : svamadmin.
2021-02-21 02:06:23,026 => INFO  NA.PMS.Common.Logger.LogService.LogInformation():24 - Executing Action: GetPropertyTypeByDepartment on Controller: Application For User : svamadmin.
2021-02-21 02:06:23,150 => INFO  NA.PMS.Common.Logger.LogService.LogInformation():24 - Executed Action: GetPropertyTypeByDepartment on Controller: Application For User : svamadmin.
2021-02-21 02:06:23,825 => INFO  NA.PMS.Common.Logger.LogService.LogInformation():24 - Executing Action: GetPropertyTypeByDepartment on Controller: Application For User : svamadmin.
2021-02-21 02:06:23,967 => INFO  NA.PMS.Common.Logger.LogService.LogInformation():24 - Executed Action: GetPropertyTypeByDepartment on Controller: Application For User : svamadmin.
2021-02-21 02:06:26,957 => INFO  NA.PMS.Common.Logger.LogService.LogInformation():24 - Executing Action: GetPropertyTypeByDepartment on Controller: Application For User : svamadmin.
2021-02-21 02:06:27,069 => INFO  NA.PMS.Common.Logger.LogService.LogInformation():24 - Executed Action: GetPropertyTypeByDepartment on Controller: Application For User : svamadmin.
2021-02-21 02:06:30,015 => INFO  NA.PMS.Common.Logger.LogService.LogInformation():24 - Executing Action: GetPropertyTypeByDepartment on Controller: Application For User : svamadmin.
2021-02-21 02:06:30,124 => INFO  NA.PMS.Common.Logger.LogService.LogInformation():24 - Executed Action: GetPropertyTypeByDepartment on Controller: Application For User : svamadmin.
2021-02-21 02:06:39,808 => INFO  NA.PMS.Common.Logger.LogService.LogInformation():24 - Executing Action: GetPropertyTypeByDepartment on Controller: Application For User : svamadmin.
2021-02-21 02:06:39,944 => INFO  NA.PMS.Common.Logger.LogService.LogInformation():24 - Executed Action: GetPropertyTypeByDepartment on Controller: Application For User : svamadmin.
2021-02-21 02:07:34,911 => INFO  NA.PMS.Common.Logger.LogService.LogInformation():24 - Executing Action: GetPropertyTypeByDepartment on Controller: Application For User : svamadmin.
2021-02-21 02:07:35,029 => INFO  NA.PMS.Common.Logger.LogService.LogInformation():24 - Executed Action: GetPropertyTypeByDepartment on Controller: Application For User : svamadmin.
2021-02-21 02:07:37,554 => INFO  NA.PMS.Common.Logger.LogService.LogInformation():24 - Executing Action: GetPropertyTypeByDepartment on Controller: Application For User : svamadmin.
2021-02-21 02:07:37,663 => INFO  NA.PMS.Common.Logger.LogService.LogInformation():24 - Executed Action: GetPropertyTypeByDepartment on Controller: Application For User : svamadmin.
2021-02-21 02:07:37,902 => INFO  NA.PMS.Common.Logger.LogService.LogInformation():24 - Executing Action: GetPropertyTypeByDepartment on Controller: Application For User : svamadmin.
2021-02-21 02:07:38,008 => INFO  NA.PMS.Common.Logger.LogService.LogInformation():24 - Executed Action: GetPropertyTypeByDepartment on Controller: Application For User : svamadmin.
2021-02-21 02:07:43,227 => INFO  NA.PMS.Common.Logger.LogService.LogInformation():24 - Executing Action: GetPropertyTypeByDepartment on Controller: Application For User : svamadmin.
2021-02-21 02:07:43,324 => INFO  NA.PMS.Common.Logger.LogService.LogInformation():24 - Executed Action: GetPropertyTypeByDepartment on Controller: Application For User : svamadmin.
2021-02-21 02:07:43,562 => INFO  NA.PMS.Common.Logger.LogService.LogInformation():24 - Executing Action: GetPropertyTypeByDepartment on Controller: Application For User : svamadmin.
2021-02-21 02:07:43,685 => INFO  NA.PMS.Common.Logger.LogService.LogInformation():24 - Executed Action: GetPropertyTypeByDepartment on Controller: Application For User : svamadmin.
2021-02-21 02:07:53,055 => INFO  NA.PMS.Common.Logger.LogService.LogInformation():24 - Executing Action: GetPropertyTypeDetailById on Controller: Application For User : svamadmin.
2021-02-21 02:07:53,232 => INFO  NA.PMS.Common.Logger.LogService.LogInformation():24 - Executed Action: GetPropertyTypeDetailById on Controller: Application For User : svamadmin.
2021-02-21 02:11:26,735 => INFO  NA.PMS.Common.Logger.LogService.LogInformation():24 - Executing Action: GetApplicationList on Controller: Application For User : svamadmin.
2021-02-21 02:11:26,884 => INFO  NA.PMS.Common.Logger.LogService.LogInformation():24 - Executed Action: GetApplicationList on Controller: Application For User : svamadmin.
2021-02-21 02:11:27,113 => INFO  NA.PMS.Common.Logger.LogService.LogInformation():24 - Executing Action: GetUserNameListAsDataSource on Controller: Application For User : svamadmin.
2021-02-21 02:11:27,338 => INFO  NA.PMS.Common.Logger.LogService.LogInformation():24 - Executed Action: GetUserNameListAsDataSource on Controller: Application For User : svamadmin.
2021-02-21 02:11:27,590 => INFO  NA.PMS.Common.Logger.LogService.LogInformation():24 - Executing Action: GetDeparmentListAsDataSource on Controller: Application For User : svamadmin.
2021-02-21 02:11:27,803 => INFO  NA.PMS.Common.Logger.LogService.LogInformation():24 - Executed Action: GetDeparmentListAsDataSource on Controller: Application For User : svamadmin.
2021-02-21 02:11:28,040 => INFO  NA.PMS.Common.Logger.LogService.LogInformation():24 - Executing Action: GetApplicationList on Controller: Application For User : svamadmin.
2021-02-21 02:11:28,166 => INFO  NA.PMS.Common.Logger.LogService.LogInformation():24 - Executed Action: GetApplicationList on Controller: Application For User : svamadmin.
2021-02-21 02:11:28,787 => INFO  NA.PMS.Common.Logger.LogService.LogInformation():24 - Executing Action: GetSchemeTypeList on Controller: Application For User : svamadmin.
2021-02-21 02:11:28,875 => INFO  NA.PMS.Common.Logger.LogService.LogInformation():24 - Executed Action: GetSchemeTypeList on Controller: Application For User : svamadmin.
2021-02-21 02:11:29,311 => INFO  NA.PMS.Common.Logger.LogService.LogInformation():24 - Executing Action: GetDepartmentList on Controller: Application For User : svamadmin.
2021-02-21 02:11:29,423 => INFO  NA.PMS.Common.Logger.LogService.LogInformation():24 - Executed Action: GetDepartmentList on Controller: Application For User : svamadmin.
2021-02-21 02:11:29,663 => INFO  NA.PMS.Common.Logger.LogService.LogInformation():24 - Executing Action: GetDepartmentList on Controller: Application For User : svamadmin.
2021-02-21 02:11:29,789 => INFO  NA.PMS.Common.Logger.LogService.LogInformation():24 - Executed Action: GetDepartmentList on Controller: Application For User : svamadmin.
2021-02-21 02:11:30,011 => INFO  NA.PMS.Common.Logger.LogService.LogInformation():24 - Executing Action: GetDepartmentList on Controller: Application For User : svamadmin.
2021-02-21 02:11:30,100 => INFO  NA.PMS.Common.Logger.LogService.LogInformation():24 - Executed Action: GetDepartmentList on Controller: Application For User : svamadmin.
2021-02-21 02:11:30,298 => INFO  NA.PMS.Common.Logger.LogService.LogInformation():24 - Executing Action: GetParentMenuList on Controller: Application For User : svamadmin.
2021-02-21 02:11:30,405 => INFO  NA.PMS.Common.Logger.LogService.LogInformation():24 - Executed Action: GetParentMenuList on Controller: Application For User : svamadmin.
2021-02-21 02:11:30,858 => INFO  NA.PMS.Common.Logger.LogService.LogInformation():24 - Executing Action: GetCommonConfigCategoryList on Controller: Application For User : svamadmin.
2021-02-21 02:11:30,991 => INFO  NA.PMS.Common.Logger.LogService.LogInformation():24 - Executed Action: GetCommonConfigCategoryList on Controller: Application For User : svamadmin.
2021-02-21 02:11:31,376 => INFO  NA.PMS.Common.Logger.LogService.LogInformation():24 - Executing Action: GetStatusTypeList on Controller: Application For User : svamadmin.
2021-02-21 02:11:31,481 => INFO  NA.PMS.Common.Logger.LogService.LogInformation():24 - Executed Action: GetStatusTypeList on Controller: Application For User : svamadmin.
2021-02-21 02:36:39,947 => INFO  NA.PMS.Common.Logger.LogService.LogInformation():24 - Executing Action: Login on Controller: Account For User : .
2021-02-21 02:36:40,327 => INFO  NA.PMS.Common.Logger.LogService.LogInformation():24 - Executed Action: Login on Controller: Account For User : .
2021-02-21 02:36:58,133 => INFO  NA.PMS.Common.Logger.LogService.LogInformation():24 - Executing Action: Login on Controller: Account For User : .
2021-02-21 02:37:02,072 => INFO  NA.PMS.Common.Logger.LogService.LogInformation():24 - Executed Action: Login on Controller: Account For User : .
2021-02-21 02:37:02,108 => INFO  NA.PMS.Common.Logger.LogService.LogInformation():24 - Executing Action: Login on Controller: Account For User : svamadmin.
2021-02-21 02:37:02,126 => INFO  NA.PMS.Common.Logger.LogService.LogInformation():24 - Executed Action: Login on Controller: Account For User : svamadmin.
2021-02-21 02:37:06,344 => INFO  NA.PMS.Common.Logger.LogService.LogInformation():24 - Executing Action: LoginAfterVerifyOTP on Controller: Account For User : svamadmin.
2021-02-21 02:37:08,303 => INFO  NA.PMS.Common.Logger.LogService.LogInformation():24 - Executed Action: LoginAfterVerifyOTP on Controller: Account For User : svamadmin.
2021-02-21 02:37:09,906 => INFO  NA.PMS.Common.Logger.LogService.LogInformation():24 - Executing Action: Login on Controller: Account For User : svamadmin.
2021-02-21 02:37:09,935 => INFO  NA.PMS.Common.Logger.LogService.LogInformation():24 - Executed Action: Login on Controller: Account For User : svamadmin.
2021-02-21 02:37:11,176 => INFO  NA.PMS.Common.Logger.LogService.LogInformation():24 - Executing Action: GetDepartmentForAdvanceSearch on Controller: PropertyAllotment For User : svamadmin.
2021-02-21 02:37:11,328 => INFO  NA.PMS.Common.Logger.LogService.LogInformation():24 - Executed Action: GetDepartmentForAdvanceSearch on Controller: PropertyAllotment For User : svamadmin.
2021-02-21 02:37:30,775 => INFO  NA.PMS.Common.Logger.LogService.LogInformation():24 - Executing Action: GetApplicationList on Controller: Application For User : svamadmin.
2021-02-21 02:37:30,953 => INFO  NA.PMS.Common.Logger.LogService.LogInformation():24 - Executed Action: GetApplicationList on Controller: Application For User : svamadmin.
2021-02-21 02:40:56,277 => INFO  NA.PMS.Common.Logger.LogService.LogInformation():24 - Executing Action: GetSchemeTypeList on Controller: Application For User : svamadmin.
2021-02-21 02:40:56,365 => INFO  NA.PMS.Common.Logger.LogService.LogInformation():24 - Executed Action: GetSchemeTypeList on Controller: Application For User : svamadmin.
2021-02-21 02:44:00,243 => INFO  NA.PMS.Common.Logger.LogService.LogInformation():24 - Executing Action: GetSchemeTypeList on Controller: Application For User : svamadmin.
2021-02-21 02:44:00,382 => INFO  NA.PMS.Common.Logger.LogService.LogInformation():24 - Executed Action: GetSchemeTypeList on Controller: Application For User : svamadmin.
2021-02-21 02:44:33,667 => INFO  NA.PMS.Common.Logger.LogService.LogInformation():24 - Executing Action: GetApplicationList on Controller: Application For User : svamadmin.
2021-02-21 02:44:33,752 => INFO  NA.PMS.Common.Logger.LogService.LogInformation():24 - Executed Action: GetApplicationList on Controller: Application For User : svamadmin.
2021-02-21 02:47:01,747 => INFO  NA.PMS.Common.Logger.LogService.LogInformation():24 - Executing Action: GetApplicationList on Controller: Application For User : svamadmin.
2021-02-21 02:47:01,837 => INFO  NA.PMS.Common.Logger.LogService.LogInformation():24 - Executed Action: GetApplicationList on Controller: Application For User : svamadmin.
2021-02-21 02:48:20,384 => INFO  NA.PMS.Common.Logger.LogService.LogInformation():24 - Executing Action: GetDepartmentList on Controller: Application For User : svamadmin.
2021-02-21 02:48:20,513 => INFO  NA.PMS.Common.Logger.LogService.LogInformation():24 - Executed Action: GetDepartmentList on Controller: Application For User : svamadmin.
2021-02-21 02:48:57,768 => INFO  NA.PMS.Common.Logger.LogService.LogInformation():24 - Executing Action: GetDepartmentList on Controller: Application For User : svamadmin.
2021-02-21 02:48:57,854 => INFO  NA.PMS.Common.Logger.LogService.LogInformation():24 - Executed Action: GetDepartmentList on Controller: Application For User : svamadmin.
2021-02-21 02:51:09,869 => INFO  NA.PMS.Common.Logger.LogService.LogInformation():24 - Executing Action: GetDepartmentList on Controller: Application For User : svamadmin.
2021-02-21 02:51:09,979 => INFO  NA.PMS.Common.Logger.LogService.LogInformation():24 - Executed Action: GetDepartmentList on Controller: Application For User : svamadmin.
2021-02-21 02:51:17,131 => INFO  NA.PMS.Common.Logger.LogService.LogInformation():24 - Executing Action: GetAreaRangeList on Controller: Application For User : svamadmin.
2021-02-21 02:51:17,235 => INFO  NA.PMS.Common.Logger.LogService.LogInformation():24 - Executed Action: GetAreaRangeList on Controller: Application For User : svamadmin.
2021-02-21 02:51:34,420 => INFO  NA.PMS.Common.Logger.LogService.LogInformation():24 - Executing Action: GetApplicationList on Controller: Application For User : svamadmin.
2021-02-21 02:51:34,514 => INFO  NA.PMS.Common.Logger.LogService.LogInformation():24 - Executed Action: GetApplicationList on Controller: Application For User : svamadmin.
2021-02-21 02:54:25,124 => INFO  NA.PMS.Common.Logger.LogService.LogInformation():24 - Executing Action: GetApplicationList on Controller: Application For User : svamadmin.
2021-02-21 02:54:25,234 => INFO  NA.PMS.Common.Logger.LogService.LogInformation():24 - Executed Action: GetApplicationList on Controller: Application For User : svamadmin.
2021-02-21 02:55:24,908 => INFO  NA.PMS.Common.Logger.LogService.LogInformation():24 - Executing Action: GetApplicationList on Controller: Application For User : svamadmin.
2021-02-21 02:55:25,022 => INFO  NA.PMS.Common.Logger.LogService.LogInformation():24 - Executed Action: GetApplicationList on Controller: Application For User : svamadmin.
2021-02-21 02:55:26,836 => INFO  NA.PMS.Common.Logger.LogService.LogInformation():24 - Executing Action: Logout on Controller: Account For User : svamadmin.
2021-02-21 02:55:26,851 => INFO  NA.PMS.Common.Logger.LogService.LogInformation():24 - Executed Action: Logout on Controller: Account For User : svamadmin.
2021-02-21 02:57:25,311 => INFO  NA.PMS.Common.Logger.LogService.LogInformation():24 - Executing Action: Login on Controller: Account For User : svamadmin.
2021-02-21 02:57:25,322 => INFO  NA.PMS.Common.Logger.LogService.LogInformation():24 - Executed Action: Login on Controller: Account For User : svamadmin.
2021-02-21 02:57:35,674 => INFO  NA.PMS.Common.Logger.LogService.LogInformation():24 - Executing Action: Login on Controller: Account For User : svamadmin.
2021-02-21 02:57:37,213 => INFO  NA.PMS.Common.Logger.LogService.LogInformation():24 - Executed Action: Login on Controller: Account For User : svamadmin.
2021-02-21 02:57:37,252 => INFO  NA.PMS.Common.Logger.LogService.LogInformation():24 - Executing Action: Login on Controller: Account For User : svamadmin.
2021-02-21 02:57:37,262 => INFO  NA.PMS.Common.Logger.LogService.LogInformation():24 - Executed Action: Login on Controller: Account For User : svamadmin.
2021-02-21 02:57:40,423 => INFO  NA.PMS.Common.Logger.LogService.LogInformation():24 - Executing Action: LoginAfterVerifyOTP on Controller: Account For User : svamadmin.
2021-02-21 02:57:42,262 => INFO  NA.PMS.Common.Logger.LogService.LogInformation():24 - Executed Action: LoginAfterVerifyOTP on Controller: Account For User : svamadmin.
2021-02-21 02:57:43,481 => INFO  NA.PMS.Common.Logger.LogService.LogInformation():24 - Executing Action: Login on Controller: Account For User : svamadmin.
2021-02-21 02:57:43,507 => INFO  NA.PMS.Common.Logger.LogService.LogInformation():24 - Executed Action: Login on Controller: Account For User : svamadmin.
2021-02-21 02:57:44,304 => INFO  NA.PMS.Common.Logger.LogService.LogInformation():24 - Executing Action: GetDepartmentForAdvanceSearch on Controller: PropertyAllotment For User : svamadmin.
2021-02-21 02:57:44,418 => INFO  NA.PMS.Common.Logger.LogService.LogInformation():24 - Executed Action: GetDepartmentForAdvanceSearch on Controller: PropertyAllotment For User : svamadmin.
2021-02-21 02:58:03,890 => INFO  NA.PMS.Common.Logger.LogService.LogInformation():24 - Executing Action: GetCommonConfigCategoryList on Controller: Application For User : svamadmin.
2021-02-21 02:58:04,025 => INFO  NA.PMS.Common.Logger.LogService.LogInformation():24 - Executed Action: GetCommonConfigCategoryList on Controller: Application For User : svamadmin.
2021-02-21 03:00:32,028 => INFO  NA.PMS.Common.Logger.LogService.LogInformation():24 - Executing Action: GetCommonConfigCategoryList on Controller: Application For User : svamadmin.
2021-02-21 03:00:32,104 => INFO  NA.PMS.Common.Logger.LogService.LogInformation():24 - Executed Action: GetCommonConfigCategoryList on Controller: Application For User : svamadmin.
2021-02-21 03:01:39,431 => INFO  NA.PMS.Common.Logger.LogService.LogInformation():24 - Executing Action: GetCommonConfigCategoryList on Controller: Application For User : svamadmin.
2021-02-21 03:01:39,544 => INFO  NA.PMS.Common.Logger.LogService.LogInformation():24 - Executed Action: GetCommonConfigCategoryList on Controller: Application For User : svamadmin.
2021-02-21 03:01:57,788 => INFO  NA.PMS.Common.Logger.LogService.LogInformation():24 - Executing Action: GetCommonConfigDataList on Controller: Application For User : svamadmin.
2021-02-21 03:01:57,894 => INFO  NA.PMS.Common.Logger.LogService.LogInformation():24 - Executed Action: GetCommonConfigDataList on Controller: Application For User : svamadmin.
2021-02-21 03:01:58,098 => INFO  NA.PMS.Common.Logger.LogService.LogInformation():24 - Executing Action: GetCommonConfigDataList on Controller: Application For User : svamadmin.
2021-02-21 03:01:58,188 => INFO  NA.PMS.Common.Logger.LogService.LogInformation():24 - Executed Action: GetCommonConfigDataList on Controller: Application For User : svamadmin.
2021-02-21 03:01:58,807 => INFO  NA.PMS.Common.Logger.LogService.LogInformation():24 - Executing Action: GetCommonConfigDataById on Controller: Application For User : svamadmin.
2021-02-21 03:01:58,940 => INFO  NA.PMS.Common.Logger.LogService.LogInformation():24 - Executed Action: GetCommonConfigDataById on Controller: Application For User : svamadmin.
2021-02-21 03:01:59,130 => INFO  NA.PMS.Common.Logger.LogService.LogInformation():24 - Executing Action: GetCommonConfigDataList on Controller: Application For User : svamadmin.
2021-02-21 03:01:59,228 => INFO  NA.PMS.Common.Logger.LogService.LogInformation():24 - Executed Action: GetCommonConfigDataList on Controller: Application For User : svamadmin.
2021-02-21 03:02:03,889 => INFO  NA.PMS.Common.Logger.LogService.LogInformation():24 - Executing Action: GetCommonConfigDataById on Controller: Application For User : svamadmin.
2021-02-21 03:02:03,990 => INFO  NA.PMS.Common.Logger.LogService.LogInformation():24 - Executed Action: GetCommonConfigDataById on Controller: Application For User : svamadmin.
2021-02-21 03:02:21,213 => INFO  NA.PMS.Common.Logger.LogService.LogInformation():24 - Executing Action: GetSchemeTypeList on Controller: Application For User : svamadmin.
2021-02-21 03:02:21,325 => INFO  NA.PMS.Common.Logger.LogService.LogInformation():24 - Executed Action: GetSchemeTypeList on Controller: Application For User : svamadmin.
2021-02-21 23:27:01,658 => INFO  NA.PMS.Common.Logger.LogService.LogInformation():24 - Executing Action: Login on Controller: Account For User : .
2021-02-21 23:27:01,858 => INFO  NA.PMS.Common.Logger.LogService.LogInformation():24 - Executed Action: Login on Controller: Account For User : .
2021-02-21 23:27:29,569 => INFO  NA.PMS.Common.Logger.LogService.LogInformation():24 - Executing Action: Login on Controller: Account For User : .
2021-02-21 23:27:34,070 => INFO  NA.PMS.Common.Logger.LogService.LogInformation():24 - Executed Action: Login on Controller: Account For User : .
2021-02-21 23:27:34,121 => INFO  NA.PMS.Common.Logger.LogService.LogInformation():24 - Executing Action: Login on Controller: Account For User : svamadmin.
2021-02-21 23:27:34,138 => INFO  NA.PMS.Common.Logger.LogService.LogInformation():24 - Executed Action: Login on Controller: Account For User : svamadmin.
2021-02-21 23:27:39,234 => INFO  NA.PMS.Common.Logger.LogService.LogInformation():24 - Executing Action: LoginAfterVerifyOTP on Controller: Account For User : svamadmin.
2021-02-21 23:27:41,235 => INFO  NA.PMS.Common.Logger.LogService.LogInformation():24 - Executed Action: LoginAfterVerifyOTP on Controller: Account For User : svamadmin.
2021-02-21 23:27:41,272 => INFO  NA.PMS.Common.Logger.LogService.LogInformation():24 - Executing Action: Login on Controller: Account For User : svamadmin.
2021-02-21 23:27:41,292 => INFO  NA.PMS.Common.Logger.LogService.LogInformation():24 - Executed Action: Login on Controller: Account For User : svamadmin.
2021-02-21 23:27:44,743 => INFO  NA.PMS.Common.Logger.LogService.LogInformation():24 - Executing Action: GetDepartmentForAdvanceSearch on Controller: PropertyAllotment For User : svamadmin.
2021-02-21 23:27:44,860 => INFO  NA.PMS.Common.Logger.LogService.LogInformation():24 - Executed Action: GetDepartmentForAdvanceSearch on Controller: PropertyAllotment For User : svamadmin.
