2021-01-07 11:59:38,949 => INFO  NA.PMS.Common.Logger.LogService.LogInformation():24 - Executing Action: Login on Controller: Account For User : .
2021-01-07 11:59:39,295 => INFO  NA.PMS.Common.Logger.LogService.LogInformation():24 - Executed Action: Login on Controller: Account For User : .
2021-01-07 12:28:37,882 => INFO  NA.PMS.Common.Logger.LogService.LogInformation():24 - Executing Action: Login on Controller: Account For User : .
2021-01-07 12:28:38,129 => INFO  NA.PMS.Common.Logger.LogService.LogInformation():24 - Executed Action: Login on Controller: Account For User : .
2021-01-07 12:29:15,522 => INFO  NA.PMS.Common.Logger.LogService.LogInformation():24 - Executing Action: Login on Controller: Account For User : .
2021-01-07 12:29:18,667 => INFO  NA.PMS.Common.Logger.LogService.LogInformation():24 - Executed Action: Login on Controller: Account For User : .
2021-01-07 12:29:28,028 => INFO  NA.PMS.Common.Logger.LogService.LogInformation():24 - Executing Action: Login on Controller: Account For User : .
2021-01-07 12:29:28,097 => INFO  NA.PMS.Common.Logger.LogService.LogInformation():24 - Executed Action: Login on Controller: Account For User : .
2021-01-07 12:29:35,627 => INFO  NA.PMS.Common.Logger.LogService.LogInformation():24 - Executing Action: Login on Controller: Account For User : .
2021-01-07 12:29:36,512 => INFO  NA.PMS.Common.Logger.LogService.LogInformation():24 - Executed Action: Login on Controller: Account For User : .
2021-01-07 12:29:36,546 => INFO  NA.PMS.Common.Logger.LogService.LogInformation():24 - Executing Action: Login on Controller: Account For User : svamadmin.
2021-01-07 12:29:36,570 => INFO  NA.PMS.Common.Logger.LogService.LogInformation():24 - Executed Action: Login on Controller: Account For User : svamadmin.
2021-01-07 12:29:39,870 => INFO  NA.PMS.Common.Logger.LogService.LogInformation():24 - Executing Action: LoginAfterVerifyOTP on Controller: Account For User : svamadmin.
2021-01-07 12:29:42,076 => INFO  NA.PMS.Common.Logger.LogService.LogInformation():24 - Executed Action: LoginAfterVerifyOTP on Controller: Account For User : svamadmin.
2021-01-07 12:29:43,917 => INFO  NA.PMS.Common.Logger.LogService.LogInformation():24 - Executing Action: Login on Controller: Account For User : svamadmin.
2021-01-07 12:29:43,939 => INFO  NA.PMS.Common.Logger.LogService.LogInformation():24 - Executed Action: Login on Controller: Account For User : svamadmin.
2021-01-07 12:29:45,109 => INFO  NA.PMS.Common.Logger.LogService.LogInformation():24 - Executing Action: GetDepartmentForAdvanceSearch on Controller: PropertyAllotment For User : svamadmin.
2021-01-07 12:29:45,188 => INFO  NA.PMS.Common.Logger.LogService.LogInformation():24 - Executed Action: GetDepartmentForAdvanceSearch on Controller: PropertyAllotment For User : svamadmin.
2021-01-07 12:30:12,717 => INFO  NA.PMS.Common.Logger.LogService.LogInformation():24 - Executing Action: CheckDataForAdvanceSearch on Controller: PropertyAllotment For User : svamadmin.
2021-01-07 12:30:13,695 => INFO  NA.PMS.Common.Logger.LogService.LogInformation():24 - Executed Action: CheckDataForAdvanceSearch on Controller: PropertyAllotment For User : svamadmin.
2021-01-07 12:30:14,045 => INFO  NA.PMS.Common.Logger.LogService.LogInformation():24 - Executing Action: AllotmentMaster on Controller: PropertyAllotment For User : svamadmin.
2021-01-07 12:30:14,058 => INFO  NA.PMS.Common.Logger.LogService.LogInformation():24 - Executed Action: AllotmentMaster on Controller: PropertyAllotment For User : svamadmin.
2021-01-07 12:30:25,848 => INFO  NA.PMS.Common.Logger.LogService.LogInformation():24 - Executing Action: GetDepartmentForAdvanceSearch on Controller: PropertyAllotment For User : svamadmin.
2021-01-07 12:30:25,933 => INFO  NA.PMS.Common.Logger.LogService.LogInformation():24 - Executed Action: GetDepartmentForAdvanceSearch on Controller: PropertyAllotment For User : svamadmin.
2021-01-07 12:30:26,546 => INFO  NA.PMS.Common.Logger.LogService.LogInformation():24 - Executing Action: AdvanceSearchForAllottedProperty on Controller: PropertyAllotment For User : svamadmin.
2021-01-07 12:30:49,536 => INFO  NA.PMS.Common.Logger.LogService.LogInformation():24 - Executed Action: AdvanceSearchForAllottedProperty on Controller: PropertyAllotment For User : svamadmin.
2021-01-07 12:30:59,546 => INFO  NA.PMS.Common.Logger.LogService.LogInformation():24 - Executing Action: PropertyDetails on Controller: PropertyAllotment  For User : svamadmin Given Route: 90102285.
2021-01-07 12:31:06,988 => INFO  NA.PMS.Common.Logger.LogService.LogInformation():24 - Executed Action: PropertyDetails on Controller: PropertyAllotment For User : svamadmin Given Route: 90102285.
