2020-08-25 17:20:48,759 => INFO  NA.PMS.Common.Logger.LogService.LogInformation():24 - Executing Action: Login on Controller: Account For User : .
2020-08-25 17:20:49,015 => INFO  NA.PMS.Common.Logger.LogService.LogInformation():24 - Executed Action: Login on Controller: Account For User : .
2020-08-25 17:33:27,848 => INFO  NA.PMS.Common.Logger.LogService.LogInformation():24 - Executing Action: Login on Controller: Account For User : .
2020-08-25 17:33:27,870 => INFO  NA.PMS.Common.Logger.LogService.LogInformation():24 - Executed Action: Login on Controller: Account For User : .
2020-08-25 17:34:46,601 => INFO  NA.PMS.Common.Logger.LogService.LogInformation():24 - Executing Action: BankChallan on Controller: Authority For User : .
2020-08-25 17:34:46,614 => INFO  NA.PMS.Common.Logger.LogService.LogInformation():24 - Executed Action: BankChallan on Controller: Authority For User : .
2020-08-25 17:34:55,103 => INFO  NA.PMS.Common.Logger.LogService.LogInformation():24 - Executing Action: GetRegistrationIdListAsDataSource on Controller: Authority For User : .
2020-08-25 17:34:55,712 => INFO  NA.PMS.Common.Logger.LogService.LogInformation():24 - Executed Action: GetRegistrationIdListAsDataSource on Controller: Authority For User : .
2020-08-25 17:34:55,760 => INFO  NA.PMS.Common.Logger.LogService.LogInformation():24 - Executing Action: GetTempChallanChargesAsDataSource on Controller: Authority For User : .
2020-08-25 17:34:55,779 => INFO  NA.PMS.Common.Logger.LogService.LogInformation():24 - Executed Action: GetTempChallanChargesAsDataSource on Controller: Authority For User : .
2020-08-25 17:34:56,171 => INFO  NA.PMS.Common.Logger.LogService.LogInformation():24 - Executing Action: GetMasterSearchParameterAsDataSource on Controller: Authority For User : .
2020-08-25 17:34:56,615 => INFO  NA.PMS.Common.Logger.LogService.LogInformation():24 - Executed Action: GetMasterSearchParameterAsDataSource on Controller: Authority For User : .
2020-08-25 17:34:56,691 => INFO  NA.PMS.Common.Logger.LogService.LogInformation():24 - Executing Action: GetMasterSearchParameterAsDataSource on Controller: Authority For User : .
2020-08-25 17:34:57,181 => INFO  NA.PMS.Common.Logger.LogService.LogInformation():24 - Executed Action: GetMasterSearchParameterAsDataSource on Controller: Authority For User : .
2020-08-25 17:34:57,249 => INFO  NA.PMS.Common.Logger.LogService.LogInformation():24 - Executing Action: GetAccountHeadList on Controller: Authority For User : .
2020-08-25 17:34:57,440 => INFO  NA.PMS.Common.Logger.LogService.LogInformation():24 - Executed Action: GetAccountHeadList on Controller: Authority For User : .
2020-08-25 17:34:57,705 => INFO  NA.PMS.Common.Logger.LogService.LogInformation():24 - Executing Action: GetMasterSearchParameterAsDataSource on Controller: Authority For User : .
2020-08-25 17:34:58,178 => INFO  NA.PMS.Common.Logger.LogService.LogInformation():24 - Executed Action: GetMasterSearchParameterAsDataSource on Controller: Authority For User : .
2020-08-25 17:34:58,709 => INFO  NA.PMS.Common.Logger.LogService.LogInformation():24 - Executing Action: GetBankListForPaymentAsDataSource on Controller: Authority For User : .
2020-08-25 17:34:58,918 => INFO  NA.PMS.Common.Logger.LogService.LogInformation():24 - Executed Action: GetBankListForPaymentAsDataSource on Controller: Authority For User : .
2020-08-25 17:35:35,818 => INFO  NA.PMS.Common.Logger.LogService.LogInformation():24 - Executing Action: Challan on Controller: Authority For User : .
2020-08-25 17:35:35,829 => INFO  NA.PMS.Common.Logger.LogService.LogInformation():24 - Executed Action: Challan on Controller: Authority For User : .
2020-08-25 17:35:37,595 => INFO  NA.PMS.Common.Logger.LogService.LogInformation():24 - Executing Action: GetRegistrationIdListAsDataSource on Controller: Authority For User : .
2020-08-25 17:35:37,837 => INFO  NA.PMS.Common.Logger.LogService.LogInformation():24 - Executed Action: GetRegistrationIdListAsDataSource on Controller: Authority For User : .
2020-08-25 17:35:37,910 => INFO  NA.PMS.Common.Logger.LogService.LogInformation():24 - Executing Action: GetTempChallanChargesAsDataSourceII on Controller: Authority For User : .
2020-08-25 17:35:37,931 => INFO  NA.PMS.Common.Logger.LogService.LogInformation():24 - Executed Action: GetTempChallanChargesAsDataSourceII on Controller: Authority For User : .
2020-08-25 17:35:38,132 => INFO  NA.PMS.Common.Logger.LogService.LogInformation():24 - Executing Action: GetSectorListAsDataSourceII on Controller: Authority For User : .
2020-08-25 17:35:38,297 => INFO  NA.PMS.Common.Logger.LogService.LogInformation():24 - Executed Action: GetSectorListAsDataSourceII on Controller: Authority For User : .
2020-08-25 17:35:38,643 => INFO  NA.PMS.Common.Logger.LogService.LogInformation():24 - Executing Action: GetBlockListAsDataSourceII on Controller: Authority For User : .
2020-08-25 17:35:38,825 => INFO  NA.PMS.Common.Logger.LogService.LogInformation():24 - Executed Action: GetBlockListAsDataSourceII on Controller: Authority For User : .
2020-08-25 17:35:39,143 => INFO  NA.PMS.Common.Logger.LogService.LogInformation():24 - Executing Action: GetDepartmentListAsDataSource on Controller: Authority For User : .
2020-08-25 17:35:39,335 => INFO  NA.PMS.Common.Logger.LogService.LogInformation():24 - Executed Action: GetDepartmentListAsDataSource on Controller: Authority For User : .
2020-08-25 17:35:39,657 => INFO  NA.PMS.Common.Logger.LogService.LogInformation():24 - Executing Action: GetBankListAsDataSource on Controller: Authority For User : .
2020-08-25 17:35:39,835 => INFO  NA.PMS.Common.Logger.LogService.LogInformation():24 - Executed Action: GetBankListAsDataSource on Controller: Authority For User : .
2020-08-25 17:35:40,219 => INFO  NA.PMS.Common.Logger.LogService.LogInformation():24 - Executing Action: GetAccountHeadList on Controller: Authority For User : .
2020-08-25 17:35:40,417 => INFO  NA.PMS.Common.Logger.LogService.LogInformation():24 - Executed Action: GetAccountHeadList on Controller: Authority For User : .
