2020-06-06 02:13:54,183 => INFO  NA.PMS.Common.Logger.LogService.LogInformation():24 - Executing Action: Login on Controller: Account For User : .
2020-06-06 02:13:54,421 => INFO  NA.PMS.Common.Logger.LogService.LogInformation():24 - Executed Action: Login on Controller: Account For User : .
2020-06-06 02:14:18,864 => INFO  NA.PMS.Common.Logger.LogService.LogInformation():24 - Executing Action: Login on Controller: Account For User : .
2020-06-06 02:14:22,395 => INFO  NA.PMS.Common.Logger.LogService.LogInformation():24 - Executed Action: Login on Controller: Account For User : .
2020-06-06 02:14:32,001 => INFO  NA.PMS.Common.Logger.LogService.LogInformation():24 - Executing Action: Login on Controller: Account For User : .
2020-06-06 02:14:32,102 => INFO  NA.PMS.Common.Logger.LogService.LogInformation():24 - Executed Action: Login on Controller: Account For User : .
2020-06-06 02:14:42,890 => INFO  NA.PMS.Common.Logger.LogService.LogInformation():24 - Executing Action: Login on Controller: Account For User : .
2020-06-06 02:14:43,799 => INFO  NA.PMS.Common.Logger.LogService.LogInformation():24 - Executed Action: Login on Controller: Account For User : .
2020-06-06 02:14:43,830 => INFO  NA.PMS.Common.Logger.LogService.LogInformation():24 - Executing Action: Login on Controller: Account For User : svamadmin.
2020-06-06 02:14:43,847 => INFO  NA.PMS.Common.Logger.LogService.LogInformation():24 - Executed Action: Login on Controller: Account For User : svamadmin.
2020-06-06 02:14:48,879 => INFO  NA.PMS.Common.Logger.LogService.LogInformation():24 - Executing Action: LoginAfterVerifyOTP on Controller: Account For User : svamadmin.
2020-06-06 02:14:51,065 => INFO  NA.PMS.Common.Logger.LogService.LogInformation():24 - Executed Action: LoginAfterVerifyOTP on Controller: Account For User : svamadmin.
2020-06-06 02:14:54,362 => INFO  NA.PMS.Common.Logger.LogService.LogInformation():24 - Executing Action: GetDepartmentForAdvanceSearch on Controller: PropertyAllotment For User : svamadmin.
2020-06-06 02:14:54,492 => INFO  NA.PMS.Common.Logger.LogService.LogInformation():24 - Executed Action: GetDepartmentForAdvanceSearch on Controller: PropertyAllotment For User : svamadmin.
2020-06-06 02:15:00,295 => INFO  NA.PMS.Common.Logger.LogService.LogInformation():24 - Executing Action: ManageChallan on Controller: Authority For User : svamadmin.
2020-06-06 02:15:00,319 => INFO  NA.PMS.Common.Logger.LogService.LogInformation():24 - Executed Action: ManageChallan on Controller: Authority For User : svamadmin.
2020-06-06 02:15:13,058 => INFO  NA.PMS.Common.Logger.LogService.LogInformation():24 - Executing Action: GetDepartmentList on Controller: ServiceRequest For User : svamadmin.
2020-06-06 02:15:13,142 => INFO  NA.PMS.Common.Logger.LogService.LogInformation():24 - Executed Action: GetDepartmentList on Controller: ServiceRequest For User : svamadmin.
2020-06-06 02:15:13,714 => INFO  NA.PMS.Common.Logger.LogService.LogInformation():24 - Executing Action: GetBankListAsDataSource on Controller: Authority For User : svamadmin.
2020-06-06 02:15:13,928 => INFO  NA.PMS.Common.Logger.LogService.LogInformation():24 - Executed Action: GetBankListAsDataSource on Controller: Authority For User : svamadmin.
2020-06-06 02:15:14,337 => INFO  NA.PMS.Common.Logger.LogService.LogInformation():24 - Executing Action: GetGeneratedChallanList on Controller: Authority For User : svamadmin.
2020-06-06 02:15:15,491 => INFO  NA.PMS.Common.Logger.LogService.LogInformation():24 - Executed Action: GetGeneratedChallanList on Controller: Authority For User : svamadmin.
2020-06-06 02:19:48,637 => INFO  NA.PMS.Common.Logger.LogService.LogInformation():24 - Executing Action: ManageApplication on Controller: Allotment For User : svamadmin.
2020-06-06 02:19:49,048 => INFO  NA.PMS.Common.Logger.LogService.LogInformation():24 - Executed Action: ManageApplication on Controller: Allotment For User : svamadmin.
2020-06-06 02:20:07,790 => INFO  NA.PMS.Common.Logger.LogService.LogInformation():24 - Executing Action: GetSchemeListForAllotment on Controller: PropertyAllotment For User : svamadmin.
2020-06-06 02:20:07,971 => INFO  NA.PMS.Common.Logger.LogService.LogInformation():24 - Executed Action: GetSchemeListForAllotment on Controller: PropertyAllotment For User : svamadmin.
2020-06-06 02:20:08,333 => INFO  NA.PMS.Common.Logger.LogService.LogInformation():24 - Executing Action: GetAllApplications on Controller: Allotment For User : svamadmin.
2020-06-06 02:20:08,937 => INFO  NA.PMS.Common.Logger.LogService.LogInformation():24 - Executed Action: GetAllApplications on Controller: Allotment For User : svamadmin.
2020-06-06 02:20:09,365 => INFO  NA.PMS.Common.Logger.LogService.LogInformation():24 - Executing Action: GetSchemeListForAllotment on Controller: PropertyAllotment For User : svamadmin.
2020-06-06 02:20:09,524 => INFO  NA.PMS.Common.Logger.LogService.LogInformation():24 - Executed Action: GetSchemeListForAllotment on Controller: PropertyAllotment For User : svamadmin.
2020-06-06 02:20:12,874 => INFO  NA.PMS.Common.Logger.LogService.LogInformation():24 - Executing Action: Index on Controller: ServiceRequest For User : svamadmin.
2020-06-06 02:20:12,894 => INFO  NA.PMS.Common.Logger.LogService.LogInformation():24 - Executed Action: Index on Controller: ServiceRequest For User : svamadmin.
2020-06-06 02:20:28,332 => INFO  NA.PMS.Common.Logger.LogService.LogInformation():24 - Executing Action: GetDepartmentList on Controller: ServiceRequest For User : svamadmin.
2020-06-06 02:20:28,427 => INFO  NA.PMS.Common.Logger.LogService.LogInformation():24 - Executed Action: GetDepartmentList on Controller: ServiceRequest For User : svamadmin.
2020-06-06 02:20:28,724 => INFO  NA.PMS.Common.Logger.LogService.LogInformation():24 - Executing Action: GetDirectorShareholderDetails on Controller: ServiceRequest For User : svamadmin.
2020-06-06 02:20:28,746 => INFO  NA.PMS.Common.Logger.LogService.LogInformation():24 - Executed Action: GetDirectorShareholderDetails on Controller: ServiceRequest For User : svamadmin.
2020-06-06 02:20:28,995 => INFO  NA.PMS.Common.Logger.LogService.LogInformation():24 - Executing Action: GetFirmStatusList on Controller: ServiceRequest For User : svamadmin.
2020-06-06 02:20:29,088 => INFO  NA.PMS.Common.Logger.LogService.LogInformation():24 - Executed Action: GetFirmStatusList on Controller: ServiceRequest For User : svamadmin.
2020-06-06 02:20:29,296 => INFO  NA.PMS.Common.Logger.LogService.LogInformation():24 - Executing Action: GetMortgageTypeList on Controller: ServiceRequest For User : svamadmin.
2020-06-06 02:20:29,314 => INFO  NA.PMS.Common.Logger.LogService.LogInformation():24 - Executed Action: GetMortgageTypeList on Controller: ServiceRequest For User : svamadmin.
2020-06-06 02:20:29,511 => INFO  NA.PMS.Common.Logger.LogService.LogInformation():24 - Executing Action: GetNOCStatusList on Controller: ServiceRequest For User : svamadmin.
2020-06-06 02:20:29,532 => INFO  NA.PMS.Common.Logger.LogService.LogInformation():24 - Executed Action: GetNOCStatusList on Controller: ServiceRequest For User : svamadmin.
2020-06-06 02:20:29,734 => INFO  NA.PMS.Common.Logger.LogService.LogInformation():24 - Executing Action: GetGPAStatusList on Controller: ServiceRequest For User : svamadmin.
2020-06-06 02:20:29,753 => INFO  NA.PMS.Common.Logger.LogService.LogInformation():24 - Executed Action: GetGPAStatusList on Controller: ServiceRequest For User : svamadmin.
2020-06-06 02:20:29,954 => INFO  NA.PMS.Common.Logger.LogService.LogInformation():24 - Executing Action: GetCICRequestTypeList on Controller: ServiceRequest For User : svamadmin.
2020-06-06 02:20:30,037 => INFO  NA.PMS.Common.Logger.LogService.LogInformation():24 - Executed Action: GetCICRequestTypeList on Controller: ServiceRequest For User : svamadmin.
2020-06-06 02:20:30,408 => INFO  NA.PMS.Common.Logger.LogService.LogInformation():24 - Executing Action: GetTransferTypeList on Controller: ServiceRequest For User : svamadmin.
2020-06-06 02:20:30,488 => INFO  NA.PMS.Common.Logger.LogService.LogInformation():24 - Executed Action: GetTransferTypeList on Controller: ServiceRequest For User : svamadmin.
2020-06-06 02:20:30,966 => INFO  NA.PMS.Common.Logger.LogService.LogInformation():24 - Executing Action: GetGenderList on Controller: ServiceRequest For User : svamadmin.
2020-06-06 02:20:30,992 => INFO  NA.PMS.Common.Logger.LogService.LogInformation():24 - Executed Action: GetGenderList on Controller: ServiceRequest For User : svamadmin.
2020-06-06 02:20:31,465 => INFO  NA.PMS.Common.Logger.LogService.LogInformation():24 - Executing Action: GetCompanyMemberTypeList on Controller: ServiceRequest For User : svamadmin.
2020-06-06 02:20:31,543 => INFO  NA.PMS.Common.Logger.LogService.LogInformation():24 - Executed Action: GetCompanyMemberTypeList on Controller: ServiceRequest For User : svamadmin.
2020-06-06 02:20:32,022 => INFO  NA.PMS.Common.Logger.LogService.LogInformation():24 - Executing Action: GetOccupationList on Controller: ServiceRequest For User : svamadmin.
2020-06-06 02:20:32,096 => INFO  NA.PMS.Common.Logger.LogService.LogInformation():24 - Executed Action: GetOccupationList on Controller: ServiceRequest For User : svamadmin.
2020-06-06 02:20:49,915 => INFO  NA.PMS.Common.Logger.LogService.LogInformation():24 - Executing Action: GetSubDepartmentList on Controller: ServiceRequest For User : svamadmin.
2020-06-06 02:20:49,999 => INFO  NA.PMS.Common.Logger.LogService.LogInformation():24 - Executed Action: GetSubDepartmentList on Controller: ServiceRequest For User : svamadmin.
2020-06-06 02:20:50,638 => INFO  NA.PMS.Common.Logger.LogService.LogInformation():24 - Executing Action: GetServiceListByDepartmentForNAServices on Controller: ServiceRequest For User : svamadmin.
2020-06-06 02:20:50,730 => INFO  NA.PMS.Common.Logger.LogService.LogInformation():24 - Executed Action: GetServiceListByDepartmentForNAServices on Controller: ServiceRequest For User : svamadmin.
2020-06-06 02:21:10,644 => INFO  NA.PMS.Common.Logger.LogService.LogInformation():24 - Executing Action: GetSubDepartmentList on Controller: ServiceRequest For User : svamadmin.
2020-06-06 02:21:10,736 => INFO  NA.PMS.Common.Logger.LogService.LogInformation():24 - Executed Action: GetSubDepartmentList on Controller: ServiceRequest For User : svamadmin.
2020-06-06 02:21:11,075 => INFO  NA.PMS.Common.Logger.LogService.LogInformation():24 - Executing Action: GetServiceListByDepartmentForNAServices on Controller: ServiceRequest For User : svamadmin.
2020-06-06 02:21:11,163 => INFO  NA.PMS.Common.Logger.LogService.LogInformation():24 - Executed Action: GetServiceListByDepartmentForNAServices on Controller: ServiceRequest For User : svamadmin.
2020-06-06 02:23:45,637 => INFO  NA.PMS.Common.Logger.LogService.LogInformation():24 - Executing Action: ManageChallan on Controller: Authority For User : svamadmin.
2020-06-06 02:23:45,652 => INFO  NA.PMS.Common.Logger.LogService.LogInformation():24 - Executed Action: ManageChallan on Controller: Authority For User : svamadmin.
2020-06-06 02:23:48,205 => INFO  NA.PMS.Common.Logger.LogService.LogInformation():24 - Executing Action: GetDepartmentList on Controller: ServiceRequest For User : svamadmin.
2020-06-06 02:23:48,293 => INFO  NA.PMS.Common.Logger.LogService.LogInformation():24 - Executed Action: GetDepartmentList on Controller: ServiceRequest For User : svamadmin.
2020-06-06 02:23:48,820 => INFO  NA.PMS.Common.Logger.LogService.LogInformation():24 - Executing Action: GetBankListAsDataSource on Controller: Authority For User : svamadmin.
2020-06-06 02:23:48,939 => INFO  NA.PMS.Common.Logger.LogService.LogInformation():24 - Executed Action: GetBankListAsDataSource on Controller: Authority For User : svamadmin.
2020-06-06 02:23:49,445 => INFO  NA.PMS.Common.Logger.LogService.LogInformation():24 - Executing Action: GetGeneratedChallanList on Controller: Authority For User : svamadmin.
2020-06-06 02:23:50,320 => INFO  NA.PMS.Common.Logger.LogService.LogInformation():24 - Executed Action: GetGeneratedChallanList on Controller: Authority For User : svamadmin.
