2020-07-26 05:43:11,181 => INFO  NA.PMS.Common.Logger.LogService.LogInformation():24 - Executing Action: Login on Controller: Account For User : .
2020-07-26 05:43:11,198 => INFO  NA.PMS.Common.Logger.LogService.LogInformation():24 - Executed Action: Login on Controller: Account For User : .
2020-07-26 05:43:19,664 => INFO  NA.PMS.Common.Logger.LogService.LogInformation():24 - Executing Action: Login on Controller: Account For User : .
2020-07-26 05:43:20,422 => INFO  NA.PMS.Common.Logger.LogService.LogInformation():24 - Executed Action: Login on Controller: Account For User : .
2020-07-26 05:43:20,443 => INFO  NA.PMS.Common.Logger.LogService.LogInformation():24 - Executing Action: Login on Controller: Account For User : svamadmin.
2020-07-26 05:43:20,455 => INFO  NA.PMS.Common.Logger.LogService.LogInformation():24 - Executed Action: Login on Controller: Account For User : svamadmin.
2020-07-26 05:44:09,212 => INFO  NA.PMS.Common.Logger.LogService.LogInformation():24 - Executing Action: LoginAfterVerifyOTP on Controller: Account For User : svamadmin.
2020-07-26 05:44:11,398 => INFO  NA.PMS.Common.Logger.LogService.LogInformation():24 - Executed Action: LoginAfterVerifyOTP on Controller: Account For User : svamadmin.
2020-07-26 05:44:12,269 => INFO  NA.PMS.Common.Logger.LogService.LogInformation():24 - Executing Action: Login on Controller: Account For User : svamadmin.
2020-07-26 05:44:12,284 => INFO  NA.PMS.Common.Logger.LogService.LogInformation():24 - Executed Action: Login on Controller: Account For User : svamadmin.
2020-07-26 05:44:13,942 => INFO  NA.PMS.Common.Logger.LogService.LogInformation():24 - Executing Action: GetDepartmentForAdvanceSearch on Controller: PropertyAllotment For User : svamadmin.
2020-07-26 05:44:14,007 => INFO  NA.PMS.Common.Logger.LogService.LogInformation():24 - Executed Action: GetDepartmentForAdvanceSearch on Controller: PropertyAllotment For User : svamadmin.
2020-07-26 05:44:37,512 => INFO  NA.PMS.Common.Logger.LogService.LogInformation():24 - Executing Action: GetServiceRequestDocumentsById on Controller: ServiceRequest For User : svamadmin.
2020-07-26 05:44:58,888 => INFO  NA.PMS.Common.Logger.LogService.LogInformation():24 - Executed Action: GetServiceRequestDocumentsById on Controller: ServiceRequest For User : svamadmin.
2020-07-26 05:45:47,725 => INFO  NA.PMS.Common.Logger.LogService.LogInformation():24 - Executing Action: GetApproverIdList on Controller: Authority For User : svamadmin.
2020-07-26 05:45:47,880 => INFO  NA.PMS.Common.Logger.LogService.LogInformation():24 - Executed Action: GetApproverIdList on Controller: Authority For User : svamadmin.
2020-07-26 06:28:18,608 => INFO  NA.PMS.Common.Logger.LogService.LogInformation():24 - Executing Action: Logout on Controller: Account For User : svamadmin.
2020-07-26 06:28:18,623 => INFO  NA.PMS.Common.Logger.LogService.LogInformation():24 - Executed Action: Logout on Controller: Account For User : svamadmin.
2020-07-26 06:28:22,969 => INFO  NA.PMS.Common.Logger.LogService.LogInformation():24 - Executing Action: Logout on Controller: Account For User : svamadmin.
2020-07-26 06:28:22,980 => INFO  NA.PMS.Common.Logger.LogService.LogInformation():24 - Executed Action: Logout on Controller: Account For User : svamadmin.
