2020-07-11 01:24:12,870 => INFO  NA.PMS.Common.Logger.LogService.LogInformation():24 - Executing Action: Login on Controller: Account For User : .
2020-07-11 01:24:13,647 => INFO  NA.PMS.Common.Logger.LogService.LogInformation():24 - Executed Action: Login on Controller: Account For User : .
2020-07-11 01:37:23,354 => INFO  NA.PMS.Common.Logger.LogService.LogInformation():24 - Executing Action: Login on Controller: Account For User : .
2020-07-11 01:37:27,009 => INFO  NA.PMS.Common.Logger.LogService.LogInformation():24 - Executed Action: Login on Controller: Account For User : .
2020-07-11 01:37:27,034 => INFO  NA.PMS.Common.Logger.LogService.LogInformation():24 - Executing Action: Login on Controller: Account For User : svamadmin.
2020-07-11 01:37:27,047 => INFO  NA.PMS.Common.Logger.LogService.LogInformation():24 - Executed Action: Login on Controller: Account For User : svamadmin.
2020-07-11 01:37:31,660 => INFO  NA.PMS.Common.Logger.LogService.LogInformation():24 - Executing Action: LoginAfterVerifyOTP on Controller: Account For User : svamadmin.
2020-07-11 01:37:33,941 => INFO  NA.PMS.Common.Logger.LogService.LogInformation():24 - Executed Action: LoginAfterVerifyOTP on Controller: Account For User : svamadmin.
2020-07-11 01:37:36,581 => INFO  NA.PMS.Common.Logger.LogService.LogInformation():24 - Executing Action: GetDepartmentForAdvanceSearch on Controller: PropertyAllotment For User : svamadmin.
2020-07-11 01:37:36,682 => INFO  NA.PMS.Common.Logger.LogService.LogInformation():24 - Executed Action: GetDepartmentForAdvanceSearch on Controller: PropertyAllotment For User : svamadmin.
2020-07-11 01:38:35,573 => INFO  NA.PMS.Common.Logger.LogService.LogInformation():24 - Executing Action: GetServiceRequestDocumentsById on Controller: ServiceRequest For User : svamadmin.
2020-07-11 01:38:57,190 => INFO  NA.PMS.Common.Logger.LogService.LogInformation():24 - Executed Action: GetServiceRequestDocumentsById on Controller: ServiceRequest For User : svamadmin.
2020-07-11 01:38:58,685 => INFO  NA.PMS.Common.Logger.LogService.LogInformation():24 - Executing Action: GetApproverIdList on Controller: Authority For User : svamadmin.
2020-07-11 01:38:58,864 => INFO  NA.PMS.Common.Logger.LogService.LogInformation():24 - Executed Action: GetApproverIdList on Controller: Authority For User : svamadmin.
2020-07-11 02:14:47,156 => INFO  NA.PMS.Common.Logger.LogService.LogInformation():24 - Executing Action: Login on Controller: Account For User : svamadmin.
2020-07-11 02:14:47,647 => INFO  NA.PMS.Common.Logger.LogService.LogInformation():24 - Executed Action: Login on Controller: Account For User : svamadmin.
2020-07-11 02:16:13,192 => INFO  NA.PMS.Common.Logger.LogService.LogInformation():24 - Executing Action: Login on Controller: Account For User : svamadmin.
2020-07-11 02:16:17,277 => INFO  NA.PMS.Common.Logger.LogService.LogInformation():24 - Executed Action: Login on Controller: Account For User : svamadmin.
2020-07-11 02:16:17,339 => INFO  NA.PMS.Common.Logger.LogService.LogInformation():24 - Executing Action: Login on Controller: Account For User : svamadmin.
2020-07-11 02:16:17,354 => INFO  NA.PMS.Common.Logger.LogService.LogInformation():24 - Executed Action: Login on Controller: Account For User : svamadmin.
2020-07-11 02:16:23,610 => INFO  NA.PMS.Common.Logger.LogService.LogInformation():24 - Executing Action: LoginAfterVerifyOTP on Controller: Account For User : svamadmin.
2020-07-11 02:16:25,769 => INFO  NA.PMS.Common.Logger.LogService.LogInformation():24 - Executed Action: LoginAfterVerifyOTP on Controller: Account For User : svamadmin.
2020-07-11 02:16:29,720 => INFO  NA.PMS.Common.Logger.LogService.LogInformation():24 - Executing Action: Login on Controller: Account For User : svamadmin.
2020-07-11 02:16:29,804 => INFO  NA.PMS.Common.Logger.LogService.LogInformation():24 - Executed Action: Login on Controller: Account For User : svamadmin.
2020-07-11 02:16:31,187 => INFO  NA.PMS.Common.Logger.LogService.LogInformation():24 - Executing Action: GetDepartmentForAdvanceSearch on Controller: PropertyAllotment For User : svamadmin.
2020-07-11 02:16:31,272 => INFO  NA.PMS.Common.Logger.LogService.LogInformation():24 - Executed Action: GetDepartmentForAdvanceSearch on Controller: PropertyAllotment For User : svamadmin.
2020-07-11 02:38:14,068 => INFO  NA.PMS.Common.Logger.LogService.LogInformation():24 - Executing Action: Login on Controller: Account For User : svamadmin.
2020-07-11 02:38:14,215 => INFO  NA.PMS.Common.Logger.LogService.LogInformation():24 - Executed Action: Login on Controller: Account For User : svamadmin.
2020-07-11 02:38:26,370 => INFO  NA.PMS.Common.Logger.LogService.LogInformation():24 - Executing Action: Login on Controller: Account For User : svamadmin.
2020-07-11 02:38:32,345 => INFO  NA.PMS.Common.Logger.LogService.LogInformation():24 - Executed Action: Login on Controller: Account For User : svamadmin.
2020-07-11 02:38:32,414 => INFO  NA.PMS.Common.Logger.LogService.LogInformation():24 - Executing Action: Login on Controller: Account For User : svamadmin.
2020-07-11 02:38:32,461 => INFO  NA.PMS.Common.Logger.LogService.LogInformation():24 - Executed Action: Login on Controller: Account For User : svamadmin.
2020-07-11 02:39:04,929 => INFO  NA.PMS.Common.Logger.LogService.LogInformation():24 - Executing Action: LoginAfterVerifyOTP on Controller: Account For User : svamadmin.
2020-07-11 02:39:07,384 => INFO  NA.PMS.Common.Logger.LogService.LogInformation():24 - Executed Action: LoginAfterVerifyOTP on Controller: Account For User : svamadmin.
2020-07-11 02:39:10,701 => INFO  NA.PMS.Common.Logger.LogService.LogInformation():24 - Executing Action: GetDepartmentForAdvanceSearch on Controller: PropertyAllotment For User : svamadmin.
2020-07-11 02:39:10,791 => INFO  NA.PMS.Common.Logger.LogService.LogInformation():24 - Executed Action: GetDepartmentForAdvanceSearch on Controller: PropertyAllotment For User : svamadmin.
2020-07-11 02:42:19,755 => INFO  NA.PMS.Common.Logger.LogService.LogInformation():24 - Executing Action: Dashboard on Controller: Authority For User : svamadmin.
2020-07-11 02:42:19,773 => INFO  NA.PMS.Common.Logger.LogService.LogInformation():24 - Executed Action: Dashboard on Controller: Authority For User : svamadmin.
2020-07-11 02:42:32,613 => INFO  NA.PMS.Common.Logger.LogService.LogInformation():24 - Executing Action: GetKYADetailStatusList on Controller: Authority For User : svamadmin.
2020-07-11 02:42:33,301 => INFO  NA.PMS.Common.Logger.LogService.LogInformation():24 - Executed Action: GetKYADetailStatusList on Controller: Authority For User : svamadmin.
2020-07-11 02:42:33,639 => INFO  NA.PMS.Common.Logger.LogService.LogInformation():24 - Executing Action: GetDemandAndNDCListByDepartmentAsDataSource on Controller: Authority For User : svamadmin.
2020-07-11 02:42:33,859 => INFO  NA.PMS.Common.Logger.LogService.LogInformation():24 - Executed Action: GetDemandAndNDCListByDepartmentAsDataSource on Controller: Authority For User : svamadmin.
2020-07-11 02:42:34,215 => INFO  NA.PMS.Common.Logger.LogService.LogInformation():24 - Executing Action: GetServiceTimelineReportsAsDataSource on Controller: Report For User : svamadmin.
2020-07-11 02:42:34,434 => INFO  NA.PMS.Common.Logger.LogService.LogInformation():24 - Executed Action: GetServiceTimelineReportsAsDataSource on Controller: Report For User : svamadmin.
2020-07-11 02:42:34,788 => INFO  NA.PMS.Common.Logger.LogService.LogInformation():24 - Executing Action: GetServiceReportsAsDataSource on Controller: Report For User : svamadmin.
2020-07-11 02:42:34,973 => INFO  NA.PMS.Common.Logger.LogService.LogInformation():24 - Executed Action: GetServiceReportsAsDataSource on Controller: Report For User : svamadmin.
2020-07-11 02:42:35,298 => INFO  NA.PMS.Common.Logger.LogService.LogInformation():24 - Executing Action: GetServiceTimelineReportsAsDataSource on Controller: Report For User : svamadmin.
2020-07-11 02:42:35,385 => INFO  NA.PMS.Common.Logger.LogService.LogInformation():24 - Executed Action: GetServiceTimelineReportsAsDataSource on Controller: Report For User : svamadmin.
2020-07-11 02:42:35,680 => INFO  NA.PMS.Common.Logger.LogService.LogInformation():24 - Executing Action: GetCitizenCharterTimelineList on Controller: Report For User : svamadmin.
2020-07-11 02:42:35,955 => INFO  NA.PMS.Common.Logger.LogService.LogInformation():24 - Executed Action: GetCitizenCharterTimelineList on Controller: Report For User : svamadmin.
2020-07-11 02:42:36,127 => INFO  NA.PMS.Common.Logger.LogService.LogInformation():24 - Executing Action: GetDepartmentList on Controller: Finance For User : svamadmin.
2020-07-11 02:42:36,282 => INFO  NA.PMS.Common.Logger.LogService.LogInformation():24 - Executed Action: GetDepartmentList on Controller: Finance For User : svamadmin.
2020-07-11 02:42:36,429 => INFO  NA.PMS.Common.Logger.LogService.LogInformation():24 - Executing Action: GetAlloteeListByDueDate on Controller: Payment For User : svamadmin.
2020-07-11 02:42:36,934 => INFO  NA.PMS.Common.Logger.LogService.LogInformation():24 - Executed Action: GetAlloteeListByDueDate on Controller: Payment For User : svamadmin.
2020-07-11 02:42:37,112 => INFO  NA.PMS.Common.Logger.LogService.LogInformation():24 - Executing Action: GetAlloteeListByDueDate on Controller: Payment For User : svamadmin.
2020-07-11 02:42:37,285 => INFO  NA.PMS.Common.Logger.LogService.LogInformation():24 - Executed Action: GetAlloteeListByDueDate on Controller: Payment For User : svamadmin.
2020-07-11 02:42:37,435 => INFO  NA.PMS.Common.Logger.LogService.LogInformation():24 - Executing Action: GetAlloteeListByDueDate on Controller: Payment For User : svamadmin.
2020-07-11 02:42:37,601 => INFO  NA.PMS.Common.Logger.LogService.LogInformation():24 - Executed Action: GetAlloteeListByDueDate on Controller: Payment For User : svamadmin.
2020-07-11 02:42:37,840 => INFO  NA.PMS.Common.Logger.LogService.LogInformation():24 - Executing Action: GetUsersDepartmentListAsDataSource on Controller: ServiceRequest For User : svamadmin.
2020-07-11 02:42:37,978 => INFO  NA.PMS.Common.Logger.LogService.LogInformation():24 - Executed Action: GetUsersDepartmentListAsDataSource on Controller: ServiceRequest For User : svamadmin.
2020-07-11 02:42:38,141 => INFO  NA.PMS.Common.Logger.LogService.LogInformation():24 - Executing Action: GetDefaulterList on Controller: Payment For User : svamadmin.
2020-07-11 02:42:38,903 => INFO  NA.PMS.Common.Logger.LogService.LogInformation():24 - Executed Action: GetDefaulterList on Controller: Payment For User : svamadmin.
2020-07-11 02:42:39,175 => INFO  NA.PMS.Common.Logger.LogService.LogInformation():24 - Executing Action: GetKYAFormListCount on Controller: Authority For User : svamadmin.
2020-07-11 02:42:39,300 => INFO  NA.PMS.Common.Logger.LogService.LogInformation():24 - Executed Action: GetKYAFormListCount on Controller: Authority For User : svamadmin.
2020-07-11 02:42:39,558 => INFO  NA.PMS.Common.Logger.LogService.LogInformation():24 - Executing Action: GetKYAFormListCount on Controller: Authority For User : svamadmin.
2020-07-11 02:42:39,624 => INFO  NA.PMS.Common.Logger.LogService.LogInformation():24 - Executed Action: GetKYAFormListCount on Controller: Authority For User : svamadmin.
2020-07-11 02:42:39,882 => INFO  NA.PMS.Common.Logger.LogService.LogInformation():24 - Executing Action: GetAverageApprovedForm on Controller: Authority For User : svamadmin.
2020-07-11 02:42:40,023 => INFO  NA.PMS.Common.Logger.LogService.LogInformation():24 - Executed Action: GetAverageApprovedForm on Controller: Authority For User : svamadmin.
2020-07-11 02:42:40,273 => INFO  NA.PMS.Common.Logger.LogService.LogInformation():24 - Executing Action: GetChallanReportsForGraph on Controller: Authority For User : svamadmin.
2020-07-11 02:42:40,827 => INFO  NA.PMS.Common.Logger.LogService.LogInformation():24 - Executed Action: GetChallanReportsForGraph on Controller: Authority For User : svamadmin.
2020-07-11 02:42:41,173 => INFO  NA.PMS.Common.Logger.LogService.LogInformation():24 - Executing Action: GetServiceReportsForGraphII on Controller: Report For User : svamadmin.
2020-07-11 02:42:41,704 => INFO  NA.PMS.Common.Logger.LogService.LogInformation():24 - Executed Action: GetServiceReportsForGraphII on Controller: Report For User : svamadmin.
2020-07-11 02:42:42,036 => INFO  NA.PMS.Common.Logger.LogService.LogInformation():24 - Executing Action: GetServiceReportsForGraphII on Controller: Report For User : svamadmin.
2020-07-11 02:42:42,239 => INFO  NA.PMS.Common.Logger.LogService.LogInformation():24 - Executed Action: GetServiceReportsForGraphII on Controller: Report For User : svamadmin.
2020-07-11 02:42:42,555 => INFO  NA.PMS.Common.Logger.LogService.LogInformation():24 - Executing Action: GetServiceReportsForGraphII on Controller: Report For User : svamadmin.
2020-07-11 02:42:42,651 => INFO  NA.PMS.Common.Logger.LogService.LogInformation():24 - Executed Action: GetServiceReportsForGraphII on Controller: Report For User : svamadmin.
2020-07-11 02:42:42,975 => INFO  NA.PMS.Common.Logger.LogService.LogInformation():24 - Executing Action: GetServiceReportsForGraphII on Controller: Report For User : svamadmin.
2020-07-11 02:42:43,077 => INFO  NA.PMS.Common.Logger.LogService.LogInformation():24 - Executed Action: GetServiceReportsForGraphII on Controller: Report For User : svamadmin.
2020-07-11 02:42:43,452 => INFO  NA.PMS.Common.Logger.LogService.LogInformation():24 - Executing Action: GetServiceReportsAsDataSource on Controller: Report For User : svamadmin.
2020-07-11 02:42:43,593 => INFO  NA.PMS.Common.Logger.LogService.LogInformation():24 - Executed Action: GetServiceReportsAsDataSource on Controller: Report For User : svamadmin.
2020-07-11 02:42:43,915 => INFO  NA.PMS.Common.Logger.LogService.LogInformation():24 - Executing Action: GetServiceReportsForGraphII on Controller: Report For User : svamadmin.
2020-07-11 02:42:44,024 => INFO  NA.PMS.Common.Logger.LogService.LogInformation():24 - Executed Action: GetServiceReportsForGraphII on Controller: Report For User : svamadmin.
2020-07-11 02:42:44,334 => INFO  NA.PMS.Common.Logger.LogService.LogInformation():24 - Executing Action: GetServiceReportsForGraphII on Controller: Report For User : svamadmin.
2020-07-11 02:42:44,586 => INFO  NA.PMS.Common.Logger.LogService.LogInformation():24 - Executed Action: GetServiceReportsForGraphII on Controller: Report For User : svamadmin.
2020-07-11 02:42:44,917 => INFO  NA.PMS.Common.Logger.LogService.LogInformation():24 - Executing Action: GetServiceReportsForGraphII on Controller: Report For User : svamadmin.
2020-07-11 02:42:45,081 => INFO  NA.PMS.Common.Logger.LogService.LogInformation():24 - Executed Action: GetServiceReportsForGraphII on Controller: Report For User : svamadmin.
2020-07-11 02:42:45,352 => INFO  NA.PMS.Common.Logger.LogService.LogInformation():24 - Executing Action: GetNDCAndDemandReportsForGraph on Controller: Authority For User : svamadmin.
2020-07-11 02:42:45,439 => INFO  NA.PMS.Common.Logger.LogService.LogInformation():24 - Executed Action: GetNDCAndDemandReportsForGraph on Controller: Authority For User : svamadmin.
2020-07-11 02:42:45,751 => INFO  NA.PMS.Common.Logger.LogService.LogInformation():24 - Executing Action: GetHTMLServiceReport on Controller: Report For User : svamadmin.
2020-07-11 02:42:48,784 => INFO  NA.PMS.Common.Logger.LogService.LogInformation():24 - Executed Action: GetHTMLServiceReport on Controller: Report For User : svamadmin.
2020-07-11 02:42:49,137 => INFO  NA.PMS.Common.Logger.LogService.LogInformation():24 - Executing Action: GetHTMLServiceReportLetter on Controller: Report For User : svamadmin.
2020-07-11 02:42:52,555 => INFO  NA.PMS.Common.Logger.LogService.LogInformation():24 - Executed Action: GetHTMLServiceReportLetter on Controller: Report For User : svamadmin.
2020-07-11 02:42:52,868 => INFO  NA.PMS.Common.Logger.LogService.LogInformation():24 - Executing Action: GetServiceTimelineReportsAsDataSource on Controller: Report For User : svamadmin.
2020-07-11 02:42:53,082 => INFO  NA.PMS.Common.Logger.LogService.LogInformation():24 - Executed Action: GetServiceTimelineReportsAsDataSource on Controller: Report For User : svamadmin.
2020-07-11 02:42:53,399 => INFO  NA.PMS.Common.Logger.LogService.LogInformation():24 - Executing Action: GetServiceTimelineReportsAsDataSource on Controller: Report For User : svamadmin.
2020-07-11 02:42:53,472 => INFO  NA.PMS.Common.Logger.LogService.LogInformation():24 - Executed Action: GetServiceTimelineReportsAsDataSource on Controller: Report For User : svamadmin.
2020-07-11 02:42:53,714 => INFO  NA.PMS.Common.Logger.LogService.LogInformation():24 - Executing Action: GetKYAFormListCount on Controller: Authority For User : svamadmin.
2020-07-11 02:42:53,793 => INFO  NA.PMS.Common.Logger.LogService.LogInformation():24 - Executed Action: GetKYAFormListCount on Controller: Authority For User : svamadmin.
2020-07-11 02:42:54,048 => INFO  NA.PMS.Common.Logger.LogService.LogInformation():24 - Executing Action: GetNDCAndDemandReportsForGraph on Controller: Authority For User : svamadmin.
2020-07-11 02:42:54,132 => INFO  NA.PMS.Common.Logger.LogService.LogInformation():24 - Executed Action: GetNDCAndDemandReportsForGraph on Controller: Authority For User : svamadmin.
2020-07-11 02:42:54,426 => INFO  NA.PMS.Common.Logger.LogService.LogInformation():24 - Executing Action: GetChallanReportsForGraph on Controller: Authority For User : svamadmin.
2020-07-11 02:42:55,233 => INFO  NA.PMS.Common.Logger.LogService.LogInformation():24 - Executed Action: GetChallanReportsForGraph on Controller: Authority For User : svamadmin.
2020-07-11 02:42:55,575 => INFO  NA.PMS.Common.Logger.LogService.LogInformation():24 - Executing Action: GetServiceReportsForGraphII on Controller: Report For User : svamadmin.
2020-07-11 02:42:55,725 => INFO  NA.PMS.Common.Logger.LogService.LogInformation():24 - Executed Action: GetServiceReportsForGraphII on Controller: Report For User : svamadmin.
2020-07-11 02:42:56,522 => INFO  NA.PMS.Common.Logger.LogService.LogInformation():24 - Executing Action: GetServiceTimelineReportsAsDataSource on Controller: Report For User : svamadmin.
2020-07-11 02:42:56,629 => INFO  NA.PMS.Common.Logger.LogService.LogInformation():24 - Executed Action: GetServiceTimelineReportsAsDataSource on Controller: Report For User : svamadmin.
2020-07-11 02:42:56,979 => INFO  NA.PMS.Common.Logger.LogService.LogInformation():24 - Executing Action: GetServiceTimelineReportsAsDataSource on Controller: Report For User : svamadmin.
2020-07-11 02:42:57,079 => INFO  NA.PMS.Common.Logger.LogService.LogInformation():24 - Executed Action: GetServiceTimelineReportsAsDataSource on Controller: Report For User : svamadmin.
2020-07-11 02:42:57,508 => INFO  NA.PMS.Common.Logger.LogService.LogInformation():24 - Executing Action: GetServiceReportsAsDataSource on Controller: Report For User : svamadmin.
2020-07-11 02:42:57,657 => INFO  NA.PMS.Common.Logger.LogService.LogInformation():24 - Executed Action: GetServiceReportsAsDataSource on Controller: Report For User : svamadmin.
2020-07-11 02:47:10,639 => INFO  NA.PMS.Common.Logger.LogService.LogInformation():24 - Executing Action: Login on Controller: Account For User : svamadmin.
2020-07-11 02:47:10,890 => INFO  NA.PMS.Common.Logger.LogService.LogInformation():24 - Executed Action: Login on Controller: Account For User : svamadmin.
2020-07-11 02:50:51,868 => INFO  NA.PMS.Common.Logger.LogService.LogInformation():24 - Executing Action: Login on Controller: Account For User : svamadmin.
2020-07-11 02:50:57,566 => INFO  NA.PMS.Common.Logger.LogService.LogInformation():24 - Executed Action: Login on Controller: Account For User : svamadmin.
2020-07-11 02:50:57,711 => INFO  NA.PMS.Common.Logger.LogService.LogInformation():24 - Executing Action: Login on Controller: Account For User : svamadmin.
2020-07-11 02:50:57,764 => INFO  NA.PMS.Common.Logger.LogService.LogInformation():24 - Executed Action: Login on Controller: Account For User : svamadmin.
2020-07-11 02:51:06,496 => INFO  NA.PMS.Common.Logger.LogService.LogInformation():24 - Executing Action: LoginAfterVerifyOTP on Controller: Account For User : svamadmin.
2020-07-11 02:51:08,671 => INFO  NA.PMS.Common.Logger.LogService.LogInformation():24 - Executed Action: LoginAfterVerifyOTP on Controller: Account For User : svamadmin.
2020-07-11 02:51:15,485 => INFO  NA.PMS.Common.Logger.LogService.LogInformation():24 - Executing Action: GetDepartmentForAdvanceSearch on Controller: PropertyAllotment For User : svamadmin.
2020-07-11 02:51:15,657 => INFO  NA.PMS.Common.Logger.LogService.LogInformation():24 - Executed Action: GetDepartmentForAdvanceSearch on Controller: PropertyAllotment For User : svamadmin.
2020-07-11 02:52:57,482 => INFO  NA.PMS.Common.Logger.LogService.LogInformation():24 - Executing Action: GetAssineTo on Controller: Allotment For User : svamadmin.
2020-07-11 02:52:57,748 => INFO  NA.PMS.Common.Logger.LogService.LogInformation():24 - Executed Action: GetAssineTo on Controller: Allotment For User : svamadmin.
2020-07-11 02:55:31,468 => INFO  NA.PMS.Common.Logger.LogService.LogInformation():24 - Executing Action: GetAssineTo on Controller: Allotment For User : svamadmin.
2020-07-11 02:55:31,633 => INFO  NA.PMS.Common.Logger.LogService.LogInformation():24 - Executed Action: GetAssineTo on Controller: Allotment For User : svamadmin.
2020-07-11 06:27:44,839 => INFO  NA.PMS.Common.Logger.LogService.LogInformation():24 - Executing Action: Login on Controller: Account For User : .
2020-07-11 06:27:45,388 => INFO  NA.PMS.Common.Logger.LogService.LogInformation():24 - Executed Action: Login on Controller: Account For User : .
