2021-01-22 14:16:25,185 => INFO  NA.PMS.Common.Logger.LogService.LogInformation():24 - Executing Action: Login on Controller: Account For User : .
2021-01-22 14:16:25,549 => INFO  NA.PMS.Common.Logger.LogService.LogInformation():24 - Executed Action: Login on Controller: Account For User : .
2021-01-22 14:20:51,260 => INFO  NA.PMS.Common.Logger.LogService.LogInformation():24 - Executing Action: GetGenderList on Controller: Application For User : .
2021-01-22 14:20:51,286 => INFO  NA.PMS.Common.Logger.LogService.LogInformation():24 - Executed Action: GetGenderList on Controller: Application For User : .
2021-01-22 14:20:51,735 => INFO  NA.PMS.Common.Logger.LogService.LogInformation():24 - Executing Action: GetMaritalStatusList on Controller: Application For User : .
2021-01-22 14:20:51,755 => INFO  NA.PMS.Common.Logger.LogService.LogInformation():24 - Executed Action: GetMaritalStatusList on Controller: Application For User : .
2021-01-22 14:20:53,300 => INFO  NA.PMS.Common.Logger.LogService.LogInformation():24 - Executing Action: GetOccupationList on Controller: Application For User : .
2021-01-22 14:20:53,360 => INFO  NA.PMS.Common.Logger.LogService.LogInformation():24 - Executed Action: GetOccupationList on Controller: Application For User : .
2021-01-22 14:20:53,804 => INFO  NA.PMS.Common.Logger.LogService.LogInformation():24 - Executing Action: GetCategoryList on Controller: Application For User : .
2021-01-22 14:20:53,878 => INFO  NA.PMS.Common.Logger.LogService.LogInformation():24 - Executed Action: GetCategoryList on Controller: Application For User : .
2021-01-22 15:47:53,308 => INFO  NA.PMS.Common.Logger.LogService.LogInformation():24 - Executing Action: Login on Controller: Account For User : .
2021-01-22 15:47:53,689 => INFO  NA.PMS.Common.Logger.LogService.LogInformation():24 - Executed Action: Login on Controller: Account For User : .
2021-01-22 15:51:05,629 => INFO  NA.PMS.Common.Logger.LogService.LogInformation():24 - Executing Action: GetGenderList on Controller: Application For User : .
2021-01-22 15:51:05,659 => INFO  NA.PMS.Common.Logger.LogService.LogInformation():24 - Executed Action: GetGenderList on Controller: Application For User : .
2021-01-22 15:51:05,756 => INFO  NA.PMS.Common.Logger.LogService.LogInformation():24 - Executing Action: GetOccupationList on Controller: Application For User : .
2021-01-22 15:51:05,812 => INFO  NA.PMS.Common.Logger.LogService.LogInformation():24 - Executed Action: GetOccupationList on Controller: Application For User : .
2021-01-22 15:51:06,104 => INFO  NA.PMS.Common.Logger.LogService.LogInformation():24 - Executing Action: GetMaritalStatusList on Controller: Application For User : .
2021-01-22 15:51:06,128 => INFO  NA.PMS.Common.Logger.LogService.LogInformation():24 - Executed Action: GetMaritalStatusList on Controller: Application For User : .
2021-01-22 15:51:07,120 => INFO  NA.PMS.Common.Logger.LogService.LogInformation():24 - Executing Action: GetCategoryList on Controller: Application For User : .
2021-01-22 15:51:07,168 => INFO  NA.PMS.Common.Logger.LogService.LogInformation():24 - Executed Action: GetCategoryList on Controller: Application For User : .
2021-01-22 16:26:16,959 => INFO  NA.PMS.Common.Logger.LogService.LogInformation():24 - Executing Action: GetGenderList on Controller: Application For User : .
2021-01-22 16:26:16,972 => INFO  NA.PMS.Common.Logger.LogService.LogInformation():24 - Executed Action: GetGenderList on Controller: Application For User : .
2021-01-22 16:26:17,013 => INFO  NA.PMS.Common.Logger.LogService.LogInformation():24 - Executing Action: GetCategoryList on Controller: Application For User : .
2021-01-22 16:26:17,054 => INFO  NA.PMS.Common.Logger.LogService.LogInformation():24 - Executed Action: GetCategoryList on Controller: Application For User : .
2021-01-22 16:26:17,451 => INFO  NA.PMS.Common.Logger.LogService.LogInformation():24 - Executing Action: GetMaritalStatusList on Controller: Application For User : .
2021-01-22 16:26:17,461 => INFO  NA.PMS.Common.Logger.LogService.LogInformation():24 - Executed Action: GetMaritalStatusList on Controller: Application For User : .
2021-01-22 16:26:17,530 => INFO  NA.PMS.Common.Logger.LogService.LogInformation():24 - Executing Action: GetOccupationList on Controller: Application For User : .
2021-01-22 16:26:17,567 => INFO  NA.PMS.Common.Logger.LogService.LogInformation():24 - Executed Action: GetOccupationList on Controller: Application For User : .
2021-01-22 16:28:48,507 => INFO  NA.PMS.Common.Logger.LogService.LogInformation():24 - Executing Action: GetGenderList on Controller: Application For User : .
2021-01-22 16:28:48,525 => INFO  NA.PMS.Common.Logger.LogService.LogInformation():24 - Executed Action: GetGenderList on Controller: Application For User : .
2021-01-22 16:28:48,568 => INFO  NA.PMS.Common.Logger.LogService.LogInformation():24 - Executing Action: GetOccupationList on Controller: Application For User : .
2021-01-22 16:28:48,623 => INFO  NA.PMS.Common.Logger.LogService.LogInformation():24 - Executed Action: GetOccupationList on Controller: Application For User : .
2021-01-22 16:28:49,035 => INFO  NA.PMS.Common.Logger.LogService.LogInformation():24 - Executing Action: GetMaritalStatusList on Controller: Application For User : .
2021-01-22 16:28:49,052 => INFO  NA.PMS.Common.Logger.LogService.LogInformation():24 - Executed Action: GetMaritalStatusList on Controller: Application For User : .
2021-01-22 16:28:49,565 => INFO  NA.PMS.Common.Logger.LogService.LogInformation():24 - Executing Action: GetCategoryList on Controller: Application For User : .
2021-01-22 16:28:49,619 => INFO  NA.PMS.Common.Logger.LogService.LogInformation():24 - Executed Action: GetCategoryList on Controller: Application For User : .
2021-01-22 16:29:20,649 => INFO  NA.PMS.Common.Logger.LogService.LogInformation():24 - Executing Action: SchemeInformation on Controller: Application For User : .
2021-01-22 16:29:20,678 => INFO  NA.PMS.Common.Logger.LogService.LogInformation():24 - Executed Action: SchemeInformation on Controller: Application For User : .
2021-01-22 16:29:38,710 => ERROR NA.PMS.Common.Logger.LogService.LogError():97 - Controller Exception
System.NullReferenceException: Object reference not set to an instance of an object.
   at ASP._Page_Areas_Online_Views_Application_SchemeInformation_cshtml.Execute() in d:\TFSProject\NoidaAuthority\Source\NA.PMS\NA.PMS.Web\Areas\Online\Views\Application\SchemeInformation.cshtml:line 79
   at System.Web.WebPages.WebPageBase.ExecutePageHierarchy()
   at System.Web.Mvc.WebViewPage.ExecutePageHierarchy()
   at System.Web.WebPages.WebPageBase.ExecutePageHierarchy(WebPageContext pageContext, TextWriter writer, WebPageRenderingBase startPage)
   at System.Web.Mvc.RazorView.RenderView(ViewContext viewContext, TextWriter writer, Object instance)
   at System.Web.Mvc.BuildManagerCompiledView.Render(ViewContext viewContext, TextWriter writer)
   at System.Web.Mvc.ViewResultBase.ExecuteResult(ControllerContext context)
   at System.Web.Mvc.ControllerActionInvoker.InvokeActionResult(ControllerContext controllerContext, ActionResult actionResult)
   at System.Web.Mvc.ControllerActionInvoker.InvokeActionResultFilterRecursive(IList`1 filters, Int32 filterIndex, ResultExecutingContext preContext, ControllerContext controllerContext, ActionResult actionResult)
   at System.Web.Mvc.ControllerActionInvoker.InvokeActionResultFilterRecursive(IList`1 filters, Int32 filterIndex, ResultExecutingContext preContext, ControllerContext controllerContext, ActionResult actionResult)
   at System.Web.Mvc.ControllerActionInvoker.InvokeActionResultFilterRecursive(IList`1 filters, Int32 filterIndex, ResultExecutingContext preContext, ControllerContext controllerContext, ActionResult actionResult)
   at System.Web.Mvc.ControllerActionInvoker.InvokeActionResultWithFilters(ControllerContext controllerContext, IList`1 filters, ActionResult actionResult)
   at System.Web.Mvc.Async.AsyncControllerActionInvoker.<>c__DisplayClass21.<>c__DisplayClass2b.<BeginInvokeAction>b__1c()
   at System.Web.Mvc.Async.AsyncControllerActionInvoker.<>c__DisplayClass21.<BeginInvokeAction>b__1e(IAsyncResult asyncResult)
2021-01-22 16:29:38,752 => ERROR NA.PMS.Common.Logger.LogService.LogError():97 - Global Exception
System.NullReferenceException: Object reference not set to an instance of an object.
   at ASP._Page_Areas_Online_Views_Application_SchemeInformation_cshtml.Execute() in d:\TFSProject\NoidaAuthority\Source\NA.PMS\NA.PMS.Web\Areas\Online\Views\Application\SchemeInformation.cshtml:line 79
   at System.Web.WebPages.WebPageBase.ExecutePageHierarchy()
   at System.Web.Mvc.WebViewPage.ExecutePageHierarchy()
   at System.Web.WebPages.WebPageBase.ExecutePageHierarchy(WebPageContext pageContext, TextWriter writer, WebPageRenderingBase startPage)
   at System.Web.Mvc.RazorView.RenderView(ViewContext viewContext, TextWriter writer, Object instance)
   at System.Web.Mvc.BuildManagerCompiledView.Render(ViewContext viewContext, TextWriter writer)
   at System.Web.Mvc.ViewResultBase.ExecuteResult(ControllerContext context)
   at System.Web.Mvc.ControllerActionInvoker.InvokeActionResult(ControllerContext controllerContext, ActionResult actionResult)
   at System.Web.Mvc.ControllerActionInvoker.InvokeActionResultFilterRecursive(IList`1 filters, Int32 filterIndex, ResultExecutingContext preContext, ControllerContext controllerContext, ActionResult actionResult)
   at System.Web.Mvc.ControllerActionInvoker.InvokeActionResultFilterRecursive(IList`1 filters, Int32 filterIndex, ResultExecutingContext preContext, ControllerContext controllerContext, ActionResult actionResult)
   at System.Web.Mvc.ControllerActionInvoker.InvokeActionResultFilterRecursive(IList`1 filters, Int32 filterIndex, ResultExecutingContext preContext, ControllerContext controllerContext, ActionResult actionResult)
   at System.Web.Mvc.ControllerActionInvoker.InvokeActionResultWithFilters(ControllerContext controllerContext, IList`1 filters, ActionResult actionResult)
   at System.Web.Mvc.Async.AsyncControllerActionInvoker.<>c__DisplayClass21.<>c__DisplayClass2b.<BeginInvokeAction>b__1c()
   at System.Web.Mvc.Async.AsyncControllerActionInvoker.<>c__DisplayClass21.<BeginInvokeAction>b__1e(IAsyncResult asyncResult)
   at System.Web.Mvc.Async.AsyncResultWrapper.WrappedAsyncResult`1.CallEndDelegate(IAsyncResult asyncResult)
   at System.Web.Mvc.Async.AsyncResultWrapper.WrappedAsyncResultBase`1.End()
   at System.Web.Mvc.Async.AsyncResultWrapper.End[TResult](IAsyncResult asyncResult, Object tag)
   at System.Web.Mvc.Async.AsyncControllerActionInvoker.EndInvokeAction(IAsyncResult asyncResult)
   at System.Web.Mvc.Controller.<BeginExecuteCore>b__1d(IAsyncResult asyncResult, ExecuteCoreState innerState)
   at System.Web.Mvc.Async.AsyncResultWrapper.WrappedAsyncVoid`1.CallEndDelegate(IAsyncResult asyncResult)
   at System.Web.Mvc.Async.AsyncResultWrapper.WrappedAsyncResultBase`1.End()
   at System.Web.Mvc.Async.AsyncResultWrapper.End[TResult](IAsyncResult asyncResult, Object tag)
   at System.Web.Mvc.Async.AsyncResultWrapper.End(IAsyncResult asyncResult, Object tag)
   at System.Web.Mvc.Controller.EndExecuteCore(IAsyncResult asyncResult)
   at System.Web.Mvc.Controller.<BeginExecute>b__15(IAsyncResult asyncResult, Controller controller)
   at System.Web.Mvc.Async.AsyncResultWrapper.WrappedAsyncVoid`1.CallEndDelegate(IAsyncResult asyncResult)
   at System.Web.Mvc.Async.AsyncResultWrapper.WrappedAsyncResultBase`1.End()
   at System.Web.Mvc.Async.AsyncResultWrapper.End[TResult](IAsyncResult asyncResult, Object tag)
   at System.Web.Mvc.Async.AsyncResultWrapper.End(IAsyncResult asyncResult, Object tag)
   at System.Web.Mvc.Controller.EndExecute(IAsyncResult asyncResult)
   at System.Web.Mvc.Controller.System.Web.Mvc.Async.IAsyncController.EndExecute(IAsyncResult asyncResult)
   at System.Web.Mvc.MvcHandler.<BeginProcessRequest>b__5(IAsyncResult asyncResult, ProcessRequestState innerState)
   at System.Web.Mvc.Async.AsyncResultWrapper.WrappedAsyncVoid`1.CallEndDelegate(IAsyncResult asyncResult)
   at System.Web.Mvc.Async.AsyncResultWrapper.WrappedAsyncResultBase`1.End()
   at System.Web.Mvc.Async.AsyncResultWrapper.End[TResult](IAsyncResult asyncResult, Object tag)
   at System.Web.Mvc.Async.AsyncResultWrapper.End(IAsyncResult asyncResult, Object tag)
   at System.Web.Mvc.MvcHandler.EndProcessRequest(IAsyncResult asyncResult)
   at System.Web.Mvc.MvcHandler.System.Web.IHttpAsyncHandler.EndProcessRequest(IAsyncResult result)
   at System.Web.HttpApplication.CallHandlerExecutionStep.System.Web.HttpApplication.IExecutionStep.Execute()
   at System.Web.HttpApplication.ExecuteStepImpl(IExecutionStep step)
   at System.Web.HttpApplication.ExecuteStep(IExecutionStep step, Boolean& completedSynchronously)
2021-01-22 16:29:46,287 => INFO  NA.PMS.Common.Logger.LogService.LogInformation():24 - Executing Action: GetGenderList on Controller: Application For User : .
2021-01-22 16:29:46,311 => INFO  NA.PMS.Common.Logger.LogService.LogInformation():24 - Executed Action: GetGenderList on Controller: Application For User : .
2021-01-22 16:29:46,376 => INFO  NA.PMS.Common.Logger.LogService.LogInformation():24 - Executing Action: GetOccupationList on Controller: Application For User : .
2021-01-22 16:29:46,428 => INFO  NA.PMS.Common.Logger.LogService.LogInformation():24 - Executed Action: GetOccupationList on Controller: Application For User : .
2021-01-22 16:29:46,806 => INFO  NA.PMS.Common.Logger.LogService.LogInformation():24 - Executing Action: GetMaritalStatusList on Controller: Application For User : .
2021-01-22 16:29:46,852 => INFO  NA.PMS.Common.Logger.LogService.LogInformation():24 - Executed Action: GetMaritalStatusList on Controller: Application For User : .
2021-01-22 16:29:47,359 => INFO  NA.PMS.Common.Logger.LogService.LogInformation():24 - Executing Action: GetCategoryList on Controller: Application For User : .
2021-01-22 16:29:47,433 => INFO  NA.PMS.Common.Logger.LogService.LogInformation():24 - Executed Action: GetCategoryList on Controller: Application For User : .
2021-01-22 16:31:11,914 => INFO  NA.PMS.Common.Logger.LogService.LogInformation():24 - Executing Action: GetGenderList on Controller: Application For User : .
2021-01-22 16:31:11,933 => INFO  NA.PMS.Common.Logger.LogService.LogInformation():24 - Executed Action: GetGenderList on Controller: Application For User : .
2021-01-22 16:31:11,988 => INFO  NA.PMS.Common.Logger.LogService.LogInformation():24 - Executing Action: GetCategoryList on Controller: Application For User : .
2021-01-22 16:31:12,037 => INFO  NA.PMS.Common.Logger.LogService.LogInformation():24 - Executed Action: GetCategoryList on Controller: Application For User : .
2021-01-22 16:31:12,470 => INFO  NA.PMS.Common.Logger.LogService.LogInformation():24 - Executing Action: GetMaritalStatusList on Controller: Application For User : .
2021-01-22 16:31:12,496 => INFO  NA.PMS.Common.Logger.LogService.LogInformation():24 - Executed Action: GetMaritalStatusList on Controller: Application For User : .
2021-01-22 16:31:12,537 => INFO  NA.PMS.Common.Logger.LogService.LogInformation():24 - Executing Action: GetOccupationList on Controller: Application For User : .
2021-01-22 16:31:12,611 => INFO  NA.PMS.Common.Logger.LogService.LogInformation():24 - Executed Action: GetOccupationList on Controller: Application For User : .
2021-01-22 17:05:39,092 => INFO  NA.PMS.Common.Logger.LogService.LogInformation():24 - Executing Action: Login on Controller: Account For User : .
2021-01-22 17:05:39,353 => INFO  NA.PMS.Common.Logger.LogService.LogInformation():24 - Executed Action: Login on Controller: Account For User : .
2021-01-22 17:06:14,194 => INFO  NA.PMS.Common.Logger.LogService.LogInformation():24 - Executing Action: GetGenderList on Controller: Application For User : .
2021-01-22 17:06:14,263 => INFO  NA.PMS.Common.Logger.LogService.LogInformation():24 - Executed Action: GetGenderList on Controller: Application For User : .
2021-01-22 17:06:14,451 => INFO  NA.PMS.Common.Logger.LogService.LogInformation():24 - Executing Action: GetOccupationList on Controller: Application For User : .
2021-01-22 17:06:19,651 => INFO  NA.PMS.Common.Logger.LogService.LogInformation():24 - Executed Action: GetOccupationList on Controller: Application For User : .
2021-01-22 17:06:22,100 => INFO  NA.PMS.Common.Logger.LogService.LogInformation():24 - Executing Action: GetMaritalStatusList on Controller: Application For User : .
2021-01-22 17:06:22,121 => INFO  NA.PMS.Common.Logger.LogService.LogInformation():24 - Executed Action: GetMaritalStatusList on Controller: Application For User : .
2021-01-22 17:06:22,600 => INFO  NA.PMS.Common.Logger.LogService.LogInformation():24 - Executing Action: GetCategoryList on Controller: Application For User : .
2021-01-22 17:06:22,652 => INFO  NA.PMS.Common.Logger.LogService.LogInformation():24 - Executed Action: GetCategoryList on Controller: Application For User : .
2021-01-22 17:06:43,887 => INFO  NA.PMS.Common.Logger.LogService.LogInformation():24 - Executing Action: GetGenderList on Controller: Application For User : .
2021-01-22 17:06:43,907 => INFO  NA.PMS.Common.Logger.LogService.LogInformation():24 - Executed Action: GetGenderList on Controller: Application For User : .
2021-01-22 17:06:44,363 => INFO  NA.PMS.Common.Logger.LogService.LogInformation():24 - Executing Action: GetCategoryList on Controller: Application For User : .
2021-01-22 17:06:44,567 => INFO  NA.PMS.Common.Logger.LogService.LogInformation():24 - Executed Action: GetCategoryList on Controller: Application For User : .
2021-01-22 17:06:44,897 => INFO  NA.PMS.Common.Logger.LogService.LogInformation():24 - Executing Action: GetMaritalStatusList on Controller: Application For User : .
2021-01-22 17:06:44,925 => INFO  NA.PMS.Common.Logger.LogService.LogInformation():24 - Executed Action: GetMaritalStatusList on Controller: Application For User : .
2021-01-22 17:06:45,462 => INFO  NA.PMS.Common.Logger.LogService.LogInformation():24 - Executing Action: GetOccupationList on Controller: Application For User : .
2021-01-22 17:06:45,520 => INFO  NA.PMS.Common.Logger.LogService.LogInformation():24 - Executed Action: GetOccupationList on Controller: Application For User : .
2021-01-22 17:08:09,766 => INFO  NA.PMS.Common.Logger.LogService.LogInformation():24 - Executing Action: Login on Controller: Account For User : .
2021-01-22 17:08:10,014 => INFO  NA.PMS.Common.Logger.LogService.LogInformation():24 - Executed Action: Login on Controller: Account For User : .
2021-01-22 17:08:58,492 => INFO  NA.PMS.Common.Logger.LogService.LogInformation():24 - Executing Action: GetGenderList on Controller: Application For User : .
2021-01-22 17:08:58,525 => INFO  NA.PMS.Common.Logger.LogService.LogInformation():24 - Executed Action: GetGenderList on Controller: Application For User : .
2021-01-22 17:08:58,654 => INFO  NA.PMS.Common.Logger.LogService.LogInformation():24 - Executing Action: GetCategoryList on Controller: Application For User : .
2021-01-22 17:08:58,874 => INFO  NA.PMS.Common.Logger.LogService.LogInformation():24 - Executed Action: GetCategoryList on Controller: Application For User : .
2021-01-22 17:08:58,979 => INFO  NA.PMS.Common.Logger.LogService.LogInformation():24 - Executing Action: GetMaritalStatusList on Controller: Application For User : .
2021-01-22 17:08:59,039 => INFO  NA.PMS.Common.Logger.LogService.LogInformation():24 - Executed Action: GetMaritalStatusList on Controller: Application For User : .
2021-01-22 17:09:00,594 => INFO  NA.PMS.Common.Logger.LogService.LogInformation():24 - Executing Action: GetOccupationList on Controller: Application For User : .
2021-01-22 17:09:00,735 => INFO  NA.PMS.Common.Logger.LogService.LogInformation():24 - Executed Action: GetOccupationList on Controller: Application For User : .
2021-01-22 17:18:18,482 => INFO  NA.PMS.Common.Logger.LogService.LogInformation():24 - Executing Action: GetGenderList on Controller: Application For User : .
2021-01-22 17:18:18,497 => INFO  NA.PMS.Common.Logger.LogService.LogInformation():24 - Executed Action: GetGenderList on Controller: Application For User : .
2021-01-22 17:18:18,678 => INFO  NA.PMS.Common.Logger.LogService.LogInformation():24 - Executing Action: GetMaritalStatusList on Controller: Application For User : .
2021-01-22 17:18:18,947 => INFO  NA.PMS.Common.Logger.LogService.LogInformation():24 - Executed Action: GetMaritalStatusList on Controller: Application For User : .
2021-01-22 17:18:19,181 => INFO  NA.PMS.Common.Logger.LogService.LogInformation():24 - Executing Action: GetCategoryList on Controller: Application For User : .
2021-01-22 17:18:19,257 => INFO  NA.PMS.Common.Logger.LogService.LogInformation():24 - Executed Action: GetCategoryList on Controller: Application For User : .
2021-01-22 17:18:19,693 => INFO  NA.PMS.Common.Logger.LogService.LogInformation():24 - Executing Action: GetOccupationList on Controller: Application For User : .
2021-01-22 17:18:19,748 => INFO  NA.PMS.Common.Logger.LogService.LogInformation():24 - Executed Action: GetOccupationList on Controller: Application For User : .
2021-01-22 17:18:26,143 => INFO  NA.PMS.Common.Logger.LogService.LogInformation():24 - Executing Action: GetOccupationList on Controller: Application For User : .
2021-01-22 17:18:26,208 => INFO  NA.PMS.Common.Logger.LogService.LogInformation():24 - Executed Action: GetOccupationList on Controller: Application For User : .
2021-01-22 17:18:26,611 => INFO  NA.PMS.Common.Logger.LogService.LogInformation():24 - Executing Action: GetCategoryList on Controller: Application For User : .
2021-01-22 17:18:26,687 => INFO  NA.PMS.Common.Logger.LogService.LogInformation():24 - Executed Action: GetCategoryList on Controller: Application For User : .
2021-01-22 17:18:27,117 => INFO  NA.PMS.Common.Logger.LogService.LogInformation():24 - Executing Action: GetMaritalStatusList on Controller: Application For User : .
2021-01-22 17:18:27,139 => INFO  NA.PMS.Common.Logger.LogService.LogInformation():24 - Executed Action: GetMaritalStatusList on Controller: Application For User : .
2021-01-22 17:18:27,611 => INFO  NA.PMS.Common.Logger.LogService.LogInformation():24 - Executing Action: GetGenderList on Controller: Application For User : .
2021-01-22 17:18:27,626 => INFO  NA.PMS.Common.Logger.LogService.LogInformation():24 - Executed Action: GetGenderList on Controller: Application For User : .
2021-01-22 17:19:38,435 => ERROR NA.PMS.Common.Logger.LogService.LogError():97 - Global Exception
System.IO.FileNotFoundException: Could not find file 'D:\TFSProject\NoidaAuthority\Source\NA.PMS\NA.PMS.Web\Areas\Online\Views\Institutional\SchemeChallanTemplate.cshtml'.
File name: 'D:\TFSProject\NoidaAuthority\Source\NA.PMS\NA.PMS.Web\Areas\Online\Views\Institutional\SchemeChallanTemplate.cshtml'
   at System.IO.__Error.WinIOError(Int32 errorCode, String maybeFullPath)
   at System.IO.FileStream.Init(String path, FileMode mode, FileAccess access, Int32 rights, Boolean useRights, FileShare share, Int32 bufferSize, FileOptions options, SECURITY_ATTRIBUTES secAttrs, String msgPath, Boolean bFromProxy, Boolean useLongPath, Boolean checkHost)
   at System.IO.FileStream..ctor(String path, FileMode mode, FileAccess access, FileShare share, Int32 bufferSize, FileOptions options, String msgPath, Boolean bFromProxy, Boolean useLongPath, Boolean checkHost)
   at System.IO.StreamReader..ctor(String path, Encoding encoding, Boolean detectEncodingFromByteOrderMarks, Int32 bufferSize, Boolean checkHost)
   at System.IO.File.InternalReadAllText(String path, Encoding encoding, Boolean checkHost)
   at System.IO.File.ReadAllText(String path)
   at NA.PMS.OnlineScheme.RazorParser.ParseSchemeFormChallanTemplate[T](T model, String TemplatePath) in d:\TFSProject\NoidaAuthority\Source\NA.PMS\NA.PMS.OnlineScheme\Helpers\TemplateParser.cs:line 487
   at NA.PMS.OnlineScheme.Controllers.InstitutionalSchemeController.GenerateSchemeFormChallanByTemplate(SchemeFormViewModel form) in d:\TFSProject\NoidaAuthority\Source\NA.PMS\NA.PMS.OnlineScheme\Controllers\InstitutionalSchemeController.cs:line 262
   at lambda_method(Closure , ControllerBase , Object[] )
   at System.Web.Mvc.ActionMethodDispatcher.Execute(ControllerBase controller, Object[] parameters)
   at System.Web.Mvc.ReflectedActionDescriptor.Execute(ControllerContext controllerContext, IDictionary`2 parameters)
   at System.Web.Mvc.ControllerActionInvoker.InvokeActionMethod(ControllerContext controllerContext, ActionDescriptor actionDescriptor, IDictionary`2 parameters)
   at System.Web.Mvc.Async.AsyncControllerActionInvoker.ActionInvocation.InvokeSynchronousActionMethod()
   at System.Web.Mvc.Async.AsyncControllerActionInvoker.<BeginInvokeSynchronousActionMethod>b__39(IAsyncResult asyncResult, ActionInvocation innerInvokeState)
   at System.Web.Mvc.Async.AsyncResultWrapper.WrappedAsyncResult`2.CallEndDelegate(IAsyncResult asyncResult)
   at System.Web.Mvc.Async.AsyncResultWrapper.WrappedAsyncResultBase`1.End()
   at System.Web.Mvc.Async.AsyncResultWrapper.End[TResult](IAsyncResult asyncResult, Object tag)
   at System.Web.Mvc.Async.AsyncControllerActionInvoker.EndInvokeActionMethod(IAsyncResult asyncResult)
   at System.Web.Mvc.Async.AsyncControllerActionInvoker.AsyncInvocationWithFilters.<InvokeActionMethodFilterAsynchronouslyRecursive>b__3d()
   at System.Web.Mvc.Async.AsyncControllerActionInvoker.AsyncInvocationWithFilters.<>c__DisplayClass46.<InvokeActionMethodFilterAsynchronouslyRecursive>b__3f()
   at System.Web.Mvc.Async.AsyncControllerActionInvoker.<>c__DisplayClass33.<BeginInvokeActionMethodWithFilters>b__32(IAsyncResult asyncResult)
   at System.Web.Mvc.Async.AsyncResultWrapper.WrappedAsyncResult`1.CallEndDelegate(IAsyncResult asyncResult)
   at System.Web.Mvc.Async.AsyncResultWrapper.WrappedAsyncResultBase`1.End()
   at System.Web.Mvc.Async.AsyncResultWrapper.End[TResult](IAsyncResult asyncResult, Object tag)
   at System.Web.Mvc.Async.AsyncControllerActionInvoker.EndInvokeActionMethodWithFilters(IAsyncResult asyncResult)
   at System.Web.Mvc.Async.AsyncControllerActionInvoker.<>c__DisplayClass21.<>c__DisplayClass2b.<BeginInvokeAction>b__1c()
   at System.Web.Mvc.Async.AsyncControllerActionInvoker.<>c__DisplayClass21.<BeginInvokeAction>b__1e(IAsyncResult asyncResult)
   at System.Web.Mvc.Async.AsyncResultWrapper.WrappedAsyncResult`1.CallEndDelegate(IAsyncResult asyncResult)
   at System.Web.Mvc.Async.AsyncResultWrapper.WrappedAsyncResultBase`1.End()
   at System.Web.Mvc.Async.AsyncResultWrapper.End[TResult](IAsyncResult asyncResult, Object tag)
   at System.Web.Mvc.Async.AsyncControllerActionInvoker.EndInvokeAction(IAsyncResult asyncResult)
   at System.Web.Mvc.Controller.<BeginExecuteCore>b__1d(IAsyncResult asyncResult, ExecuteCoreState innerState)
   at System.Web.Mvc.Async.AsyncResultWrapper.WrappedAsyncVoid`1.CallEndDelegate(IAsyncResult asyncResult)
   at System.Web.Mvc.Async.AsyncResultWrapper.WrappedAsyncResultBase`1.End()
   at System.Web.Mvc.Async.AsyncResultWrapper.End[TResult](IAsyncResult asyncResult, Object tag)
   at System.Web.Mvc.Async.AsyncResultWrapper.End(IAsyncResult asyncResult, Object tag)
   at System.Web.Mvc.Controller.EndExecuteCore(IAsyncResult asyncResult)
   at System.Web.Mvc.Controller.<BeginExecute>b__15(IAsyncResult asyncResult, Controller controller)
   at System.Web.Mvc.Async.AsyncResultWrapper.WrappedAsyncVoid`1.CallEndDelegate(IAsyncResult asyncResult)
   at System.Web.Mvc.Async.AsyncResultWrapper.WrappedAsyncResultBase`1.End()
   at System.Web.Mvc.Async.AsyncResultWrapper.End[TResult](IAsyncResult asyncResult, Object tag)
   at System.Web.Mvc.Async.AsyncResultWrapper.End(IAsyncResult asyncResult, Object tag)
   at System.Web.Mvc.Controller.EndExecute(IAsyncResult asyncResult)
   at System.Web.Mvc.Controller.System.Web.Mvc.Async.IAsyncController.EndExecute(IAsyncResult asyncResult)
   at System.Web.Mvc.MvcHandler.<BeginProcessRequest>b__5(IAsyncResult asyncResult, ProcessRequestState innerState)
   at System.Web.Mvc.Async.AsyncResultWrapper.WrappedAsyncVoid`1.CallEndDelegate(IAsyncResult asyncResult)
   at System.Web.Mvc.Async.AsyncResultWrapper.WrappedAsyncResultBase`1.End()
   at System.Web.Mvc.Async.AsyncResultWrapper.End[TResult](IAsyncResult asyncResult, Object tag)
   at System.Web.Mvc.Async.AsyncResultWrapper.End(IAsyncResult asyncResult, Object tag)
   at System.Web.Mvc.MvcHandler.EndProcessRequest(IAsyncResult asyncResult)
   at System.Web.Mvc.MvcHandler.System.Web.IHttpAsyncHandler.EndProcessRequest(IAsyncResult result)
   at System.Web.HttpApplication.CallHandlerExecutionStep.System.Web.HttpApplication.IExecutionStep.Execute()
   at System.Web.HttpApplication.ExecuteStepImpl(IExecutionStep step)
   at System.Web.HttpApplication.ExecuteStep(IExecutionStep step, Boolean& completedSynchronously)
2021-01-22 17:23:02,995 => INFO  NA.PMS.Common.Logger.LogService.LogInformation():24 - Executing Action: GetGenderList on Controller: Application For User : .
2021-01-22 17:23:03,016 => INFO  NA.PMS.Common.Logger.LogService.LogInformation():24 - Executed Action: GetGenderList on Controller: Application For User : .
2021-01-22 17:23:03,500 => INFO  NA.PMS.Common.Logger.LogService.LogInformation():24 - Executing Action: GetCategoryList on Controller: Application For User : .
2021-01-22 17:23:03,542 => INFO  NA.PMS.Common.Logger.LogService.LogInformation():24 - Executed Action: GetCategoryList on Controller: Application For User : .
2021-01-22 17:23:04,016 => INFO  NA.PMS.Common.Logger.LogService.LogInformation():24 - Executing Action: GetMaritalStatusList on Controller: Application For User : .
2021-01-22 17:23:04,036 => INFO  NA.PMS.Common.Logger.LogService.LogInformation():24 - Executed Action: GetMaritalStatusList on Controller: Application For User : .
2021-01-22 17:23:04,531 => INFO  NA.PMS.Common.Logger.LogService.LogInformation():24 - Executing Action: GetOccupationList on Controller: Application For User : .
2021-01-22 17:23:04,567 => INFO  NA.PMS.Common.Logger.LogService.LogInformation():24 - Executed Action: GetOccupationList on Controller: Application For User : .
2021-01-22 17:30:29,648 => INFO  NA.PMS.Common.Logger.LogService.LogInformation():24 - Executing Action: GetGenderList on Controller: Application For User : .
2021-01-22 17:30:29,665 => INFO  NA.PMS.Common.Logger.LogService.LogInformation():24 - Executed Action: GetGenderList on Controller: Application For User : .
2021-01-22 17:30:29,710 => INFO  NA.PMS.Common.Logger.LogService.LogInformation():24 - Executing Action: GetOccupationList on Controller: Application For User : .
2021-01-22 17:30:29,884 => INFO  NA.PMS.Common.Logger.LogService.LogInformation():24 - Executed Action: GetOccupationList on Controller: Application For User : .
2021-01-22 17:30:30,152 => INFO  NA.PMS.Common.Logger.LogService.LogInformation():24 - Executing Action: GetMaritalStatusList on Controller: Application For User : .
2021-01-22 17:30:30,167 => INFO  NA.PMS.Common.Logger.LogService.LogInformation():24 - Executed Action: GetMaritalStatusList on Controller: Application For User : .
2021-01-22 17:30:30,227 => INFO  NA.PMS.Common.Logger.LogService.LogInformation():24 - Executing Action: GetCategoryList on Controller: Application For User : .
2021-01-22 17:30:30,289 => INFO  NA.PMS.Common.Logger.LogService.LogInformation():24 - Executed Action: GetCategoryList on Controller: Application For User : .
2021-01-22 18:15:38,698 => INFO  NA.PMS.Common.Logger.LogService.LogInformation():24 - Executing Action: Login on Controller: Account For User : .
2021-01-22 18:15:39,147 => INFO  NA.PMS.Common.Logger.LogService.LogInformation():24 - Executed Action: Login on Controller: Account For User : .
2021-01-22 18:24:12,815 => INFO  NA.PMS.Common.Logger.LogService.LogInformation():24 - Executing Action: GetCategoryList on Controller: Application For User : .
2021-01-22 18:24:12,894 => INFO  NA.PMS.Common.Logger.LogService.LogInformation():24 - Executed Action: GetCategoryList on Controller: Application For User : .
2021-01-22 18:24:13,232 => INFO  NA.PMS.Common.Logger.LogService.LogInformation():24 - Executing Action: GetGenderList on Controller: Application For User : .
2021-01-22 18:24:13,336 => INFO  NA.PMS.Common.Logger.LogService.LogInformation():24 - Executed Action: GetGenderList on Controller: Application For User : .
2021-01-22 18:24:13,762 => INFO  NA.PMS.Common.Logger.LogService.LogInformation():24 - Executing Action: GetMaritalStatusList on Controller: Application For User : .
2021-01-22 18:24:13,812 => INFO  NA.PMS.Common.Logger.LogService.LogInformation():24 - Executed Action: GetMaritalStatusList on Controller: Application For User : .
2021-01-22 18:24:14,835 => INFO  NA.PMS.Common.Logger.LogService.LogInformation():24 - Executing Action: GetOccupationList on Controller: Application For User : .
2021-01-22 18:24:14,900 => INFO  NA.PMS.Common.Logger.LogService.LogInformation():24 - Executed Action: GetOccupationList on Controller: Application For User : .
2021-01-22 18:24:31,547 => INFO  NA.PMS.Common.Logger.LogService.LogInformation():24 - Executing Action: PrintSchemeForm on Controller: Application For User : .
2021-01-22 18:24:35,293 => INFO  NA.PMS.Common.Logger.LogService.LogInformation():24 - Executed Action: PrintSchemeForm on Controller: Application For User : .
2021-01-22 18:31:02,417 => INFO  NA.PMS.Common.Logger.LogService.LogInformation():24 - Executing Action: GetGenderList on Controller: Application For User : .
2021-01-22 18:31:02,440 => INFO  NA.PMS.Common.Logger.LogService.LogInformation():24 - Executed Action: GetGenderList on Controller: Application For User : .
2021-01-22 18:31:03,443 => INFO  NA.PMS.Common.Logger.LogService.LogInformation():24 - Executing Action: GetOccupationList on Controller: Application For User : .
2021-01-22 18:31:03,496 => INFO  NA.PMS.Common.Logger.LogService.LogInformation():24 - Executed Action: GetOccupationList on Controller: Application For User : .
2021-01-22 18:31:03,943 => INFO  NA.PMS.Common.Logger.LogService.LogInformation():24 - Executing Action: GetCategoryList on Controller: Application For User : .
2021-01-22 18:31:03,983 => INFO  NA.PMS.Common.Logger.LogService.LogInformation():24 - Executed Action: GetCategoryList on Controller: Application For User : .
2021-01-22 18:31:04,463 => INFO  NA.PMS.Common.Logger.LogService.LogInformation():24 - Executing Action: GetMaritalStatusList on Controller: Application For User : .
2021-01-22 18:31:04,483 => INFO  NA.PMS.Common.Logger.LogService.LogInformation():24 - Executed Action: GetMaritalStatusList on Controller: Application For User : .
2021-01-22 18:33:22,484 => INFO  NA.PMS.Common.Logger.LogService.LogInformation():24 - Executing Action: GetGenderList on Controller: Application For User : .
2021-01-22 18:33:22,536 => INFO  NA.PMS.Common.Logger.LogService.LogInformation():24 - Executed Action: GetGenderList on Controller: Application For User : .
2021-01-22 18:33:23,179 => INFO  NA.PMS.Common.Logger.LogService.LogInformation():24 - Executing Action: GetMaritalStatusList on Controller: Application For User : .
2021-01-22 18:33:23,212 => INFO  NA.PMS.Common.Logger.LogService.LogInformation():24 - Executed Action: GetMaritalStatusList on Controller: Application For User : .
2021-01-22 18:33:23,750 => INFO  NA.PMS.Common.Logger.LogService.LogInformation():24 - Executing Action: GetCategoryList on Controller: Application For User : .
2021-01-22 18:33:23,920 => INFO  NA.PMS.Common.Logger.LogService.LogInformation():24 - Executed Action: GetCategoryList on Controller: Application For User : .
2021-01-22 18:33:24,299 => INFO  NA.PMS.Common.Logger.LogService.LogInformation():24 - Executing Action: GetOccupationList on Controller: Application For User : .
2021-01-22 18:33:24,394 => INFO  NA.PMS.Common.Logger.LogService.LogInformation():24 - Executed Action: GetOccupationList on Controller: Application For User : .
2021-01-22 18:57:10,721 => INFO  NA.PMS.Common.Logger.LogService.LogInformation():24 - Executing Action: Login on Controller: Account For User : .
2021-01-22 18:57:11,013 => INFO  NA.PMS.Common.Logger.LogService.LogInformation():24 - Executed Action: Login on Controller: Account For User : .
2021-01-22 18:59:21,279 => INFO  NA.PMS.Common.Logger.LogService.LogInformation():24 - Executing Action: GetGenderList on Controller: Application For User : .
2021-01-22 18:59:21,303 => INFO  NA.PMS.Common.Logger.LogService.LogInformation():24 - Executed Action: GetGenderList on Controller: Application For User : .
2021-01-22 18:59:22,250 => INFO  NA.PMS.Common.Logger.LogService.LogInformation():24 - Executing Action: GetMaritalStatusList on Controller: Application For User : .
2021-01-22 18:59:22,282 => INFO  NA.PMS.Common.Logger.LogService.LogInformation():24 - Executed Action: GetMaritalStatusList on Controller: Application For User : .
2021-01-22 18:59:22,785 => INFO  NA.PMS.Common.Logger.LogService.LogInformation():24 - Executing Action: GetOccupationList on Controller: Application For User : .
2021-01-22 18:59:22,864 => INFO  NA.PMS.Common.Logger.LogService.LogInformation():24 - Executed Action: GetOccupationList on Controller: Application For User : .
2021-01-22 18:59:23,286 => INFO  NA.PMS.Common.Logger.LogService.LogInformation():24 - Executing Action: GetCategoryList on Controller: Application For User : .
2021-01-22 18:59:23,376 => INFO  NA.PMS.Common.Logger.LogService.LogInformation():24 - Executed Action: GetCategoryList on Controller: Application For User : .
2021-01-22 19:02:50,885 => INFO  NA.PMS.Common.Logger.LogService.LogInformation():24 - Executing Action: GetGenderList on Controller: Application For User : .
2021-01-22 19:02:50,924 => INFO  NA.PMS.Common.Logger.LogService.LogInformation():24 - Executed Action: GetGenderList on Controller: Application For User : .
2021-01-22 19:02:51,472 => INFO  NA.PMS.Common.Logger.LogService.LogInformation():24 - Executing Action: GetCategoryList on Controller: Application For User : .
2021-01-22 19:02:51,570 => INFO  NA.PMS.Common.Logger.LogService.LogInformation():24 - Executed Action: GetCategoryList on Controller: Application For User : .
2021-01-22 19:02:52,052 => INFO  NA.PMS.Common.Logger.LogService.LogInformation():24 - Executing Action: GetOccupationList on Controller: Application For User : .
2021-01-22 19:02:52,163 => INFO  NA.PMS.Common.Logger.LogService.LogInformation():24 - Executed Action: GetOccupationList on Controller: Application For User : .
2021-01-22 19:02:52,487 => INFO  NA.PMS.Common.Logger.LogService.LogInformation():24 - Executing Action: GetMaritalStatusList on Controller: Application For User : .
2021-01-22 19:02:52,512 => INFO  NA.PMS.Common.Logger.LogService.LogInformation():24 - Executed Action: GetMaritalStatusList on Controller: Application For User : .
2021-01-22 19:02:54,838 => INFO  NA.PMS.Common.Logger.LogService.LogInformation():24 - Executing Action: SchemeInformation on Controller: Application For User : .
2021-01-22 19:02:54,856 => INFO  NA.PMS.Common.Logger.LogService.LogInformation():24 - Executed Action: SchemeInformation on Controller: Application For User : .
2021-01-22 19:03:15,550 => ERROR NA.PMS.Common.Logger.LogService.LogError():97 - Controller Exception
System.NullReferenceException: Object reference not set to an instance of an object.
   at ASP._Page_Areas_Online_Views_Application_SchemeInformation_cshtml.Execute() in d:\TFSProject\NoidaAuthority\Source\NA.PMS\NA.PMS.Web\Areas\Online\Views\Application\SchemeInformation.cshtml:line 79
   at System.Web.WebPages.WebPageBase.ExecutePageHierarchy()
   at System.Web.Mvc.WebViewPage.ExecutePageHierarchy()
   at System.Web.WebPages.WebPageBase.ExecutePageHierarchy(WebPageContext pageContext, TextWriter writer, WebPageRenderingBase startPage)
   at System.Web.Mvc.RazorView.RenderView(ViewContext viewContext, TextWriter writer, Object instance)
   at System.Web.Mvc.BuildManagerCompiledView.Render(ViewContext viewContext, TextWriter writer)
   at System.Web.Mvc.ViewResultBase.ExecuteResult(ControllerContext context)
   at System.Web.Mvc.ControllerActionInvoker.InvokeActionResult(ControllerContext controllerContext, ActionResult actionResult)
   at System.Web.Mvc.ControllerActionInvoker.InvokeActionResultFilterRecursive(IList`1 filters, Int32 filterIndex, ResultExecutingContext preContext, ControllerContext controllerContext, ActionResult actionResult)
   at System.Web.Mvc.ControllerActionInvoker.InvokeActionResultFilterRecursive(IList`1 filters, Int32 filterIndex, ResultExecutingContext preContext, ControllerContext controllerContext, ActionResult actionResult)
   at System.Web.Mvc.ControllerActionInvoker.InvokeActionResultFilterRecursive(IList`1 filters, Int32 filterIndex, ResultExecutingContext preContext, ControllerContext controllerContext, ActionResult actionResult)
   at System.Web.Mvc.ControllerActionInvoker.InvokeActionResultWithFilters(ControllerContext controllerContext, IList`1 filters, ActionResult actionResult)
   at System.Web.Mvc.Async.AsyncControllerActionInvoker.<>c__DisplayClass21.<>c__DisplayClass2b.<BeginInvokeAction>b__1c()
   at System.Web.Mvc.Async.AsyncControllerActionInvoker.<>c__DisplayClass21.<BeginInvokeAction>b__1e(IAsyncResult asyncResult)
2021-01-22 19:03:15,605 => ERROR NA.PMS.Common.Logger.LogService.LogError():97 - Global Exception
System.NullReferenceException: Object reference not set to an instance of an object.
   at ASP._Page_Areas_Online_Views_Application_SchemeInformation_cshtml.Execute() in d:\TFSProject\NoidaAuthority\Source\NA.PMS\NA.PMS.Web\Areas\Online\Views\Application\SchemeInformation.cshtml:line 79
   at System.Web.WebPages.WebPageBase.ExecutePageHierarchy()
   at System.Web.Mvc.WebViewPage.ExecutePageHierarchy()
   at System.Web.WebPages.WebPageBase.ExecutePageHierarchy(WebPageContext pageContext, TextWriter writer, WebPageRenderingBase startPage)
   at System.Web.Mvc.RazorView.RenderView(ViewContext viewContext, TextWriter writer, Object instance)
   at System.Web.Mvc.BuildManagerCompiledView.Render(ViewContext viewContext, TextWriter writer)
   at System.Web.Mvc.ViewResultBase.ExecuteResult(ControllerContext context)
   at System.Web.Mvc.ControllerActionInvoker.InvokeActionResult(ControllerContext controllerContext, ActionResult actionResult)
   at System.Web.Mvc.ControllerActionInvoker.InvokeActionResultFilterRecursive(IList`1 filters, Int32 filterIndex, ResultExecutingContext preContext, ControllerContext controllerContext, ActionResult actionResult)
   at System.Web.Mvc.ControllerActionInvoker.InvokeActionResultFilterRecursive(IList`1 filters, Int32 filterIndex, ResultExecutingContext preContext, ControllerContext controllerContext, ActionResult actionResult)
   at System.Web.Mvc.ControllerActionInvoker.InvokeActionResultFilterRecursive(IList`1 filters, Int32 filterIndex, ResultExecutingContext preContext, ControllerContext controllerContext, ActionResult actionResult)
   at System.Web.Mvc.ControllerActionInvoker.InvokeActionResultWithFilters(ControllerContext controllerContext, IList`1 filters, ActionResult actionResult)
   at System.Web.Mvc.Async.AsyncControllerActionInvoker.<>c__DisplayClass21.<>c__DisplayClass2b.<BeginInvokeAction>b__1c()
   at System.Web.Mvc.Async.AsyncControllerActionInvoker.<>c__DisplayClass21.<BeginInvokeAction>b__1e(IAsyncResult asyncResult)
   at System.Web.Mvc.Async.AsyncResultWrapper.WrappedAsyncResult`1.CallEndDelegate(IAsyncResult asyncResult)
   at System.Web.Mvc.Async.AsyncResultWrapper.WrappedAsyncResultBase`1.End()
   at System.Web.Mvc.Async.AsyncResultWrapper.End[TResult](IAsyncResult asyncResult, Object tag)
   at System.Web.Mvc.Async.AsyncControllerActionInvoker.EndInvokeAction(IAsyncResult asyncResult)
   at System.Web.Mvc.Controller.<BeginExecuteCore>b__1d(IAsyncResult asyncResult, ExecuteCoreState innerState)
   at System.Web.Mvc.Async.AsyncResultWrapper.WrappedAsyncVoid`1.CallEndDelegate(IAsyncResult asyncResult)
   at System.Web.Mvc.Async.AsyncResultWrapper.WrappedAsyncResultBase`1.End()
   at System.Web.Mvc.Async.AsyncResultWrapper.End[TResult](IAsyncResult asyncResult, Object tag)
   at System.Web.Mvc.Async.AsyncResultWrapper.End(IAsyncResult asyncResult, Object tag)
   at System.Web.Mvc.Controller.EndExecuteCore(IAsyncResult asyncResult)
   at System.Web.Mvc.Controller.<BeginExecute>b__15(IAsyncResult asyncResult, Controller controller)
   at System.Web.Mvc.Async.AsyncResultWrapper.WrappedAsyncVoid`1.CallEndDelegate(IAsyncResult asyncResult)
   at System.Web.Mvc.Async.AsyncResultWrapper.WrappedAsyncResultBase`1.End()
   at System.Web.Mvc.Async.AsyncResultWrapper.End[TResult](IAsyncResult asyncResult, Object tag)
   at System.Web.Mvc.Async.AsyncResultWrapper.End(IAsyncResult asyncResult, Object tag)
   at System.Web.Mvc.Controller.EndExecute(IAsyncResult asyncResult)
   at System.Web.Mvc.Controller.System.Web.Mvc.Async.IAsyncController.EndExecute(IAsyncResult asyncResult)
   at System.Web.Mvc.MvcHandler.<BeginProcessRequest>b__5(IAsyncResult asyncResult, ProcessRequestState innerState)
   at System.Web.Mvc.Async.AsyncResultWrapper.WrappedAsyncVoid`1.CallEndDelegate(IAsyncResult asyncResult)
   at System.Web.Mvc.Async.AsyncResultWrapper.WrappedAsyncResultBase`1.End()
   at System.Web.Mvc.Async.AsyncResultWrapper.End[TResult](IAsyncResult asyncResult, Object tag)
   at System.Web.Mvc.Async.AsyncResultWrapper.End(IAsyncResult asyncResult, Object tag)
   at System.Web.Mvc.MvcHandler.EndProcessRequest(IAsyncResult asyncResult)
   at System.Web.Mvc.MvcHandler.System.Web.IHttpAsyncHandler.EndProcessRequest(IAsyncResult result)
   at System.Web.HttpApplication.CallHandlerExecutionStep.System.Web.HttpApplication.IExecutionStep.Execute()
   at System.Web.HttpApplication.ExecuteStepImpl(IExecutionStep step)
   at System.Web.HttpApplication.ExecuteStep(IExecutionStep step, Boolean& completedSynchronously)
2021-01-22 19:03:22,607 => INFO  NA.PMS.Common.Logger.LogService.LogInformation():24 - Executing Action: GetGenderList on Controller: Application For User : .
2021-01-22 19:03:22,637 => INFO  NA.PMS.Common.Logger.LogService.LogInformation():24 - Executed Action: GetGenderList on Controller: Application For User : .
2021-01-22 19:03:22,779 => INFO  NA.PMS.Common.Logger.LogService.LogInformation():24 - Executing Action: GetCategoryList on Controller: Application For User : .
2021-01-22 19:03:22,855 => INFO  NA.PMS.Common.Logger.LogService.LogInformation():24 - Executed Action: GetCategoryList on Controller: Application For User : .
2021-01-22 19:03:23,197 => INFO  NA.PMS.Common.Logger.LogService.LogInformation():24 - Executing Action: GetMaritalStatusList on Controller: Application For User : .
2021-01-22 19:03:23,225 => INFO  NA.PMS.Common.Logger.LogService.LogInformation():24 - Executed Action: GetMaritalStatusList on Controller: Application For User : .
2021-01-22 19:03:23,295 => INFO  NA.PMS.Common.Logger.LogService.LogInformation():24 - Executing Action: GetOccupationList on Controller: Application For User : .
2021-01-22 19:03:23,362 => INFO  NA.PMS.Common.Logger.LogService.LogInformation():24 - Executed Action: GetOccupationList on Controller: Application For User : .
2021-01-22 19:07:13,369 => INFO  NA.PMS.Common.Logger.LogService.LogInformation():24 - Executing Action: GetGenderList on Controller: Application For User : .
2021-01-22 19:07:13,393 => INFO  NA.PMS.Common.Logger.LogService.LogInformation():24 - Executed Action: GetGenderList on Controller: Application For User : .
2021-01-22 19:07:13,707 => INFO  NA.PMS.Common.Logger.LogService.LogInformation():24 - Executing Action: GetMaritalStatusList on Controller: Application For User : .
2021-01-22 19:07:13,735 => INFO  NA.PMS.Common.Logger.LogService.LogInformation():24 - Executed Action: GetMaritalStatusList on Controller: Application For User : .
2021-01-22 19:07:13,925 => INFO  NA.PMS.Common.Logger.LogService.LogInformation():24 - Executing Action: GetCategoryList on Controller: Application For User : .
2021-01-22 19:07:14,003 => INFO  NA.PMS.Common.Logger.LogService.LogInformation():24 - Executed Action: GetCategoryList on Controller: Application For User : .
2021-01-22 19:07:14,426 => INFO  NA.PMS.Common.Logger.LogService.LogInformation():24 - Executing Action: GetOccupationList on Controller: Application For User : .
2021-01-22 19:07:14,491 => INFO  NA.PMS.Common.Logger.LogService.LogInformation():24 - Executed Action: GetOccupationList on Controller: Application For User : .
2021-01-22 19:09:16,595 => INFO  NA.PMS.Common.Logger.LogService.LogInformation():24 - Executing Action: SchemeInformation on Controller: Application For User : .
2021-01-22 19:09:16,614 => INFO  NA.PMS.Common.Logger.LogService.LogInformation():24 - Executed Action: SchemeInformation on Controller: Application For User : .
2021-01-22 19:09:23,075 => ERROR NA.PMS.Common.Logger.LogService.LogError():97 - Controller Exception
System.NullReferenceException: Object reference not set to an instance of an object.
   at ASP._Page_Areas_Online_Views_Application_SchemeInformation_cshtml.Execute() in d:\TFSProject\NoidaAuthority\Source\NA.PMS\NA.PMS.Web\Areas\Online\Views\Application\SchemeInformation.cshtml:line 79
   at System.Web.WebPages.WebPageBase.ExecutePageHierarchy()
   at System.Web.Mvc.WebViewPage.ExecutePageHierarchy()
   at System.Web.WebPages.WebPageBase.ExecutePageHierarchy(WebPageContext pageContext, TextWriter writer, WebPageRenderingBase startPage)
   at System.Web.Mvc.RazorView.RenderView(ViewContext viewContext, TextWriter writer, Object instance)
   at System.Web.Mvc.BuildManagerCompiledView.Render(ViewContext viewContext, TextWriter writer)
   at System.Web.Mvc.ViewResultBase.ExecuteResult(ControllerContext context)
   at System.Web.Mvc.ControllerActionInvoker.InvokeActionResult(ControllerContext controllerContext, ActionResult actionResult)
   at System.Web.Mvc.ControllerActionInvoker.InvokeActionResultFilterRecursive(IList`1 filters, Int32 filterIndex, ResultExecutingContext preContext, ControllerContext controllerContext, ActionResult actionResult)
   at System.Web.Mvc.ControllerActionInvoker.InvokeActionResultFilterRecursive(IList`1 filters, Int32 filterIndex, ResultExecutingContext preContext, ControllerContext controllerContext, ActionResult actionResult)
   at System.Web.Mvc.ControllerActionInvoker.InvokeActionResultFilterRecursive(IList`1 filters, Int32 filterIndex, ResultExecutingContext preContext, ControllerContext controllerContext, ActionResult actionResult)
   at System.Web.Mvc.ControllerActionInvoker.InvokeActionResultWithFilters(ControllerContext controllerContext, IList`1 filters, ActionResult actionResult)
   at System.Web.Mvc.Async.AsyncControllerActionInvoker.<>c__DisplayClass21.<>c__DisplayClass2b.<BeginInvokeAction>b__1c()
   at System.Web.Mvc.Async.AsyncControllerActionInvoker.<>c__DisplayClass21.<BeginInvokeAction>b__1e(IAsyncResult asyncResult)
2021-01-22 19:09:23,131 => ERROR NA.PMS.Common.Logger.LogService.LogError():97 - Global Exception
System.NullReferenceException: Object reference not set to an instance of an object.
   at ASP._Page_Areas_Online_Views_Application_SchemeInformation_cshtml.Execute() in d:\TFSProject\NoidaAuthority\Source\NA.PMS\NA.PMS.Web\Areas\Online\Views\Application\SchemeInformation.cshtml:line 79
   at System.Web.WebPages.WebPageBase.ExecutePageHierarchy()
   at System.Web.Mvc.WebViewPage.ExecutePageHierarchy()
   at System.Web.WebPages.WebPageBase.ExecutePageHierarchy(WebPageContext pageContext, TextWriter writer, WebPageRenderingBase startPage)
   at System.Web.Mvc.RazorView.RenderView(ViewContext viewContext, TextWriter writer, Object instance)
   at System.Web.Mvc.BuildManagerCompiledView.Render(ViewContext viewContext, TextWriter writer)
   at System.Web.Mvc.ViewResultBase.ExecuteResult(ControllerContext context)
   at System.Web.Mvc.ControllerActionInvoker.InvokeActionResult(ControllerContext controllerContext, ActionResult actionResult)
   at System.Web.Mvc.ControllerActionInvoker.InvokeActionResultFilterRecursive(IList`1 filters, Int32 filterIndex, ResultExecutingContext preContext, ControllerContext controllerContext, ActionResult actionResult)
   at System.Web.Mvc.ControllerActionInvoker.InvokeActionResultFilterRecursive(IList`1 filters, Int32 filterIndex, ResultExecutingContext preContext, ControllerContext controllerContext, ActionResult actionResult)
   at System.Web.Mvc.ControllerActionInvoker.InvokeActionResultFilterRecursive(IList`1 filters, Int32 filterIndex, ResultExecutingContext preContext, ControllerContext controllerContext, ActionResult actionResult)
   at System.Web.Mvc.ControllerActionInvoker.InvokeActionResultWithFilters(ControllerContext controllerContext, IList`1 filters, ActionResult actionResult)
   at System.Web.Mvc.Async.AsyncControllerActionInvoker.<>c__DisplayClass21.<>c__DisplayClass2b.<BeginInvokeAction>b__1c()
   at System.Web.Mvc.Async.AsyncControllerActionInvoker.<>c__DisplayClass21.<BeginInvokeAction>b__1e(IAsyncResult asyncResult)
   at System.Web.Mvc.Async.AsyncResultWrapper.WrappedAsyncResult`1.CallEndDelegate(IAsyncResult asyncResult)
   at System.Web.Mvc.Async.AsyncResultWrapper.WrappedAsyncResultBase`1.End()
   at System.Web.Mvc.Async.AsyncResultWrapper.End[TResult](IAsyncResult asyncResult, Object tag)
   at System.Web.Mvc.Async.AsyncControllerActionInvoker.EndInvokeAction(IAsyncResult asyncResult)
   at System.Web.Mvc.Controller.<BeginExecuteCore>b__1d(IAsyncResult asyncResult, ExecuteCoreState innerState)
   at System.Web.Mvc.Async.AsyncResultWrapper.WrappedAsyncVoid`1.CallEndDelegate(IAsyncResult asyncResult)
   at System.Web.Mvc.Async.AsyncResultWrapper.WrappedAsyncResultBase`1.End()
   at System.Web.Mvc.Async.AsyncResultWrapper.End[TResult](IAsyncResult asyncResult, Object tag)
   at System.Web.Mvc.Async.AsyncResultWrapper.End(IAsyncResult asyncResult, Object tag)
   at System.Web.Mvc.Controller.EndExecuteCore(IAsyncResult asyncResult)
   at System.Web.Mvc.Controller.<BeginExecute>b__15(IAsyncResult asyncResult, Controller controller)
   at System.Web.Mvc.Async.AsyncResultWrapper.WrappedAsyncVoid`1.CallEndDelegate(IAsyncResult asyncResult)
   at System.Web.Mvc.Async.AsyncResultWrapper.WrappedAsyncResultBase`1.End()
   at System.Web.Mvc.Async.AsyncResultWrapper.End[TResult](IAsyncResult asyncResult, Object tag)
   at System.Web.Mvc.Async.AsyncResultWrapper.End(IAsyncResult asyncResult, Object tag)
   at System.Web.Mvc.Controller.EndExecute(IAsyncResult asyncResult)
   at System.Web.Mvc.Controller.System.Web.Mvc.Async.IAsyncController.EndExecute(IAsyncResult asyncResult)
   at System.Web.Mvc.MvcHandler.<BeginProcessRequest>b__5(IAsyncResult asyncResult, ProcessRequestState innerState)
   at System.Web.Mvc.Async.AsyncResultWrapper.WrappedAsyncVoid`1.CallEndDelegate(IAsyncResult asyncResult)
   at System.Web.Mvc.Async.AsyncResultWrapper.WrappedAsyncResultBase`1.End()
   at System.Web.Mvc.Async.AsyncResultWrapper.End[TResult](IAsyncResult asyncResult, Object tag)
   at System.Web.Mvc.Async.AsyncResultWrapper.End(IAsyncResult asyncResult, Object tag)
   at System.Web.Mvc.MvcHandler.EndProcessRequest(IAsyncResult asyncResult)
   at System.Web.Mvc.MvcHandler.System.Web.IHttpAsyncHandler.EndProcessRequest(IAsyncResult result)
   at System.Web.HttpApplication.CallHandlerExecutionStep.System.Web.HttpApplication.IExecutionStep.Execute()
   at System.Web.HttpApplication.ExecuteStepImpl(IExecutionStep step)
   at System.Web.HttpApplication.ExecuteStep(IExecutionStep step, Boolean& completedSynchronously)
2021-01-22 19:09:30,258 => INFO  NA.PMS.Common.Logger.LogService.LogInformation():24 - Executing Action: GetGenderList on Controller: Application For User : .
2021-01-22 19:09:30,283 => INFO  NA.PMS.Common.Logger.LogService.LogInformation():24 - Executed Action: GetGenderList on Controller: Application For User : .
2021-01-22 19:09:30,412 => INFO  NA.PMS.Common.Logger.LogService.LogInformation():24 - Executing Action: GetCategoryList on Controller: Application For User : .
2021-01-22 19:09:30,514 => INFO  NA.PMS.Common.Logger.LogService.LogInformation():24 - Executed Action: GetCategoryList on Controller: Application For User : .
2021-01-22 19:09:30,893 => INFO  NA.PMS.Common.Logger.LogService.LogInformation():24 - Executing Action: GetMaritalStatusList on Controller: Application For User : .
2021-01-22 19:09:30,921 => INFO  NA.PMS.Common.Logger.LogService.LogInformation():24 - Executed Action: GetMaritalStatusList on Controller: Application For User : .
2021-01-22 19:09:31,031 => INFO  NA.PMS.Common.Logger.LogService.LogInformation():24 - Executing Action: GetOccupationList on Controller: Application For User : .
2021-01-22 19:09:31,099 => INFO  NA.PMS.Common.Logger.LogService.LogInformation():24 - Executed Action: GetOccupationList on Controller: Application For User : .
2021-01-22 19:10:57,704 => INFO  NA.PMS.Common.Logger.LogService.LogInformation():24 - Executing Action: GetGenderList on Controller: Application For User : .
2021-01-22 19:10:57,725 => INFO  NA.PMS.Common.Logger.LogService.LogInformation():24 - Executed Action: GetGenderList on Controller: Application For User : .
2021-01-22 19:10:58,204 => INFO  NA.PMS.Common.Logger.LogService.LogInformation():24 - Executing Action: GetCategoryList on Controller: Application For User : .
2021-01-22 19:10:58,256 => INFO  NA.PMS.Common.Logger.LogService.LogInformation():24 - Executed Action: GetCategoryList on Controller: Application For User : .
2021-01-22 19:10:58,331 => INFO  NA.PMS.Common.Logger.LogService.LogInformation():24 - Executing Action: GetOccupationList on Controller: Application For User : .
2021-01-22 19:10:58,395 => INFO  NA.PMS.Common.Logger.LogService.LogInformation():24 - Executed Action: GetOccupationList on Controller: Application For User : .
2021-01-22 19:10:58,706 => INFO  NA.PMS.Common.Logger.LogService.LogInformation():24 - Executing Action: GetMaritalStatusList on Controller: Application For User : .
2021-01-22 19:10:58,728 => INFO  NA.PMS.Common.Logger.LogService.LogInformation():24 - Executed Action: GetMaritalStatusList on Controller: Application For User : .
2021-01-22 19:12:03,862 => INFO  NA.PMS.Common.Logger.LogService.LogInformation():24 - Executing Action: GetApplicationFormIdForOfflinePayment on Controller: Payment For User : .
2021-01-22 19:12:04,288 => INFO  NA.PMS.Common.Logger.LogService.LogInformation():24 - Executed Action: GetApplicationFormIdForOfflinePayment on Controller: Payment For User : .
2021-01-22 19:12:34,110 => INFO  NA.PMS.Common.Logger.LogService.LogInformation():24 - Executing Action: GetGenderList on Controller: Application For User : .
2021-01-22 19:12:34,136 => INFO  NA.PMS.Common.Logger.LogService.LogInformation():24 - Executed Action: GetGenderList on Controller: Application For User : .
2021-01-22 19:12:34,264 => INFO  NA.PMS.Common.Logger.LogService.LogInformation():24 - Executing Action: GetMaritalStatusList on Controller: Application For User : .
2021-01-22 19:12:34,298 => INFO  NA.PMS.Common.Logger.LogService.LogInformation():24 - Executed Action: GetMaritalStatusList on Controller: Application For User : .
2021-01-22 19:12:34,773 => INFO  NA.PMS.Common.Logger.LogService.LogInformation():24 - Executing Action: GetCategoryList on Controller: Application For User : .
2021-01-22 19:12:34,886 => INFO  NA.PMS.Common.Logger.LogService.LogInformation():24 - Executed Action: GetCategoryList on Controller: Application For User : .
2021-01-22 19:12:35,361 => INFO  NA.PMS.Common.Logger.LogService.LogInformation():24 - Executing Action: GetOccupationList on Controller: Application For User : .
2021-01-22 19:12:35,426 => INFO  NA.PMS.Common.Logger.LogService.LogInformation():24 - Executed Action: GetOccupationList on Controller: Application For User : .
2021-01-22 19:12:47,392 => INFO  NA.PMS.Common.Logger.LogService.LogInformation():24 - Executing Action: GetApplicationFormIdForOfflinePayment on Controller: Payment For User : .
2021-01-22 19:12:47,486 => INFO  NA.PMS.Common.Logger.LogService.LogInformation():24 - Executed Action: GetApplicationFormIdForOfflinePayment on Controller: Payment For User : .
2021-01-22 19:15:22,009 => INFO  NA.PMS.Common.Logger.LogService.LogInformation():24 - Executing Action: GetApplicationFormIdForOfflinePayment on Controller: Payment For User : .
2021-01-22 19:15:22,125 => INFO  NA.PMS.Common.Logger.LogService.LogInformation():24 - Executed Action: GetApplicationFormIdForOfflinePayment on Controller: Payment For User : .
2021-01-22 19:16:42,130 => INFO  NA.PMS.Common.Logger.LogService.LogInformation():24 - Executing Action: GetApplicationFormIdForOfflinePayment on Controller: Payment For User : .
2021-01-22 19:16:42,221 => INFO  NA.PMS.Common.Logger.LogService.LogInformation():24 - Executed Action: GetApplicationFormIdForOfflinePayment on Controller: Payment For User : .
2021-01-22 19:19:42,160 => INFO  NA.PMS.Common.Logger.LogService.LogInformation():24 - Executing Action: GetApplicationFormIdForOfflinePayment on Controller: Payment For User : .
2021-01-22 19:19:42,293 => INFO  NA.PMS.Common.Logger.LogService.LogInformation():24 - Executed Action: GetApplicationFormIdForOfflinePayment on Controller: Payment For User : .
2021-01-22 20:04:21,386 => INFO  NA.PMS.Common.Logger.LogService.LogInformation():24 - Executing Action: GetApplicationFormIdForOfflinePayment on Controller: Payment For User : .
2021-01-22 20:04:21,487 => INFO  NA.PMS.Common.Logger.LogService.LogInformation():24 - Executed Action: GetApplicationFormIdForOfflinePayment on Controller: Payment For User : .
2021-01-22 20:10:07,924 => INFO  NA.PMS.Common.Logger.LogService.LogInformation():24 - Executing Action: GetApplicationFormIdForOfflinePayment on Controller: Payment For User : .
2021-01-22 20:10:08,021 => INFO  NA.PMS.Common.Logger.LogService.LogInformation():24 - Executed Action: GetApplicationFormIdForOfflinePayment on Controller: Payment For User : .
2021-01-22 20:10:52,714 => INFO  NA.PMS.Common.Logger.LogService.LogInformation():24 - Executing Action: GetApplicationFormIdForOfflinePayment on Controller: Payment For User : .
2021-01-22 20:10:52,813 => INFO  NA.PMS.Common.Logger.LogService.LogInformation():24 - Executed Action: GetApplicationFormIdForOfflinePayment on Controller: Payment For User : .
2021-01-22 20:11:20,094 => INFO  NA.PMS.Common.Logger.LogService.LogInformation():24 - Executing Action: GetGenderList on Controller: Application For User : .
2021-01-22 20:11:20,111 => INFO  NA.PMS.Common.Logger.LogService.LogInformation():24 - Executed Action: GetGenderList on Controller: Application For User : .
2021-01-22 20:11:20,191 => INFO  NA.PMS.Common.Logger.LogService.LogInformation():24 - Executing Action: GetMaritalStatusList on Controller: Application For User : .
2021-01-22 20:11:20,216 => INFO  NA.PMS.Common.Logger.LogService.LogInformation():24 - Executed Action: GetMaritalStatusList on Controller: Application For User : .
2021-01-22 20:11:20,250 => INFO  NA.PMS.Common.Logger.LogService.LogInformation():24 - Executing Action: GetCategoryList on Controller: Application For User : .
2021-01-22 20:11:20,303 => INFO  NA.PMS.Common.Logger.LogService.LogInformation():24 - Executed Action: GetCategoryList on Controller: Application For User : .
2021-01-22 20:11:20,708 => INFO  NA.PMS.Common.Logger.LogService.LogInformation():24 - Executing Action: GetOccupationList on Controller: Application For User : .
2021-01-22 20:11:20,758 => INFO  NA.PMS.Common.Logger.LogService.LogInformation():24 - Executed Action: GetOccupationList on Controller: Application For User : .
2021-01-22 20:11:26,227 => INFO  NA.PMS.Common.Logger.LogService.LogInformation():24 - Executing Action: PrintSchemeForm on Controller: Application For User : .
2021-01-22 20:11:29,528 => INFO  NA.PMS.Common.Logger.LogService.LogInformation():24 - Executed Action: PrintSchemeForm on Controller: Application For User : .
