2020-07-25 17:11:38,354 => INFO  NA.PMS.Common.Logger.LogService.LogInformation():24 - Executing Action: Login on Controller: Account For User : .
2020-07-25 17:11:38,659 => INFO  NA.PMS.Common.Logger.LogService.LogInformation():24 - Executed Action: Login on Controller: Account For User : .
2020-07-25 17:13:05,582 => INFO  NA.PMS.Common.Logger.LogService.LogInformation():24 - Executing Action: Login on Controller: Account For User : .
2020-07-25 17:13:09,403 => INFO  NA.PMS.Common.Logger.LogService.LogInformation():24 - Executed Action: Login on Controller: Account For User : .
2020-07-25 17:13:09,446 => INFO  NA.PMS.Common.Logger.LogService.LogInformation():24 - Executing Action: Login on Controller: Account For User : svamadmin.
2020-07-25 17:13:09,471 => INFO  NA.PMS.Common.Logger.LogService.LogInformation():24 - Executed Action: Login on Controller: Account For User : svamadmin.
2020-07-25 17:13:14,911 => INFO  NA.PMS.Common.Logger.LogService.LogInformation():24 - Executing Action: LoginAfterVerifyOTP on Controller: Account For User : svamadmin.
2020-07-25 17:13:17,311 => INFO  NA.PMS.Common.Logger.LogService.LogInformation():24 - Executed Action: LoginAfterVerifyOTP on Controller: Account For User : svamadmin.
2020-07-25 17:13:18,455 => INFO  NA.PMS.Common.Logger.LogService.LogInformation():24 - Executing Action: Login on Controller: Account For User : svamadmin.
2020-07-25 17:13:18,485 => INFO  NA.PMS.Common.Logger.LogService.LogInformation():24 - Executed Action: Login on Controller: Account For User : svamadmin.
2020-07-25 17:13:20,690 => INFO  NA.PMS.Common.Logger.LogService.LogInformation():24 - Executing Action: GetDepartmentForAdvanceSearch on Controller: PropertyAllotment For User : svamadmin.
2020-07-25 17:13:20,792 => INFO  NA.PMS.Common.Logger.LogService.LogInformation():24 - Executed Action: GetDepartmentForAdvanceSearch on Controller: PropertyAllotment For User : svamadmin.
2020-07-25 17:15:18,349 => INFO  NA.PMS.Common.Logger.LogService.LogInformation():24 - Executing Action: GetServiceRequestDocumentsById on Controller: ServiceRequest For User : svamadmin.
2020-07-25 17:15:40,006 => INFO  NA.PMS.Common.Logger.LogService.LogInformation():24 - Executed Action: GetServiceRequestDocumentsById on Controller: ServiceRequest For User : svamadmin.
2020-07-25 17:16:38,832 => INFO  NA.PMS.Common.Logger.LogService.LogInformation():24 - Executing Action: GetApproverIdList on Controller: Authority For User : svamadmin.
2020-07-25 17:16:39,056 => INFO  NA.PMS.Common.Logger.LogService.LogInformation():24 - Executed Action: GetApproverIdList on Controller: Authority For User : svamadmin.
2020-07-25 17:57:29,990 => INFO  NA.PMS.Common.Logger.LogService.LogInformation():24 - Executing Action: Logout on Controller: Account For User : svamadmin.
2020-07-25 17:57:30,007 => INFO  NA.PMS.Common.Logger.LogService.LogInformation():24 - Executed Action: Logout on Controller: Account For User : svamadmin.
2020-07-25 17:58:16,656 => INFO  NA.PMS.Common.Logger.LogService.LogInformation():24 - Executing Action: Logout on Controller: Account For User : svamadmin.
2020-07-25 17:58:16,670 => INFO  NA.PMS.Common.Logger.LogService.LogInformation():24 - Executed Action: Logout on Controller: Account For User : svamadmin.
