2021-02-07 00:20:47,529 => INFO  NA.PMS.Common.Logger.LogService.LogInformation():24 - Executing Action: Login on Controller: Account For User : .
2021-02-07 00:20:47,742 => INFO  NA.PMS.Common.Logger.LogService.LogInformation():24 - Executed Action: Login on Controller: Account For User : .
2021-02-07 00:21:19,337 => INFO  NA.PMS.Common.Logger.LogService.LogInformation():24 - Executing Action: Login on Controller: Account For User : .
2021-02-07 00:21:25,449 => INFO  NA.PMS.Common.Logger.LogService.LogInformation():24 - Executed Action: Login on Controller: Account For User : .
2021-02-07 00:21:25,470 => INFO  NA.PMS.Common.Logger.LogService.LogInformation():24 - Executing Action: Login on Controller: Account For User : svamadmin.
2021-02-07 00:21:25,481 => INFO  NA.PMS.Common.Logger.LogService.LogInformation():24 - Executed Action: Login on Controller: Account For User : svamadmin.
2021-02-07 00:21:30,478 => INFO  NA.PMS.Common.Logger.LogService.LogInformation():24 - Executing Action: LoginAfterVerifyOTP on Controller: Account For User : svamadmin.
2021-02-07 00:21:34,935 => INFO  NA.PMS.Common.Logger.LogService.LogInformation():24 - Executed Action: LoginAfterVerifyOTP on Controller: Account For User : svamadmin.
2021-02-07 00:21:36,020 => INFO  NA.PMS.Common.Logger.LogService.LogInformation():24 - Executing Action: Login on Controller: Account For User : svamadmin.
2021-02-07 00:21:36,036 => INFO  NA.PMS.Common.Logger.LogService.LogInformation():24 - Executed Action: Login on Controller: Account For User : svamadmin.
2021-02-07 00:21:37,691 => INFO  NA.PMS.Common.Logger.LogService.LogInformation():24 - Executing Action: GetDepartmentForAdvanceSearch on Controller: PropertyAllotment For User : svamadmin.
2021-02-07 00:21:37,791 => INFO  NA.PMS.Common.Logger.LogService.LogInformation():24 - Executed Action: GetDepartmentForAdvanceSearch on Controller: PropertyAllotment For User : svamadmin.
2021-02-07 00:21:57,554 => INFO  NA.PMS.Common.Logger.LogService.LogInformation():24 - Executing Action: GetDepartmentListAsDataSource on Controller: Application For User : svamadmin.
2021-02-07 00:21:57,931 => INFO  NA.PMS.Common.Logger.LogService.LogInformation():24 - Executed Action: GetDepartmentListAsDataSource on Controller: Application For User : svamadmin.
2021-02-07 00:21:58,314 => INFO  NA.PMS.Common.Logger.LogService.LogInformation():24 - Executing Action: GetPropertyCustomersList on Controller: Application For User : svamadmin.
2021-02-07 00:22:00,684 => INFO  NA.PMS.Common.Logger.LogService.LogInformation():24 - Executed Action: GetPropertyCustomersList on Controller: Application For User : svamadmin.
2021-02-07 00:22:01,119 => INFO  NA.PMS.Common.Logger.LogService.LogInformation():24 - Executing Action: GetUserStatusListAsDataSource on Controller: Application For User : svamadmin.
2021-02-07 00:22:01,307 => INFO  NA.PMS.Common.Logger.LogService.LogInformation():24 - Executed Action: GetUserStatusListAsDataSource on Controller: Application For User : svamadmin.
2021-02-07 00:22:06,825 => INFO  NA.PMS.Common.Logger.LogService.LogInformation():24 - Executing Action: GetPropertyCustomersListById on Controller: Application For User : svamadmin.
2021-02-07 00:22:07,283 => INFO  NA.PMS.Common.Logger.LogService.LogInformation():24 - Executed Action: GetPropertyCustomersListById on Controller: Application For User : svamadmin.
2021-02-07 00:51:48,771 => INFO  NA.PMS.Common.Logger.LogService.LogInformation():24 - Executing Action: GetDepartmentListAsDataSource on Controller: Application For User : svamadmin.
2021-02-07 00:51:48,902 => INFO  NA.PMS.Common.Logger.LogService.LogInformation():24 - Executed Action: GetDepartmentListAsDataSource on Controller: Application For User : svamadmin.
2021-02-07 00:51:49,264 => INFO  NA.PMS.Common.Logger.LogService.LogInformation():24 - Executing Action: GetUserStatusListAsDataSource on Controller: Application For User : svamadmin.
2021-02-07 00:51:49,458 => INFO  NA.PMS.Common.Logger.LogService.LogInformation():24 - Executed Action: GetUserStatusListAsDataSource on Controller: Application For User : svamadmin.
2021-02-07 00:51:49,892 => INFO  NA.PMS.Common.Logger.LogService.LogInformation():24 - Executing Action: GetPropertyCustomersList on Controller: Application For User : svamadmin.
2021-02-07 00:51:50,227 => INFO  NA.PMS.Common.Logger.LogService.LogInformation():24 - Executed Action: GetPropertyCustomersList on Controller: Application For User : svamadmin.
2021-02-07 00:51:53,063 => INFO  NA.PMS.Common.Logger.LogService.LogInformation():24 - Executing Action: GetPropertyCustomersListById on Controller: Application For User : svamadmin.
2021-02-07 00:51:53,447 => INFO  NA.PMS.Common.Logger.LogService.LogInformation():24 - Executed Action: GetPropertyCustomersListById on Controller: Application For User : svamadmin.
2021-02-07 00:57:33,950 => INFO  NA.PMS.Common.Logger.LogService.LogInformation():24 - Executing Action: GetDepartmentListAsDataSource on Controller: Application For User : svamadmin.
2021-02-07 00:57:34,123 => INFO  NA.PMS.Common.Logger.LogService.LogInformation():24 - Executed Action: GetDepartmentListAsDataSource on Controller: Application For User : svamadmin.
2021-02-07 00:57:34,306 => INFO  NA.PMS.Common.Logger.LogService.LogInformation():24 - Executing Action: GetUserStatusListAsDataSource on Controller: Application For User : svamadmin.
2021-02-07 00:57:34,483 => INFO  NA.PMS.Common.Logger.LogService.LogInformation():24 - Executed Action: GetUserStatusListAsDataSource on Controller: Application For User : svamadmin.
2021-02-07 00:57:35,129 => INFO  NA.PMS.Common.Logger.LogService.LogInformation():24 - Executing Action: GetPropertyCustomersList on Controller: Application For User : svamadmin.
2021-02-07 00:57:35,424 => INFO  NA.PMS.Common.Logger.LogService.LogInformation():24 - Executed Action: GetPropertyCustomersList on Controller: Application For User : svamadmin.
2021-02-07 00:57:36,486 => INFO  NA.PMS.Common.Logger.LogService.LogInformation():24 - Executing Action: GetPropertyCustomersListById on Controller: Application For User : svamadmin.
2021-02-07 00:57:36,762 => INFO  NA.PMS.Common.Logger.LogService.LogInformation():24 - Executed Action: GetPropertyCustomersListById on Controller: Application For User : svamadmin.
2021-02-07 00:59:51,218 => INFO  NA.PMS.Common.Logger.LogService.LogInformation():24 - Executing Action: GetDepartmentListAsDataSource on Controller: Application For User : svamadmin.
2021-02-07 00:59:51,362 => INFO  NA.PMS.Common.Logger.LogService.LogInformation():24 - Executed Action: GetDepartmentListAsDataSource on Controller: Application For User : svamadmin.
2021-02-07 00:59:51,740 => INFO  NA.PMS.Common.Logger.LogService.LogInformation():24 - Executing Action: GetUserStatusListAsDataSource on Controller: Application For User : svamadmin.
2021-02-07 00:59:51,937 => INFO  NA.PMS.Common.Logger.LogService.LogInformation():24 - Executed Action: GetUserStatusListAsDataSource on Controller: Application For User : svamadmin.
2021-02-07 00:59:52,344 => INFO  NA.PMS.Common.Logger.LogService.LogInformation():24 - Executing Action: GetPropertyCustomersList on Controller: Application For User : svamadmin.
2021-02-07 00:59:52,777 => INFO  NA.PMS.Common.Logger.LogService.LogInformation():24 - Executed Action: GetPropertyCustomersList on Controller: Application For User : svamadmin.
2021-02-07 00:59:55,644 => INFO  NA.PMS.Common.Logger.LogService.LogInformation():24 - Executing Action: GetPropertyCustomersListById on Controller: Application For User : svamadmin.
2021-02-07 00:59:55,905 => INFO  NA.PMS.Common.Logger.LogService.LogInformation():24 - Executed Action: GetPropertyCustomersListById on Controller: Application For User : svamadmin.
2021-02-07 01:00:14,333 => INFO  NA.PMS.Common.Logger.LogService.LogInformation():24 - Executing Action: GetPropertyCustomersList on Controller: Application For User : svamadmin.
2021-02-07 01:00:14,614 => INFO  NA.PMS.Common.Logger.LogService.LogInformation():24 - Executed Action: GetPropertyCustomersList on Controller: Application For User : svamadmin.
2021-02-07 01:00:20,096 => INFO  NA.PMS.Common.Logger.LogService.LogInformation():24 - Executing Action: GetPropertyCustomersListById on Controller: Application For User : svamadmin.
2021-02-07 01:00:20,383 => INFO  NA.PMS.Common.Logger.LogService.LogInformation():24 - Executed Action: GetPropertyCustomersListById on Controller: Application For User : svamadmin.
2021-02-07 01:06:04,721 => INFO  NA.PMS.Common.Logger.LogService.LogInformation():24 - Executing Action: GetPropertyCustomersListById on Controller: Application For User : svamadmin.
2021-02-07 01:06:05,017 => INFO  NA.PMS.Common.Logger.LogService.LogInformation():24 - Executed Action: GetPropertyCustomersListById on Controller: Application For User : svamadmin.
2021-02-07 01:16:33,537 => INFO  NA.PMS.Common.Logger.LogService.LogInformation():24 - Executing Action: GetDepartmentListAsDataSource on Controller: Application For User : svamadmin.
2021-02-07 01:16:33,703 => INFO  NA.PMS.Common.Logger.LogService.LogInformation():24 - Executed Action: GetDepartmentListAsDataSource on Controller: Application For User : svamadmin.
2021-02-07 01:16:34,059 => INFO  NA.PMS.Common.Logger.LogService.LogInformation():24 - Executing Action: GetUserStatusListAsDataSource on Controller: Application For User : svamadmin.
2021-02-07 01:16:34,226 => INFO  NA.PMS.Common.Logger.LogService.LogInformation():24 - Executed Action: GetUserStatusListAsDataSource on Controller: Application For User : svamadmin.
2021-02-07 01:16:34,672 => INFO  NA.PMS.Common.Logger.LogService.LogInformation():24 - Executing Action: GetPropertyCustomersList on Controller: Application For User : svamadmin.
2021-02-07 01:16:35,017 => INFO  NA.PMS.Common.Logger.LogService.LogInformation():24 - Executed Action: GetPropertyCustomersList on Controller: Application For User : svamadmin.
2021-02-07 01:16:37,080 => INFO  NA.PMS.Common.Logger.LogService.LogInformation():24 - Executing Action: GetPropertyCustomersListById on Controller: Application For User : svamadmin.
2021-02-07 01:16:37,415 => INFO  NA.PMS.Common.Logger.LogService.LogInformation():24 - Executed Action: GetPropertyCustomersListById on Controller: Application For User : svamadmin.
2021-02-07 01:17:05,255 => INFO  NA.PMS.Common.Logger.LogService.LogInformation():24 - Executing Action: GetDepartmentListAsDataSource on Controller: Application For User : svamadmin.
2021-02-07 01:17:05,416 => INFO  NA.PMS.Common.Logger.LogService.LogInformation():24 - Executed Action: GetDepartmentListAsDataSource on Controller: Application For User : svamadmin.
2021-02-07 01:17:05,766 => INFO  NA.PMS.Common.Logger.LogService.LogInformation():24 - Executing Action: GetUserStatusListAsDataSource on Controller: Application For User : svamadmin.
2021-02-07 01:17:05,980 => INFO  NA.PMS.Common.Logger.LogService.LogInformation():24 - Executed Action: GetUserStatusListAsDataSource on Controller: Application For User : svamadmin.
2021-02-07 01:17:06,319 => INFO  NA.PMS.Common.Logger.LogService.LogInformation():24 - Executing Action: GetPropertyCustomersList on Controller: Application For User : svamadmin.
2021-02-07 01:17:06,630 => INFO  NA.PMS.Common.Logger.LogService.LogInformation():24 - Executed Action: GetPropertyCustomersList on Controller: Application For User : svamadmin.
2021-02-07 01:17:08,281 => INFO  NA.PMS.Common.Logger.LogService.LogInformation():24 - Executing Action: GetPropertyCustomersListById on Controller: Application For User : svamadmin.
2021-02-07 01:17:08,662 => INFO  NA.PMS.Common.Logger.LogService.LogInformation():24 - Executed Action: GetPropertyCustomersListById on Controller: Application For User : svamadmin.
2021-02-07 01:18:01,945 => INFO  NA.PMS.Common.Logger.LogService.LogInformation():24 - Executing Action: GetDepartmentListAsDataSource on Controller: Application For User : svamadmin.
2021-02-07 01:18:02,113 => INFO  NA.PMS.Common.Logger.LogService.LogInformation():24 - Executed Action: GetDepartmentListAsDataSource on Controller: Application For User : svamadmin.
2021-02-07 01:18:02,466 => INFO  NA.PMS.Common.Logger.LogService.LogInformation():24 - Executing Action: GetUserStatusListAsDataSource on Controller: Application For User : svamadmin.
2021-02-07 01:18:02,653 => INFO  NA.PMS.Common.Logger.LogService.LogInformation():24 - Executed Action: GetUserStatusListAsDataSource on Controller: Application For User : svamadmin.
2021-02-07 01:18:03,085 => INFO  NA.PMS.Common.Logger.LogService.LogInformation():24 - Executing Action: GetPropertyCustomersList on Controller: Application For User : svamadmin.
2021-02-07 01:18:03,428 => INFO  NA.PMS.Common.Logger.LogService.LogInformation():24 - Executed Action: GetPropertyCustomersList on Controller: Application For User : svamadmin.
2021-02-07 01:18:05,238 => INFO  NA.PMS.Common.Logger.LogService.LogInformation():24 - Executing Action: GetPropertyCustomersListById on Controller: Application For User : svamadmin.
2021-02-07 01:18:05,551 => INFO  NA.PMS.Common.Logger.LogService.LogInformation():24 - Executed Action: GetPropertyCustomersListById on Controller: Application For User : svamadmin.
2021-02-07 01:28:00,154 => INFO  NA.PMS.Common.Logger.LogService.LogInformation():24 - Executing Action: GetDepartmentListAsDataSource on Controller: Application For User : svamadmin.
2021-02-07 01:28:00,309 => INFO  NA.PMS.Common.Logger.LogService.LogInformation():24 - Executed Action: GetDepartmentListAsDataSource on Controller: Application For User : svamadmin.
2021-02-07 01:28:00,561 => INFO  NA.PMS.Common.Logger.LogService.LogInformation():24 - Executing Action: GetUserStatusListAsDataSource on Controller: Application For User : svamadmin.
2021-02-07 01:28:00,785 => INFO  NA.PMS.Common.Logger.LogService.LogInformation():24 - Executed Action: GetUserStatusListAsDataSource on Controller: Application For User : svamadmin.
2021-02-07 01:28:01,250 => INFO  NA.PMS.Common.Logger.LogService.LogInformation():24 - Executing Action: GetPropertyCustomersList on Controller: Application For User : svamadmin.
2021-02-07 01:28:01,561 => INFO  NA.PMS.Common.Logger.LogService.LogInformation():24 - Executed Action: GetPropertyCustomersList on Controller: Application For User : svamadmin.
2021-02-07 01:28:03,761 => INFO  NA.PMS.Common.Logger.LogService.LogInformation():24 - Executing Action: GetPropertyCustomersListById on Controller: Application For User : svamadmin.
2021-02-07 01:28:04,077 => INFO  NA.PMS.Common.Logger.LogService.LogInformation():24 - Executed Action: GetPropertyCustomersListById on Controller: Application For User : svamadmin.
2021-02-07 20:42:46,969 => INFO  NA.PMS.Common.Logger.LogService.LogInformation():24 - Executing Action: Login on Controller: Account For User : .
2021-02-07 20:42:47,122 => INFO  NA.PMS.Common.Logger.LogService.LogInformation():24 - Executed Action: Login on Controller: Account For User : .
2021-02-07 20:43:41,984 => INFO  NA.PMS.Common.Logger.LogService.LogInformation():24 - Executing Action: Login on Controller: Account For User : .
2021-02-07 20:43:48,498 => INFO  NA.PMS.Common.Logger.LogService.LogInformation():24 - Executed Action: Login on Controller: Account For User : .
2021-02-07 20:43:48,528 => INFO  NA.PMS.Common.Logger.LogService.LogInformation():24 - Executing Action: Login on Controller: Account For User : svamadmin.
2021-02-07 20:43:48,544 => INFO  NA.PMS.Common.Logger.LogService.LogInformation():24 - Executed Action: Login on Controller: Account For User : svamadmin.
2021-02-07 20:44:03,947 => INFO  NA.PMS.Common.Logger.LogService.LogInformation():24 - Executing Action: LoginAfterVerifyOTP on Controller: Account For User : svamadmin.
2021-02-07 20:44:07,377 => INFO  NA.PMS.Common.Logger.LogService.LogInformation():24 - Executed Action: LoginAfterVerifyOTP on Controller: Account For User : svamadmin.
2021-02-07 20:44:08,971 => INFO  NA.PMS.Common.Logger.LogService.LogInformation():24 - Executing Action: Login on Controller: Account For User : svamadmin.
2021-02-07 20:44:09,011 => INFO  NA.PMS.Common.Logger.LogService.LogInformation():24 - Executed Action: Login on Controller: Account For User : svamadmin.
2021-02-07 20:44:10,169 => INFO  NA.PMS.Common.Logger.LogService.LogInformation():24 - Executing Action: GetDepartmentForAdvanceSearch on Controller: PropertyAllotment For User : svamadmin.
2021-02-07 20:44:10,285 => INFO  NA.PMS.Common.Logger.LogService.LogInformation():24 - Executed Action: GetDepartmentForAdvanceSearch on Controller: PropertyAllotment For User : svamadmin.
2021-02-07 20:45:37,559 => INFO  NA.PMS.Common.Logger.LogService.LogInformation():24 - Executing Action: GetDepartmentListAsDataSource on Controller: Application For User : svamadmin.
2021-02-07 20:45:37,847 => INFO  NA.PMS.Common.Logger.LogService.LogInformation():24 - Executed Action: GetDepartmentListAsDataSource on Controller: Application For User : svamadmin.
2021-02-07 20:45:38,072 => INFO  NA.PMS.Common.Logger.LogService.LogInformation():24 - Executing Action: GetUserStatusListAsDataSource on Controller: Application For User : svamadmin.
2021-02-07 20:45:38,249 => INFO  NA.PMS.Common.Logger.LogService.LogInformation():24 - Executed Action: GetUserStatusListAsDataSource on Controller: Application For User : svamadmin.
2021-02-07 20:45:38,638 => INFO  NA.PMS.Common.Logger.LogService.LogInformation():24 - Executing Action: GetPropertyCustomersList on Controller: Application For User : svamadmin.
2021-02-07 20:45:39,120 => INFO  NA.PMS.Common.Logger.LogService.LogInformation():24 - Executed Action: GetPropertyCustomersList on Controller: Application For User : svamadmin.
2021-02-07 20:45:42,472 => INFO  NA.PMS.Common.Logger.LogService.LogInformation():24 - Executing Action: GetPropertyCustomersListById on Controller: Application For User : svamadmin.
2021-02-07 20:45:42,889 => INFO  NA.PMS.Common.Logger.LogService.LogInformation():24 - Executed Action: GetPropertyCustomersListById on Controller: Application For User : svamadmin.
2021-02-07 20:48:53,612 => INFO  NA.PMS.Common.Logger.LogService.LogInformation():24 - Executing Action: GetDepartmentListAsDataSource on Controller: Application For User : svamadmin.
2021-02-07 20:48:53,791 => INFO  NA.PMS.Common.Logger.LogService.LogInformation():24 - Executed Action: GetDepartmentListAsDataSource on Controller: Application For User : svamadmin.
2021-02-07 20:48:54,133 => INFO  NA.PMS.Common.Logger.LogService.LogInformation():24 - Executing Action: GetUserStatusListAsDataSource on Controller: Application For User : svamadmin.
2021-02-07 20:48:54,317 => INFO  NA.PMS.Common.Logger.LogService.LogInformation():24 - Executed Action: GetUserStatusListAsDataSource on Controller: Application For User : svamadmin.
2021-02-07 20:48:54,692 => INFO  NA.PMS.Common.Logger.LogService.LogInformation():24 - Executing Action: GetPropertyCustomersList on Controller: Application For User : svamadmin.
2021-02-07 20:48:55,221 => INFO  NA.PMS.Common.Logger.LogService.LogInformation():24 - Executed Action: GetPropertyCustomersList on Controller: Application For User : svamadmin.
2021-02-07 20:49:01,401 => INFO  NA.PMS.Common.Logger.LogService.LogInformation():24 - Executing Action: GetPropertyCustomersListById on Controller: Application For User : svamadmin.
2021-02-07 20:49:01,883 => INFO  NA.PMS.Common.Logger.LogService.LogInformation():24 - Executed Action: GetPropertyCustomersListById on Controller: Application For User : svamadmin.
2021-02-07 20:55:30,881 => INFO  NA.PMS.Common.Logger.LogService.LogInformation():24 - Executing Action: Login on Controller: Account For User : svamadmin.
2021-02-07 20:55:31,078 => INFO  NA.PMS.Common.Logger.LogService.LogInformation():24 - Executed Action: Login on Controller: Account For User : svamadmin.
2021-02-07 20:55:48,951 => INFO  NA.PMS.Common.Logger.LogService.LogInformation():24 - Executing Action: Login on Controller: Account For User : svamadmin.
2021-02-07 20:55:56,775 => INFO  NA.PMS.Common.Logger.LogService.LogInformation():24 - Executed Action: Login on Controller: Account For User : svamadmin.
2021-02-07 20:55:56,788 => INFO  NA.PMS.Common.Logger.LogService.LogInformation():24 - Executing Action: Login on Controller: Account For User : svamadmin.
2021-02-07 20:55:56,790 => INFO  NA.PMS.Common.Logger.LogService.LogInformation():24 - Executed Action: Login on Controller: Account For User : svamadmin.
2021-02-07 20:56:00,881 => INFO  NA.PMS.Common.Logger.LogService.LogInformation():24 - Executing Action: LoginAfterVerifyOTP on Controller: Account For User : svamadmin.
2021-02-07 20:56:04,908 => INFO  NA.PMS.Common.Logger.LogService.LogInformation():24 - Executed Action: LoginAfterVerifyOTP on Controller: Account For User : svamadmin.
2021-02-07 20:56:06,423 => INFO  NA.PMS.Common.Logger.LogService.LogInformation():24 - Executing Action: Login on Controller: Account For User : svamadmin.
2021-02-07 20:56:06,447 => INFO  NA.PMS.Common.Logger.LogService.LogInformation():24 - Executed Action: Login on Controller: Account For User : svamadmin.
2021-02-07 20:56:07,523 => INFO  NA.PMS.Common.Logger.LogService.LogInformation():24 - Executing Action: GetDepartmentForAdvanceSearch on Controller: PropertyAllotment For User : svamadmin.
2021-02-07 20:56:07,628 => INFO  NA.PMS.Common.Logger.LogService.LogInformation():24 - Executed Action: GetDepartmentForAdvanceSearch on Controller: PropertyAllotment For User : svamadmin.
2021-02-07 20:56:22,973 => INFO  NA.PMS.Common.Logger.LogService.LogInformation():24 - Executing Action: GetUserStatusListAsDataSource on Controller: Application For User : svamadmin.
2021-02-07 20:56:23,229 => INFO  NA.PMS.Common.Logger.LogService.LogInformation():24 - Executed Action: GetUserStatusListAsDataSource on Controller: Application For User : svamadmin.
2021-02-07 20:56:23,615 => INFO  NA.PMS.Common.Logger.LogService.LogInformation():24 - Executing Action: GetPropertyCustomersList on Controller: Application For User : svamadmin.
2021-02-07 20:56:24,175 => INFO  NA.PMS.Common.Logger.LogService.LogInformation():24 - Executed Action: GetPropertyCustomersList on Controller: Application For User : svamadmin.
2021-02-07 20:57:10,052 => INFO  NA.PMS.Common.Logger.LogService.LogInformation():24 - Executing Action: GetUserStatusListAsDataSource on Controller: Application For User : svamadmin.
2021-02-07 20:57:10,286 => INFO  NA.PMS.Common.Logger.LogService.LogInformation():24 - Executed Action: GetUserStatusListAsDataSource on Controller: Application For User : svamadmin.
2021-02-07 20:57:10,604 => INFO  NA.PMS.Common.Logger.LogService.LogInformation():24 - Executing Action: GetPropertyCustomersList on Controller: Application For User : svamadmin.
2021-02-07 20:57:11,336 => INFO  NA.PMS.Common.Logger.LogService.LogInformation():24 - Executed Action: GetPropertyCustomersList on Controller: Application For User : svamadmin.
2021-02-07 20:58:34,219 => INFO  NA.PMS.Common.Logger.LogService.LogInformation():24 - Executing Action: GetPropertyCustomersList on Controller: Application For User : svamadmin.
2021-02-07 20:58:34,725 => INFO  NA.PMS.Common.Logger.LogService.LogInformation():24 - Executed Action: GetPropertyCustomersList on Controller: Application For User : svamadmin.
2021-02-07 20:58:35,171 => INFO  NA.PMS.Common.Logger.LogService.LogInformation():24 - Executing Action: GetUserStatusListAsDataSource on Controller: Application For User : svamadmin.
2021-02-07 20:58:35,386 => INFO  NA.PMS.Common.Logger.LogService.LogInformation():24 - Executed Action: GetUserStatusListAsDataSource on Controller: Application For User : svamadmin.
2021-02-07 20:59:44,832 => INFO  NA.PMS.Common.Logger.LogService.LogInformation():24 - Executing Action: GetUserStatusListAsDataSource on Controller: Application For User : svamadmin.
2021-02-07 20:59:45,005 => INFO  NA.PMS.Common.Logger.LogService.LogInformation():24 - Executed Action: GetUserStatusListAsDataSource on Controller: Application For User : svamadmin.
2021-02-07 20:59:45,366 => INFO  NA.PMS.Common.Logger.LogService.LogInformation():24 - Executing Action: GetPropertyCustomersList on Controller: Application For User : svamadmin.
2021-02-07 20:59:45,869 => INFO  NA.PMS.Common.Logger.LogService.LogInformation():24 - Executed Action: GetPropertyCustomersList on Controller: Application For User : svamadmin.
2021-02-07 21:02:02,207 => INFO  NA.PMS.Common.Logger.LogService.LogInformation():24 - Executing Action: GetPropertyCustomersList on Controller: Application For User : svamadmin.
2021-02-07 21:02:06,990 => INFO  NA.PMS.Common.Logger.LogService.LogInformation():24 - Executed Action: GetPropertyCustomersList on Controller: Application For User : svamadmin.
2021-02-07 21:09:29,002 => INFO  NA.PMS.Common.Logger.LogService.LogInformation():24 - Executing Action: GetPropertyCustomersListById on Controller: Application For User : svamadmin.
2021-02-07 21:09:30,340 => INFO  NA.PMS.Common.Logger.LogService.LogInformation():24 - Executed Action: GetPropertyCustomersListById on Controller: Application For User : svamadmin.
2021-02-07 21:43:36,306 => INFO  NA.PMS.Common.Logger.LogService.LogInformation():24 - Executing Action: Login on Controller: Account For User : svamadmin.
2021-02-07 21:43:36,454 => INFO  NA.PMS.Common.Logger.LogService.LogInformation():24 - Executed Action: Login on Controller: Account For User : svamadmin.
2021-02-07 21:44:11,416 => INFO  NA.PMS.Common.Logger.LogService.LogInformation():24 - Executing Action: Login on Controller: Account For User : svamadmin.
2021-02-07 21:44:37,788 => INFO  NA.PMS.Common.Logger.LogService.LogInformation():24 - Executed Action: Login on Controller: Account For User : svamadmin.
2021-02-07 21:44:37,809 => INFO  NA.PMS.Common.Logger.LogService.LogInformation():24 - Executing Action: Login on Controller: Account For User : svamadmin.
2021-02-07 21:44:37,826 => INFO  NA.PMS.Common.Logger.LogService.LogInformation():24 - Executed Action: Login on Controller: Account For User : svamadmin.
2021-02-07 21:44:44,174 => INFO  NA.PMS.Common.Logger.LogService.LogInformation():24 - Executing Action: LoginAfterVerifyOTP on Controller: Account For User : svamadmin.
2021-02-07 21:44:51,031 => INFO  NA.PMS.Common.Logger.LogService.LogInformation():24 - Executed Action: LoginAfterVerifyOTP on Controller: Account For User : svamadmin.
2021-02-07 21:44:52,248 => INFO  NA.PMS.Common.Logger.LogService.LogInformation():24 - Executing Action: Login on Controller: Account For User : svamadmin.
2021-02-07 21:44:52,283 => INFO  NA.PMS.Common.Logger.LogService.LogInformation():24 - Executed Action: Login on Controller: Account For User : svamadmin.
2021-02-07 21:44:53,573 => INFO  NA.PMS.Common.Logger.LogService.LogInformation():24 - Executing Action: GetDepartmentForAdvanceSearch on Controller: PropertyAllotment For User : svamadmin.
2021-02-07 21:44:53,687 => INFO  NA.PMS.Common.Logger.LogService.LogInformation():24 - Executed Action: GetDepartmentForAdvanceSearch on Controller: PropertyAllotment For User : svamadmin.
2021-02-07 21:49:01,091 => ERROR NA.PMS.Common.Logger.LogService.LogError():97 - Global Exception
System.ArgumentNullException: String reference not set to an instance of a String.
Parameter name: s
   at System.Text.Encoding.GetBytes(String s)
   at NA.PMS.Common.Extension.StringExtensions.ToMD5HashForPassword(String plainText) in d:\TFSProject\NoidaAuthority\Source\NA.PMS\NA.PMS.Common\Extension\StringExtensions.cs:line 119
   at NA.PMS.UserManagement.AdminRepository.SaveCustomerInfoByActionType(NDAUserViewModel model) in d:\TFSProject\NoidaAuthority\Source\NA.PMS\NA.PMS.UserManagement\Repositories\AdminRepository.cs:line 847
   at NA.PMS.UserManagement.NoidaAdminController.SaveCustomerInfoByActionType(NDAUserViewModel user) in d:\TFSProject\NoidaAuthority\Source\NA.PMS\NA.PMS.UserManagement\Controllers\NoidaAdminController.cs:line 182
   at lambda_method(Closure , ControllerBase , Object[] )
   at System.Web.Mvc.ActionMethodDispatcher.Execute(ControllerBase controller, Object[] parameters)
   at System.Web.Mvc.ReflectedActionDescriptor.Execute(ControllerContext controllerContext, IDictionary`2 parameters)
   at System.Web.Mvc.ControllerActionInvoker.InvokeActionMethod(ControllerContext controllerContext, ActionDescriptor actionDescriptor, IDictionary`2 parameters)
   at System.Web.Mvc.Async.AsyncControllerActionInvoker.ActionInvocation.InvokeSynchronousActionMethod()
   at System.Web.Mvc.Async.AsyncControllerActionInvoker.<BeginInvokeSynchronousActionMethod>b__39(IAsyncResult asyncResult, ActionInvocation innerInvokeState)
   at System.Web.Mvc.Async.AsyncResultWrapper.WrappedAsyncResult`2.CallEndDelegate(IAsyncResult asyncResult)
   at System.Web.Mvc.Async.AsyncResultWrapper.WrappedAsyncResultBase`1.End()
   at System.Web.Mvc.Async.AsyncResultWrapper.End[TResult](IAsyncResult asyncResult, Object tag)
   at System.Web.Mvc.Async.AsyncControllerActionInvoker.EndInvokeActionMethod(IAsyncResult asyncResult)
   at System.Web.Mvc.Async.AsyncControllerActionInvoker.AsyncInvocationWithFilters.<InvokeActionMethodFilterAsynchronouslyRecursive>b__3d()
   at System.Web.Mvc.Async.AsyncControllerActionInvoker.AsyncInvocationWithFilters.<>c__DisplayClass46.<InvokeActionMethodFilterAsynchronouslyRecursive>b__3f()
   at System.Web.Mvc.Async.AsyncControllerActionInvoker.<>c__DisplayClass33.<BeginInvokeActionMethodWithFilters>b__32(IAsyncResult asyncResult)
   at System.Web.Mvc.Async.AsyncResultWrapper.WrappedAsyncResult`1.CallEndDelegate(IAsyncResult asyncResult)
   at System.Web.Mvc.Async.AsyncResultWrapper.WrappedAsyncResultBase`1.End()
   at System.Web.Mvc.Async.AsyncResultWrapper.End[TResult](IAsyncResult asyncResult, Object tag)
   at System.Web.Mvc.Async.AsyncControllerActionInvoker.EndInvokeActionMethodWithFilters(IAsyncResult asyncResult)
   at System.Web.Mvc.Async.AsyncControllerActionInvoker.<>c__DisplayClass21.<>c__DisplayClass2b.<BeginInvokeAction>b__1c()
   at System.Web.Mvc.Async.AsyncControllerActionInvoker.<>c__DisplayClass21.<BeginInvokeAction>b__1e(IAsyncResult asyncResult)
   at System.Web.Mvc.Async.AsyncResultWrapper.WrappedAsyncResult`1.CallEndDelegate(IAsyncResult asyncResult)
   at System.Web.Mvc.Async.AsyncResultWrapper.WrappedAsyncResultBase`1.End()
   at System.Web.Mvc.Async.AsyncResultWrapper.End[TResult](IAsyncResult asyncResult, Object tag)
   at System.Web.Mvc.Async.AsyncControllerActionInvoker.EndInvokeAction(IAsyncResult asyncResult)
   at System.Web.Mvc.Controller.<BeginExecuteCore>b__1d(IAsyncResult asyncResult, ExecuteCoreState innerState)
   at System.Web.Mvc.Async.AsyncResultWrapper.WrappedAsyncVoid`1.CallEndDelegate(IAsyncResult asyncResult)
   at System.Web.Mvc.Async.AsyncResultWrapper.WrappedAsyncResultBase`1.End()
   at System.Web.Mvc.Async.AsyncResultWrapper.End[TResult](IAsyncResult asyncResult, Object tag)
   at System.Web.Mvc.Async.AsyncResultWrapper.End(IAsyncResult asyncResult, Object tag)
   at System.Web.Mvc.Controller.EndExecuteCore(IAsyncResult asyncResult)
   at System.Web.Mvc.Controller.<BeginExecute>b__15(IAsyncResult asyncResult, Controller controller)
   at System.Web.Mvc.Async.AsyncResultWrapper.WrappedAsyncVoid`1.CallEndDelegate(IAsyncResult asyncResult)
   at System.Web.Mvc.Async.AsyncResultWrapper.WrappedAsyncResultBase`1.End()
   at System.Web.Mvc.Async.AsyncResultWrapper.End[TResult](IAsyncResult asyncResult, Object tag)
   at System.Web.Mvc.Async.AsyncResultWrapper.End(IAsyncResult asyncResult, Object tag)
   at System.Web.Mvc.Controller.EndExecute(IAsyncResult asyncResult)
   at System.Web.Mvc.Controller.System.Web.Mvc.Async.IAsyncController.EndExecute(IAsyncResult asyncResult)
   at System.Web.Mvc.MvcHandler.<BeginProcessRequest>b__5(IAsyncResult asyncResult, ProcessRequestState innerState)
   at System.Web.Mvc.Async.AsyncResultWrapper.WrappedAsyncVoid`1.CallEndDelegate(IAsyncResult asyncResult)
   at System.Web.Mvc.Async.AsyncResultWrapper.WrappedAsyncResultBase`1.End()
   at System.Web.Mvc.Async.AsyncResultWrapper.End[TResult](IAsyncResult asyncResult, Object tag)
   at System.Web.Mvc.Async.AsyncResultWrapper.End(IAsyncResult asyncResult, Object tag)
   at System.Web.Mvc.MvcHandler.EndProcessRequest(IAsyncResult asyncResult)
   at System.Web.Mvc.MvcHandler.System.Web.IHttpAsyncHandler.EndProcessRequest(IAsyncResult result)
   at System.Web.HttpApplication.CallHandlerExecutionStep.System.Web.HttpApplication.IExecutionStep.Execute()
   at System.Web.HttpApplication.ExecuteStepImpl(IExecutionStep step)
   at System.Web.HttpApplication.ExecuteStep(IExecutionStep step, Boolean& completedSynchronously)
2021-02-07 21:55:36,338 => INFO  NA.PMS.Common.Logger.LogService.LogInformation():24 - Executing Action: Login on Controller: Account For User : svamadmin.
2021-02-07 21:55:36,503 => INFO  NA.PMS.Common.Logger.LogService.LogInformation():24 - Executed Action: Login on Controller: Account For User : svamadmin.
2021-02-07 21:55:57,167 => INFO  NA.PMS.Common.Logger.LogService.LogInformation():24 - Executing Action: Login on Controller: Account For User : svamadmin.
2021-02-07 21:56:03,453 => INFO  NA.PMS.Common.Logger.LogService.LogInformation():24 - Executed Action: Login on Controller: Account For User : svamadmin.
2021-02-07 21:56:03,469 => INFO  NA.PMS.Common.Logger.LogService.LogInformation():24 - Executing Action: Login on Controller: Account For User : svamadmin.
2021-02-07 21:56:03,470 => INFO  NA.PMS.Common.Logger.LogService.LogInformation():24 - Executed Action: Login on Controller: Account For User : svamadmin.
2021-02-07 21:56:08,165 => INFO  NA.PMS.Common.Logger.LogService.LogInformation():24 - Executing Action: LoginAfterVerifyOTP on Controller: Account For User : svamadmin.
2021-02-07 21:56:11,403 => INFO  NA.PMS.Common.Logger.LogService.LogInformation():24 - Executed Action: LoginAfterVerifyOTP on Controller: Account For User : svamadmin.
2021-02-07 21:56:12,728 => INFO  NA.PMS.Common.Logger.LogService.LogInformation():24 - Executing Action: Login on Controller: Account For User : svamadmin.
2021-02-07 21:56:12,757 => INFO  NA.PMS.Common.Logger.LogService.LogInformation():24 - Executed Action: Login on Controller: Account For User : svamadmin.
2021-02-07 21:56:14,209 => INFO  NA.PMS.Common.Logger.LogService.LogInformation():24 - Executing Action: GetDepartmentForAdvanceSearch on Controller: PropertyAllotment For User : svamadmin.
2021-02-07 21:56:14,331 => INFO  NA.PMS.Common.Logger.LogService.LogInformation():24 - Executed Action: GetDepartmentForAdvanceSearch on Controller: PropertyAllotment For User : svamadmin.
2021-02-07 21:59:57,326 => INFO  NA.PMS.Common.Logger.LogService.LogInformation():24 - Executing Action: Login on Controller: Account For User : svamadmin.
2021-02-07 21:59:57,498 => INFO  NA.PMS.Common.Logger.LogService.LogInformation():24 - Executed Action: Login on Controller: Account For User : svamadmin.
2021-02-07 22:00:47,452 => INFO  NA.PMS.Common.Logger.LogService.LogInformation():24 - Executing Action: Login on Controller: Account For User : svamadmin.
2021-02-07 22:00:55,539 => INFO  NA.PMS.Common.Logger.LogService.LogInformation():24 - Executed Action: Login on Controller: Account For User : svamadmin.
2021-02-07 22:00:55,567 => INFO  NA.PMS.Common.Logger.LogService.LogInformation():24 - Executing Action: Login on Controller: Account For User : svamadmin.
2021-02-07 22:00:55,588 => INFO  NA.PMS.Common.Logger.LogService.LogInformation():24 - Executed Action: Login on Controller: Account For User : svamadmin.
2021-02-07 22:00:59,942 => INFO  NA.PMS.Common.Logger.LogService.LogInformation():24 - Executing Action: LoginAfterVerifyOTP on Controller: Account For User : svamadmin.
2021-02-07 22:01:02,030 => INFO  NA.PMS.Common.Logger.LogService.LogInformation():24 - Executed Action: LoginAfterVerifyOTP on Controller: Account For User : svamadmin.
2021-02-07 22:01:04,056 => INFO  NA.PMS.Common.Logger.LogService.LogInformation():24 - Executing Action: Login on Controller: Account For User : svamadmin.
2021-02-07 22:01:04,101 => INFO  NA.PMS.Common.Logger.LogService.LogInformation():24 - Executed Action: Login on Controller: Account For User : svamadmin.
2021-02-07 22:01:05,347 => INFO  NA.PMS.Common.Logger.LogService.LogInformation():24 - Executing Action: GetDepartmentForAdvanceSearch on Controller: PropertyAllotment For User : svamadmin.
2021-02-07 22:01:05,487 => INFO  NA.PMS.Common.Logger.LogService.LogInformation():24 - Executed Action: GetDepartmentForAdvanceSearch on Controller: PropertyAllotment For User : svamadmin.
2021-02-07 23:07:45,005 => INFO  NA.PMS.Common.Logger.LogService.LogInformation():24 - Executing Action: Login on Controller: Account For User : svamadmin.
2021-02-07 23:07:45,124 => INFO  NA.PMS.Common.Logger.LogService.LogInformation():24 - Executed Action: Login on Controller: Account For User : svamadmin.
2021-02-07 23:07:56,395 => INFO  NA.PMS.Common.Logger.LogService.LogInformation():24 - Executing Action: Login on Controller: Account For User : svamadmin.
2021-02-07 23:07:57,983 => INFO  NA.PMS.Common.Logger.LogService.LogInformation():24 - Executed Action: Login on Controller: Account For User : svamadmin.
2021-02-07 23:07:58,024 => INFO  NA.PMS.Common.Logger.LogService.LogInformation():24 - Executing Action: Login on Controller: Account For User : svamadmin.
2021-02-07 23:07:58,036 => INFO  NA.PMS.Common.Logger.LogService.LogInformation():24 - Executed Action: Login on Controller: Account For User : svamadmin.
2021-02-07 23:08:02,620 => INFO  NA.PMS.Common.Logger.LogService.LogInformation():24 - Executing Action: LoginAfterVerifyOTP on Controller: Account For User : svamadmin.
2021-02-07 23:08:05,246 => INFO  NA.PMS.Common.Logger.LogService.LogInformation():24 - Executed Action: LoginAfterVerifyOTP on Controller: Account For User : svamadmin.
2021-02-07 23:08:05,640 => INFO  NA.PMS.Common.Logger.LogService.LogInformation():24 - Executing Action: Login on Controller: Account For User : svamadmin.
2021-02-07 23:08:05,968 => INFO  NA.PMS.Common.Logger.LogService.LogInformation():24 - Executed Action: Login on Controller: Account For User : svamadmin.
2021-02-07 23:08:16,150 => INFO  NA.PMS.Common.Logger.LogService.LogInformation():24 - Executing Action: GetDepartmentForAdvanceSearch on Controller: PropertyAllotment For User : svamadmin.
2021-02-07 23:08:16,266 => INFO  NA.PMS.Common.Logger.LogService.LogInformation():24 - Executed Action: GetDepartmentForAdvanceSearch on Controller: PropertyAllotment For User : svamadmin.
2021-02-07 23:13:15,925 => INFO  NA.PMS.Common.Logger.LogService.LogInformation():24 - Executing Action: Login on Controller: Account For User : svamadmin.
2021-02-07 23:13:16,146 => INFO  NA.PMS.Common.Logger.LogService.LogInformation():24 - Executed Action: Login on Controller: Account For User : svamadmin.
2021-02-07 23:13:33,398 => INFO  NA.PMS.Common.Logger.LogService.LogInformation():24 - Executing Action: Login on Controller: Account For User : svamadmin.
2021-02-07 23:13:38,064 => INFO  NA.PMS.Common.Logger.LogService.LogInformation():24 - Executed Action: Login on Controller: Account For User : svamadmin.
2021-02-07 23:13:38,078 => INFO  NA.PMS.Common.Logger.LogService.LogInformation():24 - Executing Action: Login on Controller: Account For User : svamadmin.
2021-02-07 23:13:38,080 => INFO  NA.PMS.Common.Logger.LogService.LogInformation():24 - Executed Action: Login on Controller: Account For User : svamadmin.
2021-02-07 23:13:42,714 => INFO  NA.PMS.Common.Logger.LogService.LogInformation():24 - Executing Action: LoginAfterVerifyOTP on Controller: Account For User : svamadmin.
2021-02-07 23:13:45,087 => INFO  NA.PMS.Common.Logger.LogService.LogInformation():24 - Executed Action: LoginAfterVerifyOTP on Controller: Account For User : svamadmin.
2021-02-07 23:13:46,237 => INFO  NA.PMS.Common.Logger.LogService.LogInformation():24 - Executing Action: Login on Controller: Account For User : svamadmin.
2021-02-07 23:13:46,239 => INFO  NA.PMS.Common.Logger.LogService.LogInformation():24 - Executed Action: Login on Controller: Account For User : svamadmin.
2021-02-07 23:13:47,472 => INFO  NA.PMS.Common.Logger.LogService.LogInformation():24 - Executing Action: GetDepartmentForAdvanceSearch on Controller: PropertyAllotment For User : svamadmin.
2021-02-07 23:13:47,567 => INFO  NA.PMS.Common.Logger.LogService.LogInformation():24 - Executed Action: GetDepartmentForAdvanceSearch on Controller: PropertyAllotment For User : svamadmin.
2021-02-07 23:43:58,901 => INFO  NA.PMS.Common.Logger.LogService.LogInformation():24 - Executing Action: Login on Controller: Account For User : svamadmin.
2021-02-07 23:43:59,135 => INFO  NA.PMS.Common.Logger.LogService.LogInformation():24 - Executed Action: Login on Controller: Account For User : svamadmin.
2021-02-07 23:44:18,095 => INFO  NA.PMS.Common.Logger.LogService.LogInformation():24 - Executing Action: Login on Controller: Account For User : svamadmin.
2021-02-07 23:44:23,736 => INFO  NA.PMS.Common.Logger.LogService.LogInformation():24 - Executed Action: Login on Controller: Account For User : svamadmin.
2021-02-07 23:44:23,752 => INFO  NA.PMS.Common.Logger.LogService.LogInformation():24 - Executing Action: Login on Controller: Account For User : svamadmin.
2021-02-07 23:44:23,754 => INFO  NA.PMS.Common.Logger.LogService.LogInformation():24 - Executed Action: Login on Controller: Account For User : svamadmin.
2021-02-07 23:44:27,056 => INFO  NA.PMS.Common.Logger.LogService.LogInformation():24 - Executing Action: LoginAfterVerifyOTP on Controller: Account For User : svamadmin.
2021-02-07 23:44:29,654 => INFO  NA.PMS.Common.Logger.LogService.LogInformation():24 - Executed Action: LoginAfterVerifyOTP on Controller: Account For User : svamadmin.
2021-02-07 23:44:31,120 => INFO  NA.PMS.Common.Logger.LogService.LogInformation():24 - Executing Action: Login on Controller: Account For User : svamadmin.
2021-02-07 23:44:31,149 => INFO  NA.PMS.Common.Logger.LogService.LogInformation():24 - Executed Action: Login on Controller: Account For User : svamadmin.
2021-02-07 23:44:32,352 => INFO  NA.PMS.Common.Logger.LogService.LogInformation():24 - Executing Action: GetDepartmentForAdvanceSearch on Controller: PropertyAllotment For User : svamadmin.
2021-02-07 23:44:32,463 => INFO  NA.PMS.Common.Logger.LogService.LogInformation():24 - Executed Action: GetDepartmentForAdvanceSearch on Controller: PropertyAllotment For User : svamadmin.
