2021-01-25 12:34:14,346 => INFO  NA.PMS.Common.Logger.LogService.LogInformation():24 - Executing Action: Login on Controller: Account For User : .
2021-01-25 12:34:14,525 => INFO  NA.PMS.Common.Logger.LogService.LogInformation():24 - Executed Action: Login on Controller: Account For User : .
2021-01-25 12:34:37,025 => INFO  NA.PMS.Common.Logger.LogService.LogInformation():24 - Executing Action: Login on Controller: Account For User : .
2021-01-25 12:34:39,791 => INFO  NA.PMS.Common.Logger.LogService.LogInformation():24 - Executed Action: Login on Controller: Account For User : .
2021-01-25 12:34:39,806 => INFO  NA.PMS.Common.Logger.LogService.LogInformation():24 - Executing Action: Login on Controller: Account For User : svamadmin.
2021-01-25 12:34:39,807 => INFO  NA.PMS.Common.Logger.LogService.LogInformation():24 - Executed Action: Login on Controller: Account For User : svamadmin.
2021-01-25 12:34:42,926 => INFO  NA.PMS.Common.Logger.LogService.LogInformation():24 - Executing Action: LoginAfterVerifyOTP on Controller: Account For User : svamadmin.
2021-01-25 12:34:45,071 => INFO  NA.PMS.Common.Logger.LogService.LogInformation():24 - Executed Action: LoginAfterVerifyOTP on Controller: Account For User : svamadmin.
2021-01-25 12:34:45,955 => INFO  NA.PMS.Common.Logger.LogService.LogInformation():24 - Executing Action: Login on Controller: Account For User : svamadmin.
2021-01-25 12:34:45,973 => INFO  NA.PMS.Common.Logger.LogService.LogInformation():24 - Executed Action: Login on Controller: Account For User : svamadmin.
2021-01-25 12:34:47,195 => INFO  NA.PMS.Common.Logger.LogService.LogInformation():24 - Executing Action: GetDepartmentForAdvanceSearch on Controller: PropertyAllotment For User : svamadmin.
2021-01-25 12:34:47,265 => INFO  NA.PMS.Common.Logger.LogService.LogInformation():24 - Executed Action: GetDepartmentForAdvanceSearch on Controller: PropertyAllotment For User : svamadmin.
2021-01-25 12:35:01,253 => INFO  NA.PMS.Common.Logger.LogService.LogInformation():24 - Executing Action: CheckDataForAdvanceSearch on Controller: PropertyAllotment For User : svamadmin.
2021-01-25 12:35:01,711 => INFO  NA.PMS.Common.Logger.LogService.LogInformation():24 - Executed Action: CheckDataForAdvanceSearch on Controller: PropertyAllotment For User : svamadmin.
2021-01-25 12:35:02,038 => INFO  NA.PMS.Common.Logger.LogService.LogInformation():24 - Executing Action: AllotmentMaster on Controller: PropertyAllotment For User : svamadmin.
2021-01-25 12:35:02,048 => INFO  NA.PMS.Common.Logger.LogService.LogInformation():24 - Executed Action: AllotmentMaster on Controller: PropertyAllotment For User : svamadmin.
2021-01-25 12:35:09,637 => INFO  NA.PMS.Common.Logger.LogService.LogInformation():24 - Executing Action: GetDepartmentForAdvanceSearch on Controller: PropertyAllotment For User : svamadmin.
2021-01-25 12:35:09,705 => INFO  NA.PMS.Common.Logger.LogService.LogInformation():24 - Executed Action: GetDepartmentForAdvanceSearch on Controller: PropertyAllotment For User : svamadmin.
2021-01-25 12:35:10,500 => INFO  NA.PMS.Common.Logger.LogService.LogInformation():24 - Executing Action: AdvanceSearchForAllottedProperty on Controller: PropertyAllotment For User : svamadmin.
2021-01-25 12:35:32,599 => INFO  NA.PMS.Common.Logger.LogService.LogInformation():24 - Executed Action: AdvanceSearchForAllottedProperty on Controller: PropertyAllotment For User : svamadmin.
2021-01-25 12:35:46,593 => INFO  NA.PMS.Common.Logger.LogService.LogInformation():24 - Executing Action: PropertyDetails on Controller: PropertyAllotment  For User : svamadmin Given Route: 60174973.
2021-01-25 12:35:52,582 => INFO  NA.PMS.Common.Logger.LogService.LogInformation():24 - Executed Action: PropertyDetails on Controller: PropertyAllotment For User : svamadmin Given Route: 60174973.
2021-01-25 12:36:21,476 => INFO  NA.PMS.Common.Logger.LogService.LogInformation():24 - Executing Action: GetApplicantDetails on Controller: Allotment For User : svamadmin.
2021-01-25 12:36:21,613 => INFO  NA.PMS.Common.Logger.LogService.LogInformation():24 - Executed Action: GetApplicantDetails on Controller: Allotment For User : svamadmin.
2021-01-25 12:36:21,869 => INFO  NA.PMS.Common.Logger.LogService.LogInformation():24 - Executing Action: GetPaymentReschedule on Controller: PropertyAllotment For User : svamadmin.
2021-01-25 12:36:21,996 => INFO  NA.PMS.Common.Logger.LogService.LogInformation():24 - Executed Action: GetPaymentReschedule on Controller: PropertyAllotment For User : svamadmin.
2021-01-25 12:36:22,217 => INFO  NA.PMS.Common.Logger.LogService.LogInformation():24 - Executing Action: GetReceiptSchedule on Controller: PropertyAllotment For User : svamadmin.
2021-01-25 12:36:23,965 => INFO  NA.PMS.Common.Logger.LogService.LogInformation():24 - Executed Action: GetReceiptSchedule on Controller: PropertyAllotment For User : svamadmin.
2021-01-25 12:36:24,177 => INFO  NA.PMS.Common.Logger.LogService.LogInformation():24 - Executing Action: GetScheduleDetailsForAllottedProperty on Controller: PropertyAllotment For User : svamadmin.
2021-01-25 12:36:25,495 => INFO  NA.PMS.Common.Logger.LogService.LogInformation():24 - Executed Action: GetScheduleDetailsForAllottedProperty on Controller: PropertyAllotment For User : svamadmin.
2021-01-25 12:36:25,715 => INFO  NA.PMS.Common.Logger.LogService.LogInformation():24 - Executing Action: GetPaymentLedger on Controller: PropertyAllotment For User : svamadmin.
2021-01-25 12:36:33,886 => INFO  NA.PMS.Common.Logger.LogService.LogInformation():24 - Executed Action: GetPaymentLedger on Controller: PropertyAllotment For User : svamadmin.
2021-01-25 12:36:34,116 => INFO  NA.PMS.Common.Logger.LogService.LogInformation():24 - Executing Action: GetLetterHistory on Controller: PropertyAllotment For User : svamadmin.
2021-01-25 12:36:34,199 => INFO  NA.PMS.Common.Logger.LogService.LogInformation():24 - Executed Action: GetLetterHistory on Controller: PropertyAllotment For User : svamadmin.
2021-01-25 12:36:34,457 => INFO  NA.PMS.Common.Logger.LogService.LogInformation():24 - Executing Action: GetDigitalSingedLetterHistory on Controller: PropertyAllotment For User : svamadmin.
2021-01-25 12:36:34,581 => INFO  NA.PMS.Common.Logger.LogService.LogInformation():24 - Executed Action: GetDigitalSingedLetterHistory on Controller: PropertyAllotment For User : svamadmin.
2021-01-25 12:36:35,171 => INFO  NA.PMS.Common.Logger.LogService.LogInformation():24 - Executing Action: GetAssineTo on Controller: Allotment For User : svamadmin.
2021-01-25 12:36:35,454 => INFO  NA.PMS.Common.Logger.LogService.LogInformation():24 - Executed Action: GetAssineTo on Controller: Allotment For User : svamadmin.
2021-01-25 12:36:36,171 => INFO  NA.PMS.Common.Logger.LogService.LogInformation():24 - Executing Action: GetPropertyRentListByRid on Controller: PropertyRegistration For User : svamadmin.
2021-01-25 12:36:36,797 => INFO  NA.PMS.Common.Logger.LogService.LogInformation():24 - Executed Action: GetPropertyRentListByRid on Controller: PropertyRegistration For User : svamadmin.
2021-01-25 12:36:37,011 => INFO  NA.PMS.Common.Logger.LogService.LogInformation():24 - Executing Action: GetAllMortgageByRid on Controller: PropertyRegistration For User : svamadmin.
2021-01-25 12:36:37,561 => INFO  NA.PMS.Common.Logger.LogService.LogInformation():24 - Executed Action: GetAllMortgageByRid on Controller: PropertyRegistration For User : svamadmin.
2021-01-25 12:36:37,777 => INFO  NA.PMS.Common.Logger.LogService.LogInformation():24 - Executing Action: GetExtensionDetailsByRid on Controller: PropertyAllotment For User : svamadmin.
2021-01-25 12:36:37,994 => INFO  NA.PMS.Common.Logger.LogService.LogInformation():24 - Executed Action: GetExtensionDetailsByRid on Controller: PropertyAllotment For User : svamadmin.
2021-01-25 12:36:38,492 => INFO  NA.PMS.Common.Logger.LogService.LogInformation():24 - Executing Action: GetSubLeasedProperty on Controller: PropertyAllotment For User : svamadmin.
2021-01-25 12:36:38,766 => INFO  NA.PMS.Common.Logger.LogService.LogInformation():24 - Executed Action: GetSubLeasedProperty on Controller: PropertyAllotment For User : svamadmin.
2021-01-25 12:36:38,963 => INFO  NA.PMS.Common.Logger.LogService.LogInformation():24 - Executing Action: GetKYADetails on Controller: PropertyAllotment For User : svamadmin.
2021-01-25 12:36:39,289 => INFO  NA.PMS.Common.Logger.LogService.LogInformation():24 - Executed Action: GetKYADetails on Controller: PropertyAllotment For User : svamadmin.
2021-01-25 12:36:39,429 => INFO  NA.PMS.Common.Logger.LogService.LogInformation():24 - Executing Action: GetCustomerServiceRequestListByRid on Controller: ServiceRequest For User : svamadmin.
2021-01-25 12:36:39,901 => INFO  NA.PMS.Common.Logger.LogService.LogInformation():24 - Executed Action: GetCustomerServiceRequestListByRid on Controller: ServiceRequest For User : svamadmin.
2021-01-25 12:36:40,257 => INFO  NA.PMS.Common.Logger.LogService.LogInformation():24 - Executing Action: GetPropertyDetails on Controller: Allotment For User : svamadmin.
2021-01-25 12:36:40,898 => INFO  NA.PMS.Common.Logger.LogService.LogInformation():24 - Executed Action: GetPropertyDetails on Controller: Allotment For User : svamadmin.
2021-01-25 12:36:41,328 => INFO  NA.PMS.Common.Logger.LogService.LogInformation():24 - Executing Action: GetDocumentDetails on Controller: PropertyAllotment For User : svamadmin.
2021-01-25 12:37:23,880 => INFO  NA.PMS.Common.Logger.LogService.LogInformation():24 - Executed Action: GetDocumentDetails on Controller: PropertyAllotment For User : svamadmin.
2021-01-25 12:37:24,432 => INFO  NA.PMS.Common.Logger.LogService.LogInformation():24 - Executing Action: GetPaymentSchedule on Controller: PropertyAllotment For User : svamadmin.
2021-01-25 12:37:24,547 => INFO  NA.PMS.Common.Logger.LogService.LogInformation():24 - Executed Action: GetPaymentSchedule on Controller: PropertyAllotment For User : svamadmin.
2021-01-25 12:37:24,904 => INFO  NA.PMS.Common.Logger.LogService.LogInformation():24 - Executing Action: GetTransferHistoryDetail on Controller: PropertyRegistration For User : svamadmin.
2021-01-25 12:37:26,054 => INFO  NA.PMS.Common.Logger.LogService.LogInformation():24 - Executed Action: GetTransferHistoryDetail on Controller: PropertyRegistration For User : svamadmin.
2021-01-25 12:37:26,508 => INFO  NA.PMS.Common.Logger.LogService.LogInformation():24 - Executing Action: PropertyDetails on Controller: PropertyAllotment  For User : svamadmin Given Route: undefined.
2021-01-25 12:37:26,542 => INFO  NA.PMS.Common.Logger.LogService.LogInformation():24 - Executed Action: PropertyDetails on Controller: PropertyAllotment For User : svamadmin Given Route: undefined.
2021-01-25 12:37:26,594 => ERROR NA.PMS.Common.Logger.LogService.LogError():97 - Controller Exception
System.ArgumentException: The parameters dictionary contains a null entry for parameter 'Id' of non-nullable type 'System.Int32' for method 'System.Web.Mvc.ActionResult PropertyDetails(Int32)' in 'NA.PMS.Web.Areas.Property.Controllers.PropertyAllotmentController'. An optional parameter must be a reference type, a nullable type, or be declared as an optional parameter.
Parameter name: parameters
   at System.Web.Mvc.ActionDescriptor.ExtractParameterFromDictionary(ParameterInfo parameterInfo, IDictionary`2 parameters, MethodInfo methodInfo)
   at System.Web.Mvc.ReflectedActionDescriptor.Execute(ControllerContext controllerContext, IDictionary`2 parameters)
   at System.Web.Mvc.ControllerActionInvoker.InvokeActionMethod(ControllerContext controllerContext, ActionDescriptor actionDescriptor, IDictionary`2 parameters)
   at System.Web.Mvc.Async.AsyncControllerActionInvoker.ActionInvocation.InvokeSynchronousActionMethod()
   at System.Web.Mvc.Async.AsyncControllerActionInvoker.<BeginInvokeSynchronousActionMethod>b__39(IAsyncResult asyncResult, ActionInvocation innerInvokeState)
   at System.Web.Mvc.Async.AsyncResultWrapper.WrappedAsyncResult`2.CallEndDelegate(IAsyncResult asyncResult)
   at System.Web.Mvc.Async.AsyncResultWrapper.WrappedAsyncResultBase`1.End()
   at System.Web.Mvc.Async.AsyncResultWrapper.End[TResult](IAsyncResult asyncResult, Object tag)
   at System.Web.Mvc.Async.AsyncControllerActionInvoker.EndInvokeActionMethod(IAsyncResult asyncResult)
   at System.Web.Mvc.Async.AsyncControllerActionInvoker.AsyncInvocationWithFilters.<InvokeActionMethodFilterAsynchronouslyRecursive>b__3d()
   at System.Web.Mvc.Async.AsyncControllerActionInvoker.AsyncInvocationWithFilters.<>c__DisplayClass46.<InvokeActionMethodFilterAsynchronouslyRecursive>b__3f()
   at System.Web.Mvc.Async.AsyncControllerActionInvoker.AsyncInvocationWithFilters.<>c__DisplayClass46.<InvokeActionMethodFilterAsynchronouslyRecursive>b__3f()
   at System.Web.Mvc.Async.AsyncControllerActionInvoker.<>c__DisplayClass33.<BeginInvokeActionMethodWithFilters>b__32(IAsyncResult asyncResult)
   at System.Web.Mvc.Async.AsyncResultWrapper.WrappedAsyncResult`1.CallEndDelegate(IAsyncResult asyncResult)
   at System.Web.Mvc.Async.AsyncResultWrapper.WrappedAsyncResultBase`1.End()
   at System.Web.Mvc.Async.AsyncResultWrapper.End[TResult](IAsyncResult asyncResult, Object tag)
   at System.Web.Mvc.Async.AsyncControllerActionInvoker.EndInvokeActionMethodWithFilters(IAsyncResult asyncResult)
   at System.Web.Mvc.Async.AsyncControllerActionInvoker.<>c__DisplayClass21.<>c__DisplayClass2b.<BeginInvokeAction>b__1c()
   at System.Web.Mvc.Async.AsyncControllerActionInvoker.<>c__DisplayClass21.<BeginInvokeAction>b__1e(IAsyncResult asyncResult)
2021-01-25 12:37:26,626 => ERROR NA.PMS.Common.Logger.LogService.LogError():97 - Global Exception
System.ArgumentException: The parameters dictionary contains a null entry for parameter 'Id' of non-nullable type 'System.Int32' for method 'System.Web.Mvc.ActionResult PropertyDetails(Int32)' in 'NA.PMS.Web.Areas.Property.Controllers.PropertyAllotmentController'. An optional parameter must be a reference type, a nullable type, or be declared as an optional parameter.
Parameter name: parameters
   at System.Web.Mvc.ActionDescriptor.ExtractParameterFromDictionary(ParameterInfo parameterInfo, IDictionary`2 parameters, MethodInfo methodInfo)
   at System.Web.Mvc.ReflectedActionDescriptor.Execute(ControllerContext controllerContext, IDictionary`2 parameters)
   at System.Web.Mvc.ControllerActionInvoker.InvokeActionMethod(ControllerContext controllerContext, ActionDescriptor actionDescriptor, IDictionary`2 parameters)
   at System.Web.Mvc.Async.AsyncControllerActionInvoker.ActionInvocation.InvokeSynchronousActionMethod()
   at System.Web.Mvc.Async.AsyncControllerActionInvoker.<BeginInvokeSynchronousActionMethod>b__39(IAsyncResult asyncResult, ActionInvocation innerInvokeState)
   at System.Web.Mvc.Async.AsyncResultWrapper.WrappedAsyncResult`2.CallEndDelegate(IAsyncResult asyncResult)
   at System.Web.Mvc.Async.AsyncResultWrapper.WrappedAsyncResultBase`1.End()
   at System.Web.Mvc.Async.AsyncResultWrapper.End[TResult](IAsyncResult asyncResult, Object tag)
   at System.Web.Mvc.Async.AsyncControllerActionInvoker.EndInvokeActionMethod(IAsyncResult asyncResult)
   at System.Web.Mvc.Async.AsyncControllerActionInvoker.AsyncInvocationWithFilters.<InvokeActionMethodFilterAsynchronouslyRecursive>b__3d()
   at System.Web.Mvc.Async.AsyncControllerActionInvoker.AsyncInvocationWithFilters.<>c__DisplayClass46.<InvokeActionMethodFilterAsynchronouslyRecursive>b__3f()
   at System.Web.Mvc.Async.AsyncControllerActionInvoker.AsyncInvocationWithFilters.<>c__DisplayClass46.<InvokeActionMethodFilterAsynchronouslyRecursive>b__3f()
   at System.Web.Mvc.Async.AsyncControllerActionInvoker.<>c__DisplayClass33.<BeginInvokeActionMethodWithFilters>b__32(IAsyncResult asyncResult)
   at System.Web.Mvc.Async.AsyncResultWrapper.WrappedAsyncResult`1.CallEndDelegate(IAsyncResult asyncResult)
   at System.Web.Mvc.Async.AsyncResultWrapper.WrappedAsyncResultBase`1.End()
   at System.Web.Mvc.Async.AsyncResultWrapper.End[TResult](IAsyncResult asyncResult, Object tag)
   at System.Web.Mvc.Async.AsyncControllerActionInvoker.EndInvokeActionMethodWithFilters(IAsyncResult asyncResult)
   at System.Web.Mvc.Async.AsyncControllerActionInvoker.<>c__DisplayClass21.<>c__DisplayClass2b.<BeginInvokeAction>b__1c()
   at System.Web.Mvc.Async.AsyncControllerActionInvoker.<>c__DisplayClass21.<BeginInvokeAction>b__1e(IAsyncResult asyncResult)
   at System.Web.Mvc.Async.AsyncResultWrapper.WrappedAsyncResult`1.CallEndDelegate(IAsyncResult asyncResult)
   at System.Web.Mvc.Async.AsyncResultWrapper.WrappedAsyncResultBase`1.End()
   at System.Web.Mvc.Async.AsyncResultWrapper.End[TResult](IAsyncResult asyncResult, Object tag)
   at System.Web.Mvc.Async.AsyncControllerActionInvoker.EndInvokeAction(IAsyncResult asyncResult)
   at System.Web.Mvc.Controller.<BeginExecuteCore>b__1d(IAsyncResult asyncResult, ExecuteCoreState innerState)
   at System.Web.Mvc.Async.AsyncResultWrapper.WrappedAsyncVoid`1.CallEndDelegate(IAsyncResult asyncResult)
   at System.Web.Mvc.Async.AsyncResultWrapper.WrappedAsyncResultBase`1.End()
   at System.Web.Mvc.Async.AsyncResultWrapper.End[TResult](IAsyncResult asyncResult, Object tag)
   at System.Web.Mvc.Async.AsyncResultWrapper.End(IAsyncResult asyncResult, Object tag)
   at System.Web.Mvc.Controller.EndExecuteCore(IAsyncResult asyncResult)
   at System.Web.Mvc.Controller.<BeginExecute>b__15(IAsyncResult asyncResult, Controller controller)
   at System.Web.Mvc.Async.AsyncResultWrapper.WrappedAsyncVoid`1.CallEndDelegate(IAsyncResult asyncResult)
   at System.Web.Mvc.Async.AsyncResultWrapper.WrappedAsyncResultBase`1.End()
   at System.Web.Mvc.Async.AsyncResultWrapper.End[TResult](IAsyncResult asyncResult, Object tag)
   at System.Web.Mvc.Async.AsyncResultWrapper.End(IAsyncResult asyncResult, Object tag)
   at System.Web.Mvc.Controller.EndExecute(IAsyncResult asyncResult)
   at System.Web.Mvc.Controller.System.Web.Mvc.Async.IAsyncController.EndExecute(IAsyncResult asyncResult)
   at System.Web.Mvc.MvcHandler.<BeginProcessRequest>b__5(IAsyncResult asyncResult, ProcessRequestState innerState)
   at System.Web.Mvc.Async.AsyncResultWrapper.WrappedAsyncVoid`1.CallEndDelegate(IAsyncResult asyncResult)
   at System.Web.Mvc.Async.AsyncResultWrapper.WrappedAsyncResultBase`1.End()
   at System.Web.Mvc.Async.AsyncResultWrapper.End[TResult](IAsyncResult asyncResult, Object tag)
   at System.Web.Mvc.Async.AsyncResultWrapper.End(IAsyncResult asyncResult, Object tag)
   at System.Web.Mvc.MvcHandler.EndProcessRequest(IAsyncResult asyncResult)
   at System.Web.Mvc.MvcHandler.System.Web.IHttpAsyncHandler.EndProcessRequest(IAsyncResult result)
   at System.Web.HttpApplication.CallHandlerExecutionStep.System.Web.HttpApplication.IExecutionStep.Execute()
   at System.Web.HttpApplication.ExecuteStepImpl(IExecutionStep step)
   at System.Web.HttpApplication.ExecuteStep(IExecutionStep step, Boolean& completedSynchronously)
2021-01-25 12:37:37,933 => INFO  NA.PMS.Common.Logger.LogService.LogInformation():24 - Executing Action: CalculateInstallmentDuesById on Controller: Payment For User : svamadmin.
2021-01-25 12:42:01,621 => INFO  NA.PMS.Common.Logger.LogService.LogInformation():24 - Executing Action: Login on Controller: Account For User : svamadmin.
2021-01-25 12:42:01,763 => INFO  NA.PMS.Common.Logger.LogService.LogInformation():24 - Executed Action: Login on Controller: Account For User : svamadmin.
2021-01-25 12:55:01,872 => INFO  NA.PMS.Common.Logger.LogService.LogInformation():24 - Executing Action: Login on Controller: Account For User : svamadmin.
2021-01-25 12:55:02,027 => INFO  NA.PMS.Common.Logger.LogService.LogInformation():24 - Executed Action: Login on Controller: Account For User : svamadmin.
2021-01-25 12:55:41,432 => INFO  NA.PMS.Common.Logger.LogService.LogInformation():24 - Executing Action: GetMaritalStatusList on Controller: Application For User : svamadmin.
2021-01-25 12:55:41,491 => INFO  NA.PMS.Common.Logger.LogService.LogInformation():24 - Executed Action: GetMaritalStatusList on Controller: Application For User : svamadmin.
2021-01-25 12:55:41,545 => INFO  NA.PMS.Common.Logger.LogService.LogInformation():24 - Executing Action: GetOccupationList on Controller: Application For User : svamadmin.
2021-01-25 12:55:41,668 => INFO  NA.PMS.Common.Logger.LogService.LogInformation():24 - Executed Action: GetOccupationList on Controller: Application For User : svamadmin.
2021-01-25 12:55:41,879 => INFO  NA.PMS.Common.Logger.LogService.LogInformation():24 - Executing Action: GetGenderList on Controller: Application For User : svamadmin.
2021-01-25 12:55:41,900 => INFO  NA.PMS.Common.Logger.LogService.LogInformation():24 - Executed Action: GetGenderList on Controller: Application For User : svamadmin.
2021-01-25 12:55:42,018 => INFO  NA.PMS.Common.Logger.LogService.LogInformation():24 - Executing Action: GetCategoryList on Controller: Application For User : svamadmin.
2021-01-25 12:55:42,077 => INFO  NA.PMS.Common.Logger.LogService.LogInformation():24 - Executed Action: GetCategoryList on Controller: Application For User : svamadmin.
2021-01-25 13:30:31,096 => INFO  NA.PMS.Common.Logger.LogService.LogInformation():24 - Executing Action: GetGenderList on Controller: Application For User : .
2021-01-25 13:30:31,126 => INFO  NA.PMS.Common.Logger.LogService.LogInformation():24 - Executed Action: GetGenderList on Controller: Application For User : .
2021-01-25 13:30:32,124 => INFO  NA.PMS.Common.Logger.LogService.LogInformation():24 - Executing Action: GetMaritalStatusList on Controller: Application For User : .
2021-01-25 13:30:32,143 => INFO  NA.PMS.Common.Logger.LogService.LogInformation():24 - Executed Action: GetMaritalStatusList on Controller: Application For User : .
2021-01-25 13:30:32,639 => INFO  NA.PMS.Common.Logger.LogService.LogInformation():24 - Executing Action: GetOccupationList on Controller: Application For User : .
2021-01-25 13:30:32,686 => INFO  NA.PMS.Common.Logger.LogService.LogInformation():24 - Executed Action: GetOccupationList on Controller: Application For User : .
2021-01-25 13:30:33,139 => INFO  NA.PMS.Common.Logger.LogService.LogInformation():24 - Executing Action: GetCategoryList on Controller: Application For User : .
2021-01-25 13:30:33,194 => INFO  NA.PMS.Common.Logger.LogService.LogInformation():24 - Executed Action: GetCategoryList on Controller: Application For User : .
2021-01-25 13:31:34,191 => INFO  NA.PMS.Common.Logger.LogService.LogInformation():24 - Executing Action: GetOccupationList on Controller: Application For User : .
2021-01-25 13:31:34,263 => INFO  NA.PMS.Common.Logger.LogService.LogInformation():24 - Executed Action: GetOccupationList on Controller: Application For User : .
2021-01-25 13:31:35,185 => INFO  NA.PMS.Common.Logger.LogService.LogInformation():24 - Executing Action: GetGenderList on Controller: Application For User : .
2021-01-25 13:31:35,194 => INFO  NA.PMS.Common.Logger.LogService.LogInformation():24 - Executed Action: GetGenderList on Controller: Application For User : .
2021-01-25 13:31:35,701 => INFO  NA.PMS.Common.Logger.LogService.LogInformation():24 - Executing Action: GetMaritalStatusList on Controller: Application For User : .
2021-01-25 13:31:35,724 => INFO  NA.PMS.Common.Logger.LogService.LogInformation():24 - Executed Action: GetMaritalStatusList on Controller: Application For User : .
2021-01-25 13:31:36,202 => INFO  NA.PMS.Common.Logger.LogService.LogInformation():24 - Executing Action: GetCategoryList on Controller: Application For User : .
2021-01-25 13:31:36,260 => INFO  NA.PMS.Common.Logger.LogService.LogInformation():24 - Executed Action: GetCategoryList on Controller: Application For User : .
2021-01-25 13:35:59,910 => INFO  NA.PMS.Common.Logger.LogService.LogInformation():24 - Executing Action: GetOccupationList on Controller: Application For User : .
2021-01-25 13:35:59,958 => INFO  NA.PMS.Common.Logger.LogService.LogInformation():24 - Executed Action: GetOccupationList on Controller: Application For User : .
2021-01-25 13:36:00,341 => INFO  NA.PMS.Common.Logger.LogService.LogInformation():24 - Executing Action: GetMaritalStatusList on Controller: Application For User : .
2021-01-25 13:36:00,354 => INFO  NA.PMS.Common.Logger.LogService.LogInformation():24 - Executed Action: GetMaritalStatusList on Controller: Application For User : .
2021-01-25 13:36:00,842 => INFO  NA.PMS.Common.Logger.LogService.LogInformation():24 - Executing Action: GetGenderList on Controller: Application For User : .
2021-01-25 13:36:00,854 => INFO  NA.PMS.Common.Logger.LogService.LogInformation():24 - Executed Action: GetGenderList on Controller: Application For User : .
2021-01-25 13:36:01,342 => INFO  NA.PMS.Common.Logger.LogService.LogInformation():24 - Executing Action: GetCategoryList on Controller: Application For User : .
2021-01-25 13:36:01,399 => INFO  NA.PMS.Common.Logger.LogService.LogInformation():24 - Executed Action: GetCategoryList on Controller: Application For User : .
2021-01-25 13:41:53,897 => INFO  NA.PMS.Common.Logger.LogService.LogInformation():24 - Executing Action: GetApplicationFormIdForOfflinePayment on Controller: Payment For User : .
2021-01-25 13:41:54,114 => INFO  NA.PMS.Common.Logger.LogService.LogInformation():24 - Executed Action: GetApplicationFormIdForOfflinePayment on Controller: Payment For User : .
2021-01-25 13:42:02,001 => INFO  NA.PMS.Common.Logger.LogService.LogInformation():24 - Executing Action: GetGenderList on Controller: Application For User : .
2021-01-25 13:42:02,029 => INFO  NA.PMS.Common.Logger.LogService.LogInformation():24 - Executed Action: GetGenderList on Controller: Application For User : .
2021-01-25 13:42:03,019 => INFO  NA.PMS.Common.Logger.LogService.LogInformation():24 - Executing Action: GetMaritalStatusList on Controller: Application For User : .
2021-01-25 13:42:03,036 => INFO  NA.PMS.Common.Logger.LogService.LogInformation():24 - Executed Action: GetMaritalStatusList on Controller: Application For User : .
2021-01-25 13:42:03,519 => INFO  NA.PMS.Common.Logger.LogService.LogInformation():24 - Executing Action: GetCategoryList on Controller: Application For User : .
2021-01-25 13:42:03,580 => INFO  NA.PMS.Common.Logger.LogService.LogInformation():24 - Executed Action: GetCategoryList on Controller: Application For User : .
2021-01-25 13:42:04,026 => INFO  NA.PMS.Common.Logger.LogService.LogInformation():24 - Executing Action: GetOccupationList on Controller: Application For User : .
2021-01-25 13:42:04,068 => INFO  NA.PMS.Common.Logger.LogService.LogInformation():24 - Executed Action: GetOccupationList on Controller: Application For User : .
2021-01-25 13:44:14,220 => INFO  NA.PMS.Common.Logger.LogService.LogInformation():24 - Executing Action: GetCategoryList on Controller: Application For User : .
2021-01-25 13:44:14,314 => INFO  NA.PMS.Common.Logger.LogService.LogInformation():24 - Executed Action: GetCategoryList on Controller: Application For User : .
2021-01-25 13:44:15,217 => INFO  NA.PMS.Common.Logger.LogService.LogInformation():24 - Executing Action: GetGenderList on Controller: Application For User : .
2021-01-25 13:44:15,240 => INFO  NA.PMS.Common.Logger.LogService.LogInformation():24 - Executed Action: GetGenderList on Controller: Application For User : .
2021-01-25 13:44:15,745 => INFO  NA.PMS.Common.Logger.LogService.LogInformation():24 - Executing Action: GetMaritalStatusList on Controller: Application For User : .
2021-01-25 13:44:15,756 => INFO  NA.PMS.Common.Logger.LogService.LogInformation():24 - Executed Action: GetMaritalStatusList on Controller: Application For User : .
2021-01-25 13:44:16,267 => INFO  NA.PMS.Common.Logger.LogService.LogInformation():24 - Executing Action: GetOccupationList on Controller: Application For User : .
2021-01-25 13:44:16,307 => INFO  NA.PMS.Common.Logger.LogService.LogInformation():24 - Executed Action: GetOccupationList on Controller: Application For User : .
2021-01-25 13:45:56,950 => INFO  NA.PMS.Common.Logger.LogService.LogInformation():24 - Executing Action: GetApplicationFormIdForOfflinePayment on Controller: Payment For User : .
2021-01-25 13:45:57,155 => INFO  NA.PMS.Common.Logger.LogService.LogInformation():24 - Executed Action: GetApplicationFormIdForOfflinePayment on Controller: Payment For User : .
2021-01-25 13:46:02,009 => INFO  NA.PMS.Common.Logger.LogService.LogInformation():24 - Executing Action: GetGenderList on Controller: Application For User : .
2021-01-25 13:46:02,023 => INFO  NA.PMS.Common.Logger.LogService.LogInformation():24 - Executed Action: GetGenderList on Controller: Application For User : .
2021-01-25 13:46:02,053 => INFO  NA.PMS.Common.Logger.LogService.LogInformation():24 - Executing Action: GetCategoryList on Controller: Application For User : .
2021-01-25 13:46:02,150 => INFO  NA.PMS.Common.Logger.LogService.LogInformation():24 - Executed Action: GetCategoryList on Controller: Application For User : .
2021-01-25 13:46:02,536 => INFO  NA.PMS.Common.Logger.LogService.LogInformation():24 - Executing Action: GetMaritalStatusList on Controller: Application For User : .
2021-01-25 13:46:02,554 => INFO  NA.PMS.Common.Logger.LogService.LogInformation():24 - Executed Action: GetMaritalStatusList on Controller: Application For User : .
2021-01-25 13:46:02,575 => INFO  NA.PMS.Common.Logger.LogService.LogInformation():24 - Executing Action: GetOccupationList on Controller: Application For User : .
2021-01-25 13:46:02,749 => INFO  NA.PMS.Common.Logger.LogService.LogInformation():24 - Executed Action: GetOccupationList on Controller: Application For User : .
2021-01-25 13:55:32,209 => INFO  NA.PMS.Common.Logger.LogService.LogInformation():24 - Executing Action: GetOccupationList on Controller: Application For User : .
2021-01-25 13:55:32,498 => INFO  NA.PMS.Common.Logger.LogService.LogInformation():24 - Executed Action: GetOccupationList on Controller: Application For User : .
2021-01-25 13:55:32,997 => INFO  NA.PMS.Common.Logger.LogService.LogInformation():24 - Executing Action: GetCategoryList on Controller: Application For User : .
2021-01-25 13:55:38,280 => INFO  NA.PMS.Common.Logger.LogService.LogInformation():24 - Executed Action: GetCategoryList on Controller: Application For User : .
2021-01-25 13:55:38,527 => INFO  NA.PMS.Common.Logger.LogService.LogInformation():24 - Executing Action: GetGenderList on Controller: Application For User : .
2021-01-25 13:55:38,537 => INFO  NA.PMS.Common.Logger.LogService.LogInformation():24 - Executed Action: GetGenderList on Controller: Application For User : .
2021-01-25 13:55:39,091 => INFO  NA.PMS.Common.Logger.LogService.LogInformation():24 - Executing Action: GetMaritalStatusList on Controller: Application For User : .
2021-01-25 13:55:39,100 => INFO  NA.PMS.Common.Logger.LogService.LogInformation():24 - Executed Action: GetMaritalStatusList on Controller: Application For User : .
2021-01-25 14:07:20,660 => INFO  NA.PMS.Common.Logger.LogService.LogInformation():24 - Executing Action: GetGenderList on Controller: Application For User : .
2021-01-25 14:07:20,688 => INFO  NA.PMS.Common.Logger.LogService.LogInformation():24 - Executed Action: GetGenderList on Controller: Application For User : .
2021-01-25 14:07:20,714 => INFO  NA.PMS.Common.Logger.LogService.LogInformation():24 - Executing Action: GetOccupationList on Controller: Application For User : .
2021-01-25 14:07:20,787 => INFO  NA.PMS.Common.Logger.LogService.LogInformation():24 - Executed Action: GetOccupationList on Controller: Application For User : .
2021-01-25 14:07:21,183 => INFO  NA.PMS.Common.Logger.LogService.LogInformation():24 - Executing Action: GetMaritalStatusList on Controller: Application For User : .
2021-01-25 14:07:21,195 => INFO  NA.PMS.Common.Logger.LogService.LogInformation():24 - Executed Action: GetMaritalStatusList on Controller: Application For User : .
2021-01-25 14:07:21,704 => INFO  NA.PMS.Common.Logger.LogService.LogInformation():24 - Executing Action: GetCategoryList on Controller: Application For User : .
2021-01-25 14:07:21,751 => INFO  NA.PMS.Common.Logger.LogService.LogInformation():24 - Executed Action: GetCategoryList on Controller: Application For User : .
2021-01-25 14:08:29,914 => INFO  NA.PMS.Common.Logger.LogService.LogInformation():24 - Executing Action: GetGenderList on Controller: Application For User : .
2021-01-25 14:08:29,934 => INFO  NA.PMS.Common.Logger.LogService.LogInformation():24 - Executed Action: GetGenderList on Controller: Application For User : .
2021-01-25 14:08:30,428 => INFO  NA.PMS.Common.Logger.LogService.LogInformation():24 - Executing Action: GetCategoryList on Controller: Application For User : .
2021-01-25 14:08:30,507 => INFO  NA.PMS.Common.Logger.LogService.LogInformation():24 - Executed Action: GetCategoryList on Controller: Application For User : .
2021-01-25 14:08:30,933 => INFO  NA.PMS.Common.Logger.LogService.LogInformation():24 - Executing Action: GetMaritalStatusList on Controller: Application For User : .
2021-01-25 14:08:30,941 => INFO  NA.PMS.Common.Logger.LogService.LogInformation():24 - Executed Action: GetMaritalStatusList on Controller: Application For User : .
2021-01-25 14:08:30,963 => INFO  NA.PMS.Common.Logger.LogService.LogInformation():24 - Executing Action: GetOccupationList on Controller: Application For User : .
2021-01-25 14:08:31,023 => INFO  NA.PMS.Common.Logger.LogService.LogInformation():24 - Executed Action: GetOccupationList on Controller: Application For User : .
2021-01-25 14:10:02,748 => INFO  NA.PMS.Common.Logger.LogService.LogInformation():24 - Executing Action: GetCategoryList on Controller: Application For User : .
2021-01-25 14:10:02,819 => INFO  NA.PMS.Common.Logger.LogService.LogInformation():24 - Executed Action: GetCategoryList on Controller: Application For User : .
2021-01-25 14:10:03,247 => INFO  NA.PMS.Common.Logger.LogService.LogInformation():24 - Executing Action: GetMaritalStatusList on Controller: Application For User : .
2021-01-25 14:10:03,268 => INFO  NA.PMS.Common.Logger.LogService.LogInformation():24 - Executed Action: GetMaritalStatusList on Controller: Application For User : .
2021-01-25 14:10:03,746 => INFO  NA.PMS.Common.Logger.LogService.LogInformation():24 - Executing Action: GetGenderList on Controller: Application For User : .
2021-01-25 14:10:03,760 => INFO  NA.PMS.Common.Logger.LogService.LogInformation():24 - Executed Action: GetGenderList on Controller: Application For User : .
2021-01-25 14:10:04,280 => INFO  NA.PMS.Common.Logger.LogService.LogInformation():24 - Executing Action: GetOccupationList on Controller: Application For User : .
2021-01-25 14:10:04,339 => INFO  NA.PMS.Common.Logger.LogService.LogInformation():24 - Executed Action: GetOccupationList on Controller: Application For User : .
2021-01-25 14:11:13,589 => INFO  NA.PMS.Common.Logger.LogService.LogInformation():24 - Executing Action: GetOccupationList on Controller: Application For User : .
2021-01-25 14:11:13,675 => INFO  NA.PMS.Common.Logger.LogService.LogInformation():24 - Executed Action: GetOccupationList on Controller: Application For User : .
2021-01-25 14:11:14,058 => INFO  NA.PMS.Common.Logger.LogService.LogInformation():24 - Executing Action: GetGenderList on Controller: Application For User : .
2021-01-25 14:11:14,082 => INFO  NA.PMS.Common.Logger.LogService.LogInformation():24 - Executed Action: GetGenderList on Controller: Application For User : .
2021-01-25 14:11:14,575 => INFO  NA.PMS.Common.Logger.LogService.LogInformation():24 - Executing Action: GetMaritalStatusList on Controller: Application For User : .
2021-01-25 14:11:14,583 => INFO  NA.PMS.Common.Logger.LogService.LogInformation():24 - Executed Action: GetMaritalStatusList on Controller: Application For User : .
2021-01-25 14:11:14,608 => INFO  NA.PMS.Common.Logger.LogService.LogInformation():24 - Executing Action: GetCategoryList on Controller: Application For User : .
2021-01-25 14:11:15,583 => INFO  NA.PMS.Common.Logger.LogService.LogInformation():24 - Executed Action: GetCategoryList on Controller: Application For User : .
2021-01-25 15:52:05,628 => INFO  NA.PMS.Common.Logger.LogService.LogInformation():24 - Executing Action: Login on Controller: Account For User : .
2021-01-25 15:52:06,717 => INFO  NA.PMS.Common.Logger.LogService.LogInformation():24 - Executed Action: Login on Controller: Account For User : .
2021-01-25 15:57:10,328 => INFO  NA.PMS.Common.Logger.LogService.LogInformation():24 - Executing Action: GetFormTypeList on Controller: Application For User : .
2021-01-25 15:57:10,406 => INFO  NA.PMS.Common.Logger.LogService.LogInformation():24 - Executed Action: GetFormTypeList on Controller: Application For User : .
2021-01-25 15:57:10,830 => INFO  NA.PMS.Common.Logger.LogService.LogInformation():24 - Executing Action: GetApplicantTypeList on Controller: Application For User : .
2021-01-25 15:57:10,922 => INFO  NA.PMS.Common.Logger.LogService.LogInformation():24 - Executed Action: GetApplicantTypeList on Controller: Application For User : .
2021-01-25 15:57:11,391 => INFO  NA.PMS.Common.Logger.LogService.LogInformation():24 - Executing Action: GetFloorAreaList on Controller: Application For User : .
2021-01-25 15:57:11,501 => INFO  NA.PMS.Common.Logger.LogService.LogInformation():24 - Executed Action: GetFloorAreaList on Controller: Application For User : .
2021-01-25 15:57:11,888 => INFO  NA.PMS.Common.Logger.LogService.LogInformation():24 - Executing Action: GetDirectorTypeList on Controller: Application For User : .
2021-01-25 15:57:11,953 => INFO  NA.PMS.Common.Logger.LogService.LogInformation():24 - Executed Action: GetDirectorTypeList on Controller: Application For User : .
2021-01-25 15:57:12,419 => INFO  NA.PMS.Common.Logger.LogService.LogInformation():24 - Executing Action: GetSectorList on Controller: Application For User : .
2021-01-25 15:57:12,473 => INFO  NA.PMS.Common.Logger.LogService.LogInformation():24 - Executed Action: GetSectorList on Controller: Application For User : .
2021-01-25 16:11:27,277 => INFO  NA.PMS.Common.Logger.LogService.LogInformation():24 - Executing Action: GetApplicantTypeList on Controller: Application For User : .
2021-01-25 16:11:27,336 => INFO  NA.PMS.Common.Logger.LogService.LogInformation():24 - Executed Action: GetApplicantTypeList on Controller: Application For User : .
2021-01-25 16:11:27,792 => INFO  NA.PMS.Common.Logger.LogService.LogInformation():24 - Executing Action: GetFormTypeList on Controller: Application For User : .
2021-01-25 16:11:27,858 => INFO  NA.PMS.Common.Logger.LogService.LogInformation():24 - Executed Action: GetFormTypeList on Controller: Application For User : .
2021-01-25 16:11:28,312 => INFO  NA.PMS.Common.Logger.LogService.LogInformation():24 - Executing Action: GetDirectorTypeList on Controller: Application For User : .
2021-01-25 16:11:28,390 => INFO  NA.PMS.Common.Logger.LogService.LogInformation():24 - Executed Action: GetDirectorTypeList on Controller: Application For User : .
2021-01-25 16:11:28,813 => INFO  NA.PMS.Common.Logger.LogService.LogInformation():24 - Executing Action: GetSectorList on Controller: Application For User : .
2021-01-25 16:11:28,880 => INFO  NA.PMS.Common.Logger.LogService.LogInformation():24 - Executed Action: GetSectorList on Controller: Application For User : .
2021-01-25 16:11:29,313 => INFO  NA.PMS.Common.Logger.LogService.LogInformation():24 - Executing Action: GetFloorAreaList on Controller: Application For User : .
2021-01-25 16:11:29,423 => INFO  NA.PMS.Common.Logger.LogService.LogInformation():24 - Executed Action: GetFloorAreaList on Controller: Application For User : .
2021-01-25 16:18:08,109 => INFO  NA.PMS.Common.Logger.LogService.LogInformation():24 - Executing Action: GetApplicantTypeList on Controller: Application For User : .
2021-01-25 16:18:08,296 => INFO  NA.PMS.Common.Logger.LogService.LogInformation():24 - Executed Action: GetApplicantTypeList on Controller: Application For User : .
2021-01-25 16:18:08,440 => INFO  NA.PMS.Common.Logger.LogService.LogInformation():24 - Executing Action: GetFormTypeList on Controller: Application For User : .
2021-01-25 16:18:08,500 => INFO  NA.PMS.Common.Logger.LogService.LogInformation():24 - Executed Action: GetFormTypeList on Controller: Application For User : .
2021-01-25 16:18:08,747 => INFO  NA.PMS.Common.Logger.LogService.LogInformation():24 - Executing Action: GetFloorAreaList on Controller: Application For User : .
2021-01-25 16:18:08,854 => INFO  NA.PMS.Common.Logger.LogService.LogInformation():24 - Executed Action: GetFloorAreaList on Controller: Application For User : .
2021-01-25 16:18:09,246 => INFO  NA.PMS.Common.Logger.LogService.LogInformation():24 - Executing Action: GetDirectorTypeList on Controller: Application For User : .
2021-01-25 16:18:09,301 => INFO  NA.PMS.Common.Logger.LogService.LogInformation():24 - Executed Action: GetDirectorTypeList on Controller: Application For User : .
2021-01-25 16:18:09,766 => INFO  NA.PMS.Common.Logger.LogService.LogInformation():24 - Executing Action: GetSectorList on Controller: Application For User : .
2021-01-25 16:18:09,834 => INFO  NA.PMS.Common.Logger.LogService.LogInformation():24 - Executed Action: GetSectorList on Controller: Application For User : .
2021-01-25 16:18:56,711 => INFO  NA.PMS.Common.Logger.LogService.LogInformation():24 - Executing Action: GetApplicationFeeAndCharges on Controller: Application For User : .
2021-01-25 16:18:56,966 => INFO  NA.PMS.Common.Logger.LogService.LogInformation():24 - Executed Action: GetApplicationFeeAndCharges on Controller: Application For User : .
2021-01-25 16:18:58,755 => INFO  NA.PMS.Common.Logger.LogService.LogInformation():24 - Executing Action: GetCompanyTypeList on Controller: Application For User : .
2021-01-25 16:18:58,816 => INFO  NA.PMS.Common.Logger.LogService.LogInformation():24 - Executed Action: GetCompanyTypeList on Controller: Application For User : .
2021-01-25 16:18:58,846 => INFO  NA.PMS.Common.Logger.LogService.LogInformation():24 - Executing Action: GetCompanyTypeList on Controller: Application For User : .
2021-01-25 16:18:58,903 => INFO  NA.PMS.Common.Logger.LogService.LogInformation():24 - Executed Action: GetCompanyTypeList on Controller: Application For User : .
2021-01-25 16:25:47,783 => INFO  NA.PMS.Common.Logger.LogService.LogInformation():24 - Executing Action: GetFloorAreaList on Controller: Application For User : .
2021-01-25 16:25:47,925 => INFO  NA.PMS.Common.Logger.LogService.LogInformation():24 - Executed Action: GetFloorAreaList on Controller: Application For User : .
2021-01-25 16:25:48,295 => INFO  NA.PMS.Common.Logger.LogService.LogInformation():24 - Executing Action: GetSectorList on Controller: Application For User : .
2021-01-25 16:25:48,513 => INFO  NA.PMS.Common.Logger.LogService.LogInformation():24 - Executed Action: GetSectorList on Controller: Application For User : .
2021-01-25 16:25:48,796 => INFO  NA.PMS.Common.Logger.LogService.LogInformation():24 - Executing Action: GetDirectorTypeList on Controller: Application For User : .
2021-01-25 16:25:48,878 => INFO  NA.PMS.Common.Logger.LogService.LogInformation():24 - Executed Action: GetDirectorTypeList on Controller: Application For User : .
2021-01-25 16:25:49,296 => INFO  NA.PMS.Common.Logger.LogService.LogInformation():24 - Executing Action: GetApplicantTypeList on Controller: Application For User : .
2021-01-25 16:25:49,378 => INFO  NA.PMS.Common.Logger.LogService.LogInformation():24 - Executed Action: GetApplicantTypeList on Controller: Application For User : .
2021-01-25 16:25:49,799 => INFO  NA.PMS.Common.Logger.LogService.LogInformation():24 - Executing Action: GetFormTypeList on Controller: Application For User : .
2021-01-25 16:25:49,872 => INFO  NA.PMS.Common.Logger.LogService.LogInformation():24 - Executed Action: GetFormTypeList on Controller: Application For User : .
2021-01-25 16:58:58,085 => INFO  NA.PMS.Common.Logger.LogService.LogInformation():24 - Executing Action: GetApplicantTypeList on Controller: Application For User : .
2021-01-25 16:58:58,142 => INFO  NA.PMS.Common.Logger.LogService.LogInformation():24 - Executed Action: GetApplicantTypeList on Controller: Application For User : .
2021-01-25 16:58:58,624 => INFO  NA.PMS.Common.Logger.LogService.LogInformation():24 - Executing Action: GetFloorAreaList on Controller: Application For User : .
2021-01-25 16:58:58,706 => INFO  NA.PMS.Common.Logger.LogService.LogInformation():24 - Executed Action: GetFloorAreaList on Controller: Application For User : .
2021-01-25 16:58:59,126 => INFO  NA.PMS.Common.Logger.LogService.LogInformation():24 - Executing Action: GetSectorList on Controller: Application For User : .
2021-01-25 16:58:59,179 => INFO  NA.PMS.Common.Logger.LogService.LogInformation():24 - Executed Action: GetSectorList on Controller: Application For User : .
2021-01-25 16:58:59,637 => INFO  NA.PMS.Common.Logger.LogService.LogInformation():24 - Executing Action: GetDirectorTypeList on Controller: Application For User : .
2021-01-25 16:58:59,686 => INFO  NA.PMS.Common.Logger.LogService.LogInformation():24 - Executed Action: GetDirectorTypeList on Controller: Application For User : .
2021-01-25 16:59:01,635 => INFO  NA.PMS.Common.Logger.LogService.LogInformation():24 - Executing Action: GetCompanyTypeList on Controller: Application For User : .
2021-01-25 16:59:01,699 => INFO  NA.PMS.Common.Logger.LogService.LogInformation():24 - Executed Action: GetCompanyTypeList on Controller: Application For User : .
2021-01-25 16:59:01,729 => INFO  NA.PMS.Common.Logger.LogService.LogInformation():24 - Executing Action: GetCompanyTypeList on Controller: Application For User : .
2021-01-25 16:59:01,777 => INFO  NA.PMS.Common.Logger.LogService.LogInformation():24 - Executed Action: GetCompanyTypeList on Controller: Application For User : .
2021-01-25 16:59:06,652 => INFO  NA.PMS.Common.Logger.LogService.LogInformation():24 - Executing Action: GetApplicationFeeAndCharges on Controller: Application For User : .
2021-01-25 16:59:06,742 => INFO  NA.PMS.Common.Logger.LogService.LogInformation():24 - Executed Action: GetApplicationFeeAndCharges on Controller: Application For User : .
2021-01-25 17:02:49,262 => INFO  NA.PMS.Common.Logger.LogService.LogInformation():24 - Executing Action: GetApplicantTypeList on Controller: Application For User : .
2021-01-25 17:02:49,593 => INFO  NA.PMS.Common.Logger.LogService.LogInformation():24 - Executed Action: GetApplicantTypeList on Controller: Application For User : .
2021-01-25 17:02:49,812 => INFO  NA.PMS.Common.Logger.LogService.LogInformation():24 - Executing Action: GetFloorAreaList on Controller: Application For User : .
2021-01-25 17:02:49,925 => INFO  NA.PMS.Common.Logger.LogService.LogInformation():24 - Executed Action: GetFloorAreaList on Controller: Application For User : .
2021-01-25 17:02:50,314 => INFO  NA.PMS.Common.Logger.LogService.LogInformation():24 - Executing Action: GetDirectorTypeList on Controller: Application For User : .
2021-01-25 17:02:50,378 => INFO  NA.PMS.Common.Logger.LogService.LogInformation():24 - Executed Action: GetDirectorTypeList on Controller: Application For User : .
2021-01-25 17:05:25,708 => INFO  NA.PMS.Common.Logger.LogService.LogInformation():24 - Executing Action: GetApplicantTypeList on Controller: Application For User : .
2021-01-25 17:05:25,762 => INFO  NA.PMS.Common.Logger.LogService.LogInformation():24 - Executed Action: GetApplicantTypeList on Controller: Application For User : .
2021-01-25 17:05:26,238 => INFO  NA.PMS.Common.Logger.LogService.LogInformation():24 - Executing Action: GetDirectorTypeList on Controller: Application For User : .
2021-01-25 17:05:26,293 => INFO  NA.PMS.Common.Logger.LogService.LogInformation():24 - Executed Action: GetDirectorTypeList on Controller: Application For User : .
2021-01-25 17:05:26,753 => INFO  NA.PMS.Common.Logger.LogService.LogInformation():24 - Executing Action: GetFloorAreaList on Controller: Application For User : .
2021-01-25 17:05:26,850 => INFO  NA.PMS.Common.Logger.LogService.LogInformation():24 - Executed Action: GetFloorAreaList on Controller: Application For User : .
2021-01-25 17:05:27,296 => INFO  NA.PMS.Common.Logger.LogService.LogInformation():24 - Executing Action: GetBankListforOnline on Controller: Application For User : .
2021-01-25 17:05:27,375 => INFO  NA.PMS.Common.Logger.LogService.LogInformation():24 - Executed Action: GetBankListforOnline on Controller: Application For User : .
2021-01-25 17:47:42,952 => INFO  NA.PMS.Common.Logger.LogService.LogInformation():24 - Executing Action: GetDirectorTypeList on Controller: Application For User : .
2021-01-25 17:47:43,019 => INFO  NA.PMS.Common.Logger.LogService.LogInformation():24 - Executed Action: GetDirectorTypeList on Controller: Application For User : .
2021-01-25 17:47:43,465 => INFO  NA.PMS.Common.Logger.LogService.LogInformation():24 - Executing Action: GetFloorAreaList on Controller: Application For User : .
2021-01-25 17:47:43,551 => INFO  NA.PMS.Common.Logger.LogService.LogInformation():24 - Executed Action: GetFloorAreaList on Controller: Application For User : .
2021-01-25 17:47:43,966 => INFO  NA.PMS.Common.Logger.LogService.LogInformation():24 - Executing Action: GetApplicantTypeList on Controller: Application For User : .
2021-01-25 17:47:44,023 => INFO  NA.PMS.Common.Logger.LogService.LogInformation():24 - Executed Action: GetApplicantTypeList on Controller: Application For User : .
2021-01-25 17:47:44,493 => INFO  NA.PMS.Common.Logger.LogService.LogInformation():24 - Executing Action: GetBankListforOnline on Controller: Application For User : .
2021-01-25 17:47:44,553 => INFO  NA.PMS.Common.Logger.LogService.LogInformation():24 - Executed Action: GetBankListforOnline on Controller: Application For User : .
2021-01-25 17:50:34,474 => ERROR NA.PMS.Common.Logger.LogService.LogError():97 - Global Exception
System.Web.HttpCompileException (0x80004005): d:\TFSProject\NoidaAuthority\Source\NA.PMS\NA.PMS.Web\Areas\Online\Views\Industry\OpenEndSchemeForm.cshtml(466): error CS0746: Invalid anonymous type member declarator. Anonymous type members must be declared with a member assignment, simple name or member access.
   at System.Web.Compilation.AssemblyBuilder.Compile()
   at System.Web.Compilation.BuildProvidersCompiler.PerformBuild()
   at System.Web.Compilation.BuildManager.CompileWebFile(VirtualPath virtualPath)
   at System.Web.Compilation.BuildManager.GetVPathBuildResultInternal(VirtualPath virtualPath, Boolean noBuild, Boolean allowCrossApp, Boolean allowBuildInPrecompile, Boolean throwIfNotFound, Boolean ensureIsUpToDate)
   at System.Web.Compilation.BuildManager.GetVPathBuildResultWithNoAssert(HttpContext context, VirtualPath virtualPath, Boolean noBuild, Boolean allowCrossApp, Boolean allowBuildInPrecompile, Boolean throwIfNotFound, Boolean ensureIsUpToDate)
   at System.Web.Compilation.BuildManager.GetVirtualPathObjectFactory(VirtualPath virtualPath, HttpContext context, Boolean allowCrossApp, Boolean throwIfNotFound)
   at System.Web.Compilation.BuildManager.GetCompiledType(VirtualPath virtualPath)
   at System.Web.Compilation.BuildManager.GetCompiledType(String virtualPath)
   at System.Web.Mvc.BuildManagerWrapper.System.Web.Mvc.IBuildManager.GetCompiledType(String virtualPath)
   at System.Web.Mvc.BuildManagerCompiledView.Render(ViewContext viewContext, TextWriter writer)
   at System.Web.Mvc.ViewResultBase.ExecuteResult(ControllerContext context)
   at System.Web.Mvc.ControllerActionInvoker.InvokeActionResult(ControllerContext controllerContext, ActionResult actionResult)
   at System.Web.Mvc.ControllerActionInvoker.InvokeActionResultFilterRecursive(IList`1 filters, Int32 filterIndex, ResultExecutingContext preContext, ControllerContext controllerContext, ActionResult actionResult)
   at System.Web.Mvc.ControllerActionInvoker.InvokeActionResultFilterRecursive(IList`1 filters, Int32 filterIndex, ResultExecutingContext preContext, ControllerContext controllerContext, ActionResult actionResult)
   at System.Web.Mvc.ControllerActionInvoker.InvokeActionResultWithFilters(ControllerContext controllerContext, IList`1 filters, ActionResult actionResult)
   at System.Web.Mvc.Async.AsyncControllerActionInvoker.<>c__DisplayClass21.<>c__DisplayClass2b.<BeginInvokeAction>b__1c()
   at System.Web.Mvc.Async.AsyncControllerActionInvoker.<>c__DisplayClass21.<BeginInvokeAction>b__1e(IAsyncResult asyncResult)
   at System.Web.Mvc.Async.AsyncResultWrapper.WrappedAsyncResult`1.CallEndDelegate(IAsyncResult asyncResult)
   at System.Web.Mvc.Async.AsyncResultWrapper.WrappedAsyncResultBase`1.End()
   at System.Web.Mvc.Async.AsyncResultWrapper.End[TResult](IAsyncResult asyncResult, Object tag)
   at System.Web.Mvc.Async.AsyncControllerActionInvoker.EndInvokeAction(IAsyncResult asyncResult)
   at System.Web.Mvc.Controller.<BeginExecuteCore>b__1d(IAsyncResult asyncResult, ExecuteCoreState innerState)
   at System.Web.Mvc.Async.AsyncResultWrapper.WrappedAsyncVoid`1.CallEndDelegate(IAsyncResult asyncResult)
   at System.Web.Mvc.Async.AsyncResultWrapper.WrappedAsyncResultBase`1.End()
   at System.Web.Mvc.Async.AsyncResultWrapper.End[TResult](IAsyncResult asyncResult, Object tag)
   at System.Web.Mvc.Async.AsyncResultWrapper.End(IAsyncResult asyncResult, Object tag)
   at System.Web.Mvc.Controller.EndExecuteCore(IAsyncResult asyncResult)
   at System.Web.Mvc.Controller.<BeginExecute>b__15(IAsyncResult asyncResult, Controller controller)
   at System.Web.Mvc.Async.AsyncResultWrapper.WrappedAsyncVoid`1.CallEndDelegate(IAsyncResult asyncResult)
   at System.Web.Mvc.Async.AsyncResultWrapper.WrappedAsyncResultBase`1.End()
   at System.Web.Mvc.Async.AsyncResultWrapper.End[TResult](IAsyncResult asyncResult, Object tag)
   at System.Web.Mvc.Async.AsyncResultWrapper.End(IAsyncResult asyncResult, Object tag)
   at System.Web.Mvc.Controller.EndExecute(IAsyncResult asyncResult)
   at System.Web.Mvc.Controller.System.Web.Mvc.Async.IAsyncController.EndExecute(IAsyncResult asyncResult)
   at System.Web.Mvc.MvcHandler.<BeginProcessRequest>b__5(IAsyncResult asyncResult, ProcessRequestState innerState)
   at System.Web.Mvc.Async.AsyncResultWrapper.WrappedAsyncVoid`1.CallEndDelegate(IAsyncResult asyncResult)
   at System.Web.Mvc.Async.AsyncResultWrapper.WrappedAsyncResultBase`1.End()
   at System.Web.Mvc.Async.AsyncResultWrapper.End[TResult](IAsyncResult asyncResult, Object tag)
   at System.Web.Mvc.Async.AsyncResultWrapper.End(IAsyncResult asyncResult, Object tag)
   at System.Web.Mvc.MvcHandler.EndProcessRequest(IAsyncResult asyncResult)
   at System.Web.Mvc.MvcHandler.System.Web.IHttpAsyncHandler.EndProcessRequest(IAsyncResult result)
   at System.Web.HttpApplication.CallHandlerExecutionStep.System.Web.HttpApplication.IExecutionStep.Execute()
   at System.Web.HttpApplication.ExecuteStepImpl(IExecutionStep step)
   at System.Web.HttpApplication.ExecuteStep(IExecutionStep step, Boolean& completedSynchronously)
2021-01-25 17:50:37,493 => INFO  NA.PMS.Common.Logger.LogService.LogInformation():24 - Executing Action: Login on Controller: Account For User : .
2021-01-25 17:50:37,503 => INFO  NA.PMS.Common.Logger.LogService.LogInformation():24 - Executed Action: Login on Controller: Account For User : .
2021-01-25 17:51:03,122 => INFO  NA.PMS.Common.Logger.LogService.LogInformation():24 - Executing Action: GetApplicantTypeList on Controller: Application For User : .
2021-01-25 17:51:03,203 => INFO  NA.PMS.Common.Logger.LogService.LogInformation():24 - Executed Action: GetApplicantTypeList on Controller: Application For User : .
2021-01-25 17:51:03,230 => INFO  NA.PMS.Common.Logger.LogService.LogInformation():24 - Executing Action: GetBankListforOnline on Controller: Application For User : .
2021-01-25 17:51:03,281 => INFO  NA.PMS.Common.Logger.LogService.LogInformation():24 - Executed Action: GetBankListforOnline on Controller: Application For User : .
2021-01-25 17:51:03,689 => INFO  NA.PMS.Common.Logger.LogService.LogInformation():24 - Executing Action: GetFloorAreaList on Controller: Application For User : .
2021-01-25 17:51:03,837 => INFO  NA.PMS.Common.Logger.LogService.LogInformation():24 - Executed Action: GetFloorAreaList on Controller: Application For User : .
2021-01-25 17:51:04,185 => INFO  NA.PMS.Common.Logger.LogService.LogInformation():24 - Executing Action: GetDirectorTypeList on Controller: Application For User : .
2021-01-25 17:51:04,233 => INFO  NA.PMS.Common.Logger.LogService.LogInformation():24 - Executed Action: GetDirectorTypeList on Controller: Application For User : .
2021-01-25 18:00:43,465 => INFO  NA.PMS.Common.Logger.LogService.LogInformation():24 - Executing Action: GetApplicantTypeList on Controller: Application For User : .
2021-01-25 18:00:43,555 => INFO  NA.PMS.Common.Logger.LogService.LogInformation():24 - Executed Action: GetApplicantTypeList on Controller: Application For User : .
2021-01-25 18:00:44,502 => INFO  NA.PMS.Common.Logger.LogService.LogInformation():24 - Executing Action: GetFloorAreaList on Controller: Application For User : .
2021-01-25 18:00:44,600 => INFO  NA.PMS.Common.Logger.LogService.LogInformation():24 - Executed Action: GetFloorAreaList on Controller: Application For User : .
2021-01-25 18:00:45,028 => INFO  NA.PMS.Common.Logger.LogService.LogInformation():24 - Executing Action: GetBankListforOnline on Controller: Application For User : .
2021-01-25 18:00:45,082 => INFO  NA.PMS.Common.Logger.LogService.LogInformation():24 - Executed Action: GetBankListforOnline on Controller: Application For User : .
2021-01-25 18:00:45,558 => INFO  NA.PMS.Common.Logger.LogService.LogInformation():24 - Executing Action: GetDirectorTypeList on Controller: Application For User : .
2021-01-25 18:00:45,603 => INFO  NA.PMS.Common.Logger.LogService.LogInformation():24 - Executed Action: GetDirectorTypeList on Controller: Application For User : .
2021-01-25 18:02:03,005 => INFO  NA.PMS.Common.Logger.LogService.LogInformation():24 - Executing Action: GetApplicantTypeList on Controller: Application For User : .
2021-01-25 18:02:03,070 => INFO  NA.PMS.Common.Logger.LogService.LogInformation():24 - Executed Action: GetApplicantTypeList on Controller: Application For User : .
2021-01-25 18:02:03,529 => INFO  NA.PMS.Common.Logger.LogService.LogInformation():24 - Executing Action: GetFloorAreaList on Controller: Application For User : .
2021-01-25 18:02:03,630 => INFO  NA.PMS.Common.Logger.LogService.LogInformation():24 - Executed Action: GetFloorAreaList on Controller: Application For User : .
2021-01-25 18:02:04,046 => INFO  NA.PMS.Common.Logger.LogService.LogInformation():24 - Executing Action: GetDirectorTypeList on Controller: Application For User : .
2021-01-25 18:02:04,104 => INFO  NA.PMS.Common.Logger.LogService.LogInformation():24 - Executed Action: GetDirectorTypeList on Controller: Application For User : .
2021-01-25 18:02:04,546 => INFO  NA.PMS.Common.Logger.LogService.LogInformation():24 - Executing Action: GetBankListforOnline on Controller: Application For User : .
2021-01-25 18:02:04,597 => INFO  NA.PMS.Common.Logger.LogService.LogInformation():24 - Executed Action: GetBankListforOnline on Controller: Application For User : .
2021-01-25 18:04:20,537 => INFO  NA.PMS.Common.Logger.LogService.LogInformation():24 - Executing Action: GetApplicantTypeList on Controller: Application For User : .
2021-01-25 18:04:20,595 => INFO  NA.PMS.Common.Logger.LogService.LogInformation():24 - Executed Action: GetApplicantTypeList on Controller: Application For User : .
2021-01-25 18:04:21,064 => INFO  NA.PMS.Common.Logger.LogService.LogInformation():24 - Executing Action: GetFloorAreaList on Controller: Application For User : .
2021-01-25 18:04:21,170 => INFO  NA.PMS.Common.Logger.LogService.LogInformation():24 - Executed Action: GetFloorAreaList on Controller: Application For User : .
2021-01-25 18:04:21,583 => INFO  NA.PMS.Common.Logger.LogService.LogInformation():24 - Executing Action: GetBankListforOnline on Controller: Application For User : .
2021-01-25 18:04:21,645 => INFO  NA.PMS.Common.Logger.LogService.LogInformation():24 - Executed Action: GetBankListforOnline on Controller: Application For User : .
2021-01-25 18:04:22,085 => INFO  NA.PMS.Common.Logger.LogService.LogInformation():24 - Executing Action: GetDirectorTypeList on Controller: Application For User : .
2021-01-25 18:04:22,152 => INFO  NA.PMS.Common.Logger.LogService.LogInformation():24 - Executed Action: GetDirectorTypeList on Controller: Application For User : .
2021-01-25 18:06:38,817 => INFO  NA.PMS.Common.Logger.LogService.LogInformation():24 - Executing Action: GetApplicantTypeList on Controller: Application For User : .
2021-01-25 18:06:38,873 => INFO  NA.PMS.Common.Logger.LogService.LogInformation():24 - Executed Action: GetApplicantTypeList on Controller: Application For User : .
2021-01-25 18:06:39,346 => INFO  NA.PMS.Common.Logger.LogService.LogInformation():24 - Executing Action: GetFloorAreaList on Controller: Application For User : .
2021-01-25 18:06:39,438 => INFO  NA.PMS.Common.Logger.LogService.LogInformation():24 - Executed Action: GetFloorAreaList on Controller: Application For User : .
2021-01-25 18:06:39,858 => INFO  NA.PMS.Common.Logger.LogService.LogInformation():24 - Executing Action: GetDirectorTypeList on Controller: Application For User : .
2021-01-25 18:06:39,911 => INFO  NA.PMS.Common.Logger.LogService.LogInformation():24 - Executed Action: GetDirectorTypeList on Controller: Application For User : .
2021-01-25 18:06:40,357 => INFO  NA.PMS.Common.Logger.LogService.LogInformation():24 - Executing Action: GetBankListforOnline on Controller: Application For User : .
2021-01-25 18:06:40,415 => INFO  NA.PMS.Common.Logger.LogService.LogInformation():24 - Executed Action: GetBankListforOnline on Controller: Application For User : .
2021-01-25 18:08:04,003 => INFO  NA.PMS.Common.Logger.LogService.LogInformation():24 - Executing Action: GetApplicantTypeList on Controller: Application For User : .
2021-01-25 18:08:04,062 => INFO  NA.PMS.Common.Logger.LogService.LogInformation():24 - Executed Action: GetApplicantTypeList on Controller: Application For User : .
2021-01-25 18:08:04,517 => INFO  NA.PMS.Common.Logger.LogService.LogInformation():24 - Executing Action: GetFloorAreaList on Controller: Application For User : .
2021-01-25 18:08:04,613 => INFO  NA.PMS.Common.Logger.LogService.LogInformation():24 - Executed Action: GetFloorAreaList on Controller: Application For User : .
2021-01-25 18:08:05,020 => INFO  NA.PMS.Common.Logger.LogService.LogInformation():24 - Executing Action: GetDirectorTypeList on Controller: Application For User : .
2021-01-25 18:08:05,080 => INFO  NA.PMS.Common.Logger.LogService.LogInformation():24 - Executed Action: GetDirectorTypeList on Controller: Application For User : .
2021-01-25 18:08:05,520 => INFO  NA.PMS.Common.Logger.LogService.LogInformation():24 - Executing Action: GetBankListforOnline on Controller: Application For User : .
2021-01-25 18:08:05,590 => INFO  NA.PMS.Common.Logger.LogService.LogInformation():24 - Executed Action: GetBankListforOnline on Controller: Application For User : .
2021-01-25 18:11:58,560 => INFO  NA.PMS.Common.Logger.LogService.LogInformation():24 - Executing Action: GetDirectorTypeList on Controller: Application For User : .
2021-01-25 18:11:58,641 => INFO  NA.PMS.Common.Logger.LogService.LogInformation():24 - Executed Action: GetDirectorTypeList on Controller: Application For User : .
2021-01-25 18:11:59,047 => INFO  NA.PMS.Common.Logger.LogService.LogInformation():24 - Executing Action: GetApplicantTypeList on Controller: Application For User : .
2021-01-25 18:11:59,108 => INFO  NA.PMS.Common.Logger.LogService.LogInformation():24 - Executed Action: GetApplicantTypeList on Controller: Application For User : .
2021-01-25 18:11:59,560 => INFO  NA.PMS.Common.Logger.LogService.LogInformation():24 - Executing Action: GetFloorAreaList on Controller: Application For User : .
2021-01-25 18:11:59,657 => INFO  NA.PMS.Common.Logger.LogService.LogInformation():24 - Executed Action: GetFloorAreaList on Controller: Application For User : .
2021-01-25 18:12:00,092 => INFO  NA.PMS.Common.Logger.LogService.LogInformation():24 - Executing Action: GetBankListforOnline on Controller: Application For User : .
2021-01-25 18:12:00,152 => INFO  NA.PMS.Common.Logger.LogService.LogInformation():24 - Executed Action: GetBankListforOnline on Controller: Application For User : .
2021-01-25 18:12:59,557 => INFO  NA.PMS.Common.Logger.LogService.LogInformation():24 - Executing Action: GetApplicantTypeList on Controller: Application For User : .
2021-01-25 18:12:59,603 => INFO  NA.PMS.Common.Logger.LogService.LogInformation():24 - Executed Action: GetApplicantTypeList on Controller: Application For User : .
2021-01-25 18:13:00,074 => INFO  NA.PMS.Common.Logger.LogService.LogInformation():24 - Executing Action: GetDirectorTypeList on Controller: Application For User : .
2021-01-25 18:13:00,119 => INFO  NA.PMS.Common.Logger.LogService.LogInformation():24 - Executed Action: GetDirectorTypeList on Controller: Application For User : .
2021-01-25 18:13:00,575 => INFO  NA.PMS.Common.Logger.LogService.LogInformation():24 - Executing Action: GetBankListforOnline on Controller: Application For User : .
2021-01-25 18:13:00,636 => INFO  NA.PMS.Common.Logger.LogService.LogInformation():24 - Executed Action: GetBankListforOnline on Controller: Application For User : .
2021-01-25 18:13:01,091 => INFO  NA.PMS.Common.Logger.LogService.LogInformation():24 - Executing Action: GetFloorAreaList on Controller: Application For User : .
2021-01-25 18:13:01,191 => INFO  NA.PMS.Common.Logger.LogService.LogInformation():24 - Executed Action: GetFloorAreaList on Controller: Application For User : .
2021-01-25 18:18:09,429 => INFO  NA.PMS.Common.Logger.LogService.LogInformation():24 - Executing Action: GetApplicantTypeList on Controller: Application For User : .
2021-01-25 18:18:09,503 => INFO  NA.PMS.Common.Logger.LogService.LogInformation():24 - Executed Action: GetApplicantTypeList on Controller: Application For User : .
2021-01-25 18:18:09,954 => INFO  NA.PMS.Common.Logger.LogService.LogInformation():24 - Executing Action: GetFloorAreaList on Controller: Application For User : .
2021-01-25 18:18:10,072 => INFO  NA.PMS.Common.Logger.LogService.LogInformation():24 - Executed Action: GetFloorAreaList on Controller: Application For User : .
2021-01-25 18:18:10,450 => INFO  NA.PMS.Common.Logger.LogService.LogInformation():24 - Executing Action: GetDirectorTypeList on Controller: Application For User : .
2021-01-25 18:18:10,494 => INFO  NA.PMS.Common.Logger.LogService.LogInformation():24 - Executed Action: GetDirectorTypeList on Controller: Application For User : .
2021-01-25 18:18:10,531 => INFO  NA.PMS.Common.Logger.LogService.LogInformation():24 - Executing Action: GetBankListforOnline on Controller: Application For User : .
2021-01-25 18:18:10,573 => INFO  NA.PMS.Common.Logger.LogService.LogInformation():24 - Executed Action: GetBankListforOnline on Controller: Application For User : .
